Component: ARM Compiler 5.06 update 5 (build 528) Tool: armlink [4d35e2]

==============================================================================

Section Cross References

    startup_hc32f460.o(RESET) refers to startup_hc32f460.o(STACK) for __initial_sp
    startup_hc32f460.o(RESET) refers to startup_hc32f460.o(.text) for Reset_Handler
    startup_hc32f460.o(RESET) refers to sys_clock.o(i.SysTick_Handler) for SysTick_Handler
    startup_hc32f460.o(RESET) refers to hc32_ll_interrupts.o(i.IRQ000_Handler) for IRQ000_Handler
    startup_hc32f460.o(RESET) refers to hc32_ll_interrupts.o(i.IRQ001_Handler) for IRQ001_Handler
    startup_hc32f460.o(RESET) refers to hc32_ll_interrupts.o(i.IRQ002_Handler) for IRQ002_Handler
    startup_hc32f460.o(RESET) refers to hc32_ll_interrupts.o(i.IRQ003_Handler) for IRQ003_Handler
    startup_hc32f460.o(RESET) refers to hc32_ll_interrupts.o(i.IRQ004_Handler) for IRQ004_Handler
    startup_hc32f460.o(RESET) refers to hc32_ll_interrupts.o(i.IRQ005_Handler) for IRQ005_Handler
    startup_hc32f460.o(RESET) refers to hc32_ll_interrupts.o(i.IRQ006_Handler) for IRQ006_Handler
    startup_hc32f460.o(RESET) refers to hc32_ll_interrupts.o(i.IRQ007_Handler) for IRQ007_Handler
    startup_hc32f460.o(RESET) refers to hc32_ll_interrupts.o(i.IRQ008_Handler) for IRQ008_Handler
    startup_hc32f460.o(RESET) refers to hc32_ll_interrupts.o(i.IRQ009_Handler) for IRQ009_Handler
    startup_hc32f460.o(RESET) refers to hc32_ll_interrupts.o(i.IRQ010_Handler) for IRQ010_Handler
    startup_hc32f460.o(RESET) refers to hc32_ll_interrupts.o(i.IRQ011_Handler) for IRQ011_Handler
    startup_hc32f460.o(RESET) refers to hc32_ll_interrupts.o(i.IRQ012_Handler) for IRQ012_Handler
    startup_hc32f460.o(RESET) refers to hc32_ll_interrupts.o(i.IRQ013_Handler) for IRQ013_Handler
    startup_hc32f460.o(RESET) refers to hc32_ll_interrupts.o(i.IRQ014_Handler) for IRQ014_Handler
    startup_hc32f460.o(RESET) refers to hc32_ll_interrupts.o(i.IRQ015_Handler) for IRQ015_Handler
    startup_hc32f460.o(RESET) refers to hc32_ll_interrupts.o(i.IRQ016_Handler) for IRQ016_Handler
    startup_hc32f460.o(RESET) refers to hc32_ll_interrupts.o(i.IRQ017_Handler) for IRQ017_Handler
    startup_hc32f460.o(RESET) refers to hc32_ll_interrupts.o(i.IRQ018_Handler) for IRQ018_Handler
    startup_hc32f460.o(RESET) refers to hc32_ll_interrupts.o(i.IRQ019_Handler) for IRQ019_Handler
    startup_hc32f460.o(RESET) refers to hc32_ll_interrupts.o(i.IRQ020_Handler) for IRQ020_Handler
    startup_hc32f460.o(RESET) refers to hc32_ll_interrupts.o(i.IRQ021_Handler) for IRQ021_Handler
    startup_hc32f460.o(RESET) refers to hc32_ll_interrupts.o(i.IRQ022_Handler) for IRQ022_Handler
    startup_hc32f460.o(RESET) refers to hc32_ll_interrupts.o(i.IRQ023_Handler) for IRQ023_Handler
    startup_hc32f460.o(RESET) refers to hc32_ll_interrupts.o(i.IRQ024_Handler) for IRQ024_Handler
    startup_hc32f460.o(RESET) refers to hc32_ll_interrupts.o(i.IRQ025_Handler) for IRQ025_Handler
    startup_hc32f460.o(RESET) refers to hc32_ll_interrupts.o(i.IRQ026_Handler) for IRQ026_Handler
    startup_hc32f460.o(RESET) refers to hc32_ll_interrupts.o(i.IRQ027_Handler) for IRQ027_Handler
    startup_hc32f460.o(RESET) refers to hc32_ll_interrupts.o(i.IRQ028_Handler) for IRQ028_Handler
    startup_hc32f460.o(RESET) refers to hc32_ll_interrupts.o(i.IRQ029_Handler) for IRQ029_Handler
    startup_hc32f460.o(RESET) refers to hc32_ll_interrupts.o(i.IRQ030_Handler) for IRQ030_Handler
    startup_hc32f460.o(RESET) refers to hc32_ll_interrupts.o(i.IRQ031_Handler) for IRQ031_Handler
    startup_hc32f460.o(RESET) refers to hc32_ll_interrupts.o(i.IRQ032_Handler) for IRQ032_Handler
    startup_hc32f460.o(RESET) refers to hc32_ll_interrupts.o(i.IRQ033_Handler) for IRQ033_Handler
    startup_hc32f460.o(RESET) refers to hc32_ll_interrupts.o(i.IRQ034_Handler) for IRQ034_Handler
    startup_hc32f460.o(RESET) refers to hc32_ll_interrupts.o(i.IRQ035_Handler) for IRQ035_Handler
    startup_hc32f460.o(RESET) refers to hc32_ll_interrupts.o(i.IRQ036_Handler) for IRQ036_Handler
    startup_hc32f460.o(RESET) refers to hc32_ll_interrupts.o(i.IRQ037_Handler) for IRQ037_Handler
    startup_hc32f460.o(RESET) refers to hc32_ll_interrupts.o(i.IRQ038_Handler) for IRQ038_Handler
    startup_hc32f460.o(RESET) refers to hc32_ll_interrupts.o(i.IRQ039_Handler) for IRQ039_Handler
    startup_hc32f460.o(RESET) refers to hc32_ll_interrupts.o(i.IRQ040_Handler) for IRQ040_Handler
    startup_hc32f460.o(RESET) refers to hc32_ll_interrupts.o(i.IRQ041_Handler) for IRQ041_Handler
    startup_hc32f460.o(RESET) refers to hc32_ll_interrupts.o(i.IRQ042_Handler) for IRQ042_Handler
    startup_hc32f460.o(RESET) refers to hc32_ll_interrupts.o(i.IRQ043_Handler) for IRQ043_Handler
    startup_hc32f460.o(RESET) refers to hc32_ll_interrupts.o(i.IRQ044_Handler) for IRQ044_Handler
    startup_hc32f460.o(RESET) refers to hc32_ll_interrupts.o(i.IRQ045_Handler) for IRQ045_Handler
[...]
    .data                                    0x1fff820c   Section       16  g.o(.data)
    .data                                    0x1fff821c   Section       16  app_main.o(.data)
    last_bg_type                             0x1fff821c   Data           1  app_main.o(.data)
    abnormal_cnt                             0x1fff821d   Data           1  app_main.o(.data)
    timer                                    0x1fff8220   Data           4  app_main.o(.data)
    timer                                    0x1fff8224   Data           4  app_main.o(.data)
    commTimerOut                             0x1fff8228   Data           4  app_main.o(.data)
    .data                                    0x1fff822c   Section        8  hc32_ll_utility.o(.data)
    m_u32TickStep                            0x1fff822c   Data           4  hc32_ll_utility.o(.data)
    m_u32TickCount                           0x1fff8230   Data           4  hc32_ll_utility.o(.data)
    .data                                    0x1fff8234   Section        4  ev_hc32f460_lqfp100_v2.o(.data)
    m_u32GlobalKey                           0x1fff8234   Data           4  ev_hc32f460_lqfp100_v2.o(.data)
    .data                                    0x1fff8238   Section        1  qs_log_backend_rtt.o(.data)
    m_host_present                           0x1fff8238   Data           1  qs_log_backend_rtt.o(.data)
    .data                                    0x1fff823c   Section        4  sys_clock.o(.data)
    msTicks                                  0x1fff823c   Data           4  sys_clock.o(.data)
    .data                                    0x1fff8240   Section        4  sys_uart.o(.data)
    .data                                    0x1fff8244   Section        6  sys_uart.o(.data)
    .bss                                     0x1fff824c   Section       16  g.o(.bss)
    .bss                                     0x1fff825c   Section       20  app_main.o(.bss)
    buff                                     0x1fff825c   Data          20  app_main.o(.bss)
    .bss                                     0x1fff8270   Section      512  hc32_ll_interrupts.o(.bss)
    m_apfnIrqHandler                         0x1fff8270   Data         512  hc32_ll_interrupts.o(.bss)
    .bss                                     0x1fff8470   Section      440  segger_rtt.o(.bss)
    _acUpBuffer                              0x1fff8518   Data         256  segger_rtt.o(.bss)
    _acDownBuffer                            0x1fff8618   Data          16  segger_rtt.o(.bss)
    .bss                                     0x1fff8628   Section      256  qs_log.o(.bss)
    m_log_buffer                             0x1fff8628   Data         256  qs_log.o(.bss)
    .bss                                     0x1fff8728   Section      160  sys_uart.o(.bss)
    STACK                                    0x1fff87c8   Section     8192  startup_hc32f460.o(STACK)

    Global Symbols

    Symbol Name                              Value     Ov Type        Size  Object(Section)

    BuildAttributes$$THM_ISAv4$E$P$D$K$B$S$7EM$PE$A:L22UL41UL21$X:L11$S22US41US21$IEEE1$IW$USESV6$~STKCKD$USESV7$~SHL$OTIME$ROPI$EBA8$MICROLIB$REQ8$PRES8$EABIv2 0x00000000   Number         0  anon$$obj.o ABSOLUTE
    __ARM_use_no_argv                        0x00000000   Number         0  main.o ABSOLUTE
    __Vectors                                0x00000000   Data           4  startup_hc32f460.o(RESET)
    __use_no_errno                           0x00000000   Number         0  useno.o ABSOLUTE
    __use_no_exception_handling              0x00000000   Number         0  useno.o ABSOLUTE
    __use_no_fp                              0x00000000   Number         0  useno.o ABSOLUTE
    __use_no_heap                            0x00000000   Number         0  useno.o ABSOLUTE
    __use_no_heap_region                     0x00000000   Number         0  useno.o ABSOLUTE
    __use_no_semihosting                     0x00000000   Number         0  useno.o ABSOLUTE
    __use_no_semihosting_swi                 0x00000000   Number         0  useno.o ABSOLUTE
    __use_no_signal_handling                 0x00000000   Number         0  useno.o ABSOLUTE
    _printf_a                                0x00000000   Number         0  stubs.o ABSOLUTE
    _printf_c                                0x00000000   Number         0  stubs.o ABSOLUTE
    _printf_charcount                        0x00000000   Number         0  stubs.o ABSOLUTE
    _printf_d                                0x00000000   Number         0  stubs.o ABSOLUTE
    _printf_e                                0x00000000   Number         0  stubs.o ABSOLUTE
    _printf_f                                0x00000000   Number         0  stubs.o ABSOLUTE
    _printf_flags                            0x00000000   Number         0  stubs.o ABSOLUTE
    _printf_fp_dec                           0x00000000   Number         0  stubs.o ABSOLUTE
    _printf_fp_hex                           0x00000000   Number         0  stubs.o ABSOLUTE
    _printf_g                                0x00000000   Number         0  stubs.o ABSOLUTE
    _printf_i                                0x00000000   Number         0  stubs.o ABSOLUTE
    _printf_int_dec                          0x00000000   Number         0  stubs.o ABSOLUTE
    _printf_l                                0x00000000   Number         0  stubs.o ABSOLUTE
    _printf_lc                               0x00000000   Number         0  stubs.o ABSOLUTE
    _printf_ll                               0x00000000   Number         0  stubs.o ABSOLUTE
    _printf_lld                              0x00000000   Number         0  stubs.o ABSOLUTE
    _printf_lli                              0x00000000   Number         0  stubs.o ABSOLUTE
    _printf_llo                              0x00000000   Number         0  stubs.o ABSOLUTE
    _printf_llu                              0x00000000   Number         0  stubs.o ABSOLUTE
    _printf_llx                              0x00000000   Number         0  stubs.o ABSOLUTE
    _printf_longlong_dec                     0x00000000   Number         0  stubs.o ABSOLUTE
    _printf_longlong_hex                     0x00000000   Number         0  stubs.o ABSOLUTE
    _printf_longlong_oct                     0x00000000   Number         0  stubs.o ABSOLUTE
    _printf_ls                               0x00000000   Number         0  stubs.o ABSOLUTE
    _printf_mbtowc                           0x00000000   Number         0  stubs.o ABSOLUTE
    _printf_n                                0x00000000   Number         0  stubs.o ABSOLUTE
    _printf_o                                0x00000000   Number         0  stubs.o ABSOLUTE
    _printf_p                                0x00000000   Number         0  stubs.o ABSOLUTE
    _printf_percent                          0x00000000   Number         0  stubs.o ABSOLUTE
    _printf_pre_padding                      0x00000000   Number         0  stubs.o ABSOLUTE
    _printf_return_value                     0x00000000   Number         0  stubs.o ABSOLUTE
    _printf_s                                0x00000000   Number         0  stubs.o ABSOLUTE
    _printf_sizespec                         0x00000000   Number         0  stubs.o ABSOLUTE
    _printf_str                              0x00000000   Number         0  stubs.o ABSOLUTE
    _printf_truncate_signed                  0x00000000   Number         0  stubs.o ABSOLUTE
    _printf_truncate_unsigned                0x00000000   Number         0  stubs.o ABSOLUTE
    _printf_u                                0x00000000   Number         0  stubs.o ABSOLUTE
    _printf_wc                               0x00000000   Number         0  stubs.o ABSOLUTE
    _printf_wctomb                           0x00000000   Number         0  stubs.o ABSOLUTE
    _printf_widthprec                        0x00000000   Number         0  stubs.o ABSOLUTE
    _printf_x                                0x00000000   Number         0  stubs.o ABSOLUTE
    __cpp_initialize__aeabi_                  - Undefined Weak Reference
    __cxa_finalize                            - Undefined Weak Reference
    _clock_init                               - Undefined Weak Reference
    _microlib_exit                            - Undefined Weak Reference
    __Vectors_End                            0x00000280   Data           0  startup_hc32f460.o(RESET)
    __Vectors_Size                           0x00000280   Number         0  startup_hc32f460.o ABSOLUTE
    __main                                   0x00000281   Thumb Code     0  entry.o(.ARM.Collect$$$$00000000)
    _main_stk                                0x00000281   Thumb Code     0  entry2.o(.ARM.Collect$$$$00000001)
    _main_scatterload                        0x00000285   Thumb Code     0  entry5.o(.ARM.Collect$$$$00000004)
    __main_after_scatterload                 0x00000289   Thumb Code     0  entry5.o(.ARM.Collect$$$$00000004)
    _main_clock                              0x00000289   Thumb Code     0  entry7b.o(.ARM.Collect$$$$00000008)
    _main_cpp_init                           0x00000289   Thumb Code     0  entry8b.o(.ARM.Collect$$$$0000000A)
    _main_init                               0x00000289   Thumb Code     0  entry9a.o(.ARM.Collect$$$$0000000B)
    __rt_final_cpp                           0x00000291   Thumb Code     0  entry10a.o(.ARM.Collect$$$$0000000D)
    __rt_final_exit                          0x00000291   Thumb Code     0  entry11a.o(.ARM.Collect$$$$0000000F)
    Reset_Handler                            0x00000295   Thumb Code    56  startup_hc32f460.o(.text)
    NMI_Handler                              0x000002cd   Thumb Code     2  startup_hc32f460.o(.text)
    HardFault_Handler                        0x000002cf   Thumb Code     2  startup_hc32f460.o(.text)
    MemManage_Handler                        0x000002d1   Thumb Code     2  startup_hc32f460.o(.text)
    BusFault_Handler                         0x000002d3   Thumb Code     2  startup_hc32f460.o(.text)
    UsageFault_Handler                       0x000002d5   Thumb Code     2  startup_hc32f460.o(.text)
    SVC_Handler                              0x000002d7   Thumb Code     2  startup_hc32f460.o(.text)
    DebugMon_Handler                         0x000002d9   Thumb Code     2  startup_hc32f460.o(.text)
    PendSV_Handler                           0x000002db   Thumb Code     2  startup_hc32f460.o(.text)
    IRQ128_Handler                           0x000002df   Thumb Code     0  startup_hc32f460.o(.text)
    IRQ129_Handler                           0x000002df   Thumb Code     0  startup_hc32f460.o(.text)
    IRQ130_Handler                           0x000002df   Thumb Code     0  startup_hc32f460.o(.text)
    IRQ131_Handler                           0x000002df   Thumb Code     0  startup_hc32f460.o(.text)
    IRQ132_Handler                           0x000002df   Thumb Code     0  startup_hc32f460.o(.text)
    IRQ133_Handler                           0x000002df   Thumb Code     0  startup_hc32f460.o(.text)
    IRQ134_Handler                           0x000002df   Thumb Code     0  startup_hc32f460.o(.text)
    IRQ135_Handler                           0x000002df   Thumb Code     0  startup_hc32f460.o(.text)
    IRQ136_Handler                           0x000002df   Thumb Code     0  startup_hc32f460.o(.text)
    IRQ137_Handler                           0x000002df   Thumb Code     0  startup_hc32f460.o(.text)
    IRQ138_Handler                           0x000002df   Thumb Code     0  startup_hc32f460.o(.text)
    IRQ139_Handler                           0x000002df   Thumb Code     0  startup_hc32f460.o(.text)
    IRQ140_Handler                           0x000002df   Thumb Code     0  startup_hc32f460.o(.text)
    IRQ141_Handler                           0x000002df   Thumb Code     0  startup_hc32f460.o(.text)
    IRQ142_Handler                           0x000002df   Thumb Code     0  startup_hc32f460.o(.text)
    IRQ143_Handler                           0x000002df   Thumb Code     0  startup_hc32f460.o(.text)
    __aeabi_uldivmod                         0x000002f9   Thumb Code    98  uldiv.o(.text)
    __aeabi_memcpy                           0x0000035b   Thumb Code    36  memcpya.o(.text)
    __aeabi_memcpy4                          0x0000035b   Thumb Code     0  memcpya.o(.text)
    __aeabi_memcpy8                          0x0000035b   Thumb Code     0  memcpya.o(.text)
    __aeabi_memset                           0x0000037f   Thumb Code    14  memseta.o(.text)
    __aeabi_memset4                          0x0000037f   Thumb Code     0  memseta.o(.text)
    __aeabi_memset8                          0x0000037f   Thumb Code     0  memseta.o(.text)
    __aeabi_memclr                           0x0000038d   Thumb Code     4  memseta.o(.text)
    __aeabi_memclr4                          0x0000038d   Thumb Code     0  memseta.o(.text)
    __aeabi_memclr8                          0x0000038d   Thumb Code     0  memseta.o(.text)
    _memset$wrapper                          0x00000391   Thumb Code    18  memseta.o(.text)
    strlen                                   0x000003a3   Thumb Code    14  strlen.o(.text)
    strncmp                                  0x000003b1   Thumb Code    30  strncmp.o(.text)
    __aeabi_ui2d                             0x000003cf   Thumb Code    26  dfltui.o(.text)
    __aeabi_ul2d                             0x000003e9   Thumb Code    24  dfltul.o(.text)
    u32ICGValue                              0x00000400   Data          32  hc32_ll_icg.o(.ARM.__AT_0x00000400)
    __aeabi_fadd                             0x00000421   Thumb Code   164  fadd.o(.text)
    __aeabi_fsub                             0x000004c5   Thumb Code     6  fadd.o(.text)
    __aeabi_frsub                            0x000004cb   Thumb Code     6  fadd.o(.text)
    __aeabi_ddiv                             0x000004d1   Thumb Code   222  ddiv.o(.text)
    __aeabi_d2f                              0x000005af   Thumb Code    56  d2f.o(.text)
    __aeabi_uidiv                            0x000005e7   Thumb Code     0  uidiv.o(.text)
    __aeabi_uidivmod                         0x000005e7   Thumb Code    44  uidiv.o(.text)
    __aeabi_llsl                             0x00000613   Thumb Code    30  llshl.o(.text)
    _ll_shift_l                              0x00000613   Thumb Code     0  llshl.o(.text)
    __aeabi_llsr                             0x00000631   Thumb Code    32  llushr.o(.text)
    _ll_ushift_r                             0x00000631   Thumb Code     0  llushr.o(.text)
    __I$use$fp                               0x00000651   Thumb Code     0  iusefp.o(.text)
    _float_round                             0x00000651   Thumb Code    18  fepilogue.o(.text)
    _float_epilogue                          0x00000663   Thumb Code    92  fepilogue.o(.text)
    _double_round                            0x000006bf   Thumb Code    30  depilogue.o(.text)
    _double_epilogue                         0x000006dd   Thumb Code   156  depilogue.o(.text)
    __aeabi_dadd                             0x00000779   Thumb Code   322  dadd.o(.text)
    __aeabi_dsub                             0x000008bb   Thumb Code     6  dadd.o(.text)
    __aeabi_drsub                            0x000008c1   Thumb Code     6  dadd.o(.text)
    __aeabi_dmul                             0x000008c7   Thumb Code   228  dmul.o(.text)
    __aeabi_d2ulz                            0x000009ab   Thumb Code    48  dfixul.o(.text)
    __aeabi_cdrcmple                         0x000009dd   Thumb Code    48  cdrcmple.o(.text)
    __scatterload                            0x00000a0d   Thumb Code    28  init.o(.text)
    __scatterload_rt2                        0x00000a0d   Thumb Code     0  init.o(.text)
    __aeabi_lasr                             0x00000a31   Thumb Code    36  llsshr.o(.text)
    _ll_sshift_r                             0x00000a31   Thumb Code     0  llsshr.o(.text)
    __decompress                             0x00000a55   Thumb Code     0  __dczerorl.o(.text)
    __decompress0                            0x00000a55   Thumb Code    58  __dczerorl.o(.text)
    Add_set                                  0x00000a8f   Thumb Code    82  gc9a01_drv.o(i.Add_set)
    BSP_KEY_KEY10_IrqHandler                 0x00000ae1   Thumb Code    34  ev_hc32f460_lqfp100_v2.o(i.BSP_KEY_KEY10_IrqHandler)
    Buzzer_StartTicking                      0x00000b09   Thumb Code    30  app_main.o(i.Buzzer_StartTicking)
    Buzzer_Task                              0x00000b31   Thumb Code    88  app_main.o(i.Buzzer_Task)
    Buzzer_off                               0x00000b91   Thumb Code     6  sys_tmra.o(i.Buzzer_off)
    Buzzer_on                                0x00000b9d   Thumb Code     6  sys_tmra.o(i.Buzzer_on)
    CLK_GetBusClockFreq                      0x00000ba9   Thumb Code   160  hc32_ll_clk.o(i.CLK_GetBusClockFreq)
    CLK_GetStableStatus                      0x00000c8d   Thumb Code    36  hc32_ll_clk.o(i.CLK_GetStableStatus)
    CLK_HrcCmd                               0x00000cf1   Thumb Code   106  hc32_ll_clk.o(i.CLK_HrcCmd)
    CLK_LrcCmd                               0x00000d9d   Thumb Code    84  hc32_ll_clk.o(i.CLK_LrcCmd)
    CLK_MCOCmd                               0x00000e35   Thumb Code    80  hc32_ll_clk.o(i.CLK_MCOCmd)
    CLK_MCOConfig                            0x00000ec5   Thumb Code   156  hc32_ll_clk.o(i.CLK_MCOConfig)
    CLK_PLLCmd                               0x00000fa1   Thumb Code   118  hc32_ll_clk.o(i.CLK_PLLCmd)
    CLK_PLLInit                              0x00001059   Thumb Code   374  hc32_ll_clk.o(i.CLK_PLLInit)
    CLK_PLLStructInit                        0x0000122d   Thumb Code    48  hc32_ll_clk.o(i.CLK_PLLStructInit)
    CLK_SetClockDiv                          0x0000125d   Thumb Code    14  hc32_ll_clk.o(i.CLK_SetClockDiv)
    CLK_SetSysClockSrc                       0x0000126b   Thumb Code    14  hc32_ll_clk.o(i.CLK_SetSysClockSrc)
    CLK_XtalCmd                              0x000012a5   Thumb Code   110  hc32_ll_clk.o(i.CLK_XtalCmd)
    CLK_XtalInit                             0x00001355   Thumb Code   200  hc32_ll_clk.o(i.CLK_XtalInit)
    CLK_XtalStructInit                       0x00001461   Thumb Code    32  hc32_ll_clk.o(i.CLK_XtalStructInit)
    DDL_AssertHandler                        0x00001601   Thumb Code     2  hc32_ll_utility.o(i.DDL_AssertHandler)
    DDL_DelayMS                              0x00001605   Thumb Code    54  hc32_ll_utility.o(i.DDL_DelayMS)
    DDL_DelayUS                              0x00001645   Thumb Code    52  hc32_ll_utility.o(i.DDL_DelayUS)
    EFM_SetWaitCycle                         0x00001685   Thumb Code   108  hc32_ll_efm.o(i.EFM_SetWaitCycle)
    EXTINT_ClearExtIntStatus                 0x00001739   Thumb Code    26  hc32_ll_interrupts.o(i.EXTINT_ClearExtIntStatus)
    FCG_Fcg1PeriphClockCmd                   0x0000175d   Thumb Code    52  hc32_ll_fcg.o(i.FCG_Fcg1PeriphClockCmd)
    FCG_Fcg2PeriphClockCmd                   0x000017d5   Thumb Code    52  hc32_ll_fcg.o(i.FCG_Fcg2PeriphClockCmd)
    GPIO_AnalogCmd                           0x0000184d   Thumb Code   120  hc32_ll_gpio.o(i.GPIO_AnalogCmd)
    GPIO_Init                                0x00001905   Thumb Code   348  hc32_ll_gpio.o(i.GPIO_Init)
    GPIO_ReadInputPins                       0x00001aa1   Thumb Code    68  hc32_ll_gpio.o(i.GPIO_ReadInputPins)
    GPIO_ResetPins                           0x00001b25   Thumb Code    64  hc32_ll_gpio.o(i.GPIO_ResetPins)
    GPIO_SetFunc                             0x00001ba5   Thumb Code   132  hc32_ll_gpio.o(i.GPIO_SetFunc)
    GPIO_SetPins                             0x00001c69   Thumb Code    64  hc32_ll_gpio.o(i.GPIO_SetPins)
    GPIO_StructInit                          0x00001ce9   Thumb Code    34  hc32_ll_gpio.o(i.GPIO_StructInit)
    HZnum_typFNT_GB12                        0x00001d0b   Thumb Code     4  lcd_font.o(i.HZnum_typFNT_GB12)
    HZnum_typFNT_GB16                        0x00001d0f   Thumb Code     4  lcd_font.o(i.HZnum_typFNT_GB16)
    HZnum_typFNT_GB24                        0x00001d13   Thumb Code     4  lcd_font.o(i.HZnum_typFNT_GB24)
    HZnum_typFNT_GB32                        0x00001d17   Thumb Code     4  lcd_font.o(i.HZnum_typFNT_GB32)
    HZnum_typFNT_GB40                        0x00001d1b   Thumb Code     4  lcd_font.o(i.HZnum_typFNT_GB40)
    HZnum_typFNT_GB48                        0x00001d1f   Thumb Code     4  lcd_font.o(i.HZnum_typFNT_GB48)
    INTC_IrqSignIn                           0x00001d8d   Thumb Code   132  hc32_ll_interrupts.o(i.INTC_IrqSignIn)
    IRQ000_Handler                           0x00001e21   Thumb Code    14  hc32_ll_interrupts.o(i.IRQ000_Handler)
    IRQ001_Handler                           0x00001e35   Thumb Code    14  hc32_ll_interrupts.o(i.IRQ001_Handler)
    IRQ002_Handler                           0x00001e49   Thumb Code    14  hc32_ll_interrupts.o(i.IRQ002_Handler)
    IRQ003_Handler                           0x00001e5d   Thumb Code    14  hc32_ll_interrupts.o(i.IRQ003_Handler)
    IRQ004_Handler                           0x00001e71   Thumb Code    14  hc32_ll_interrupts.o(i.IRQ004_Handler)
    IRQ005_Handler                           0x00001e85   Thumb Code    14  hc32_ll_interrupts.o(i.IRQ005_Handler)
    IRQ006_Handler                           0x00001e99   Thumb Code    14  hc32_ll_interrupts.o(i.IRQ006_Handler)
    IRQ007_Handler                           0x00001ead   Thumb Code    14  hc32_ll_interrupts.o(i.IRQ007_Handler)
    IRQ008_Handler                           0x00001ec1   Thumb Code    14  hc32_ll_interrupts.o(i.IRQ008_Handler)
    IRQ009_Handler                           0x00001ed5   Thumb Code    14  hc32_ll_interrupts.o(i.IRQ009_Handler)
    IRQ010_Handler                           0x00001ee9   Thumb Code    14  hc32_ll_interrupts.o(i.IRQ010_Handler)
    IRQ011_Handler                           0x00001efd   Thumb Code    14  hc32_ll_interrupts.o(i.IRQ011_Handler)
    IRQ012_Handler                           0x00001f11   Thumb Code    14  hc32_ll_interrupts.o(i.IRQ012_Handler)
    IRQ013_Handler                           0x00001f25   Thumb Code    14  hc32_ll_interrupts.o(i.IRQ013_Handler)
    IRQ014_Handler                           0x00001f39   Thumb Code    14  hc32_ll_interrupts.o(i.IRQ014_Handler)
    IRQ015_Handler                           0x00001f4d   Thumb Code    14  hc32_ll_interrupts.o(i.IRQ015_Handler)
    IRQ016_Handler                           0x00001f61   Thumb Code    14  hc32_ll_interrupts.o(i.IRQ016_Handler)
    IRQ017_Handler                           0x00001f75   Thumb Code    14  hc32_ll_interrupts.o(i.IRQ017_Handler)
    IRQ018_Handler                           0x00001f89   Thumb Code    14  hc32_ll_interrupts.o(i.IRQ018_Handler)
    IRQ019_Handler                           0x00001f9d   Thumb Code    14  hc32_ll_interrupts.o(i.IRQ019_Handler)
    IRQ020_Handler                           0x00001fb1   Thumb Code    14  hc32_ll_interrupts.o(i.IRQ020_Handler)
    IRQ021_Handler                           0x00001fc5   Thumb Code    14  hc32_ll_interrupts.o(i.IRQ021_Handler)
    IRQ022_Handler                           0x00001fd9   Thumb Code    14  hc32_ll_interrupts.o(i.IRQ022_Handler)
    IRQ023_Handler                           0x00001fed   Thumb Code    14  hc32_ll_interrupts.o(i.IRQ023_Handler)
    IRQ024_Handler                           0x00002001   Thumb Code    14  hc32_ll_interrupts.o(i.IRQ024_Handler)
    IRQ025_Handler                           0x00002015   Thumb Code    14  hc32_ll_interrupts.o(i.IRQ025_Handler)
    IRQ026_Handler                           0x00002029   Thumb Code    14  hc32_ll_interrupts.o(i.IRQ026_Handler)
    IRQ027_Handler                           0x0000203d   Thumb Code    14  hc32_ll_interrupts.o(i.IRQ027_Handler)
    IRQ028_Handler                           0x00002051   Thumb Code    14  hc32_ll_interrupts.o(i.IRQ028_Handler)
    IRQ029_Handler                           0x00002065   Thumb Code    14  hc32_ll_interrupts.o(i.IRQ029_Handler)
    IRQ030_Handler                           0x00002079   Thumb Code    14  hc32_ll_interrupts.o(i.IRQ030_Handler)
    IRQ031_Handler                           0x0000208d   Thumb Code    14  hc32_ll_interrupts.o(i.IRQ031_Handler)
    IRQ032_Handler                           0x000020a1   Thumb Code    16  hc32_ll_interrupts.o(i.IRQ032_Handler)
    IRQ033_Handler                           0x000020b5   Thumb Code    16  hc32_ll_interrupts.o(i.IRQ033_Handler)
    IRQ034_Handler                           0x000020c9   Thumb Code    16  hc32_ll_interrupts.o(i.IRQ034_Handler)
    IRQ035_Handler                           0x000020dd   Thumb Code    16  hc32_ll_interrupts.o(i.IRQ035_Handler)
    IRQ036_Handler                           0x000020f1   Thumb Code    16  hc32_ll_interrupts.o(i.IRQ036_Handler)
    IRQ037_Handler                           0x00002105   Thumb Code    16  hc32_ll_interrupts.o(i.IRQ037_Handler)
    IRQ038_Handler                           0x00002119   Thumb Code    16  hc32_ll_interrupts.o(i.IRQ038_Handler)
    IRQ039_Handler                           0x0000212d   Thumb Code    16  hc32_ll_interrupts.o(i.IRQ039_Handler)
    IRQ040_Handler                           0x00002141   Thumb Code    16  hc32_ll_interrupts.o(i.IRQ040_Handler)
    IRQ041_Handler                           0x00002155   Thumb Code    16  hc32_ll_interrupts.o(i.IRQ041_Handler)
    IRQ042_Handler                           0x00002169   Thumb Code    16  hc32_ll_interrupts.o(i.IRQ042_Handler)
    IRQ043_Handler                           0x0000217d   Thumb Code    16  hc32_ll_interrupts.o(i.IRQ043_Handler)
    IRQ044_Handler                           0x00002191   Thumb Code    16  hc32_ll_interrupts.o(i.IRQ044_Handler)
    IRQ045_Handler                           0x000021a5   Thumb Code    16  hc32_ll_interrupts.o(i.IRQ045_Handler)
    IRQ046_Handler                           0x000021b9   Thumb Code    16  hc32_ll_interrupts.o(i.IRQ046_Handler)
    IRQ047_Handler                           0x000021cd   Thumb Code    16  hc32_ll_interrupts.o(i.IRQ047_Handler)
    IRQ048_Handler                           0x000021e1   Thumb Code    16  hc32_ll_interrupts.o(i.IRQ048_Handler)
    IRQ049_Handler                           0x000021f5   Thumb Code    16  hc32_ll_interrupts.o(i.IRQ049_Handler)
    IRQ050_Handler                           0x00002209   Thumb Code    16  hc32_ll_interrupts.o(i.IRQ050_Handler)
    IRQ051_Handler                           0x0000221d   Thumb Code    16  hc32_ll_interrupts.o(i.IRQ051_Handler)
    IRQ052_Handler                           0x00002231   Thumb Code    16  hc32_ll_interrupts.o(i.IRQ052_Handler)
    IRQ053_Handler                           0x00002245   Thumb Code    16  hc32_ll_interrupts.o(i.IRQ053_Handler)
    IRQ054_Handler                           0x00002259   Thumb Code    16  hc32_ll_interrupts.o(i.IRQ054_Handler)
    IRQ055_Handler                           0x0000226d   Thumb Code    16  hc32_ll_interrupts.o(i.IRQ055_Handler)
    IRQ056_Handler                           0x00002281   Thumb Code    16  hc32_ll_interrupts.o(i.IRQ056_Handler)
    IRQ057_Handler                           0x00002295   Thumb Code    16  hc32_ll_interrupts.o(i.IRQ057_Handler)
    IRQ058_Handler                           0x000022a9   Thumb Code    16  hc32_ll_interrupts.o(i.IRQ058_Handler)
    IRQ059_Handler                           0x000022bd   Thumb Code    16  hc32_ll_interrupts.o(i.IRQ059_Handler)
    IRQ060_Handler                           0x000022d1   Thumb Code    16  hc32_ll_interrupts.o(i.IRQ060_Handler)
    IRQ061_Handler                           0x000022e5   Thumb Code    16  hc32_ll_interrupts.o(i.IRQ061_Handler)
    IRQ062_Handler                           0x000022f9   Thumb Code    16  hc32_ll_interrupts.o(i.IRQ062_Handler)
    IRQ063_Handler                           0x0000230d   Thumb Code    16  hc32_ll_interrupts.o(i.IRQ063_Handler)
    IRQ064_Handler                           0x00002321   Thumb Code    16  hc32_ll_interrupts.o(i.IRQ064_Handler)
    IRQ065_Handler                           0x00002335   Thumb Code    16  hc32_ll_interrupts.o(i.IRQ065_Handler)
    IRQ066_Handler                           0x00002349   Thumb Code    16  hc32_ll_interrupts.o(i.IRQ066_Handler)
    IRQ067_Handler                           0x0000235d   Thumb Code    16  hc32_ll_interrupts.o(i.IRQ067_Handler)
    IRQ068_Handler                           0x00002371   Thumb Code    16  hc32_ll_interrupts.o(i.IRQ068_Handler)
    IRQ069_Handler                           0x00002385   Thumb Code    16  hc32_ll_interrupts.o(i.IRQ069_Handler)
    IRQ070_Handler                           0x00002399   Thumb Code    16  hc32_ll_interrupts.o(i.IRQ070_Handler)
    IRQ071_Handler                           0x000023ad   Thumb Code    16  hc32_ll_interrupts.o(i.IRQ071_Handler)
    IRQ072_Handler                           0x000023c1   Thumb Code    16  hc32_ll_interrupts.o(i.IRQ072_Handler)
    IRQ073_Handler                           0x000023d5   Thumb Code    16  hc32_ll_interrupts.o(i.IRQ073_Handler)
    IRQ074_Handler                           0x000023e9   Thumb Code    16  hc32_ll_interrupts.o(i.IRQ074_Handler)
    IRQ075_Handler                           0x000023fd   Thumb Code    16  hc32_ll_interrupts.o(i.IRQ075_Handler)
    IRQ076_Handler                           0x00002411   Thumb Code    16  hc32_ll_interrupts.o(i.IRQ076_Handler)
    IRQ077_Handler                           0x00002425   Thumb Code    16  hc32_ll_interrupts.o(i.IRQ077_Handler)
    IRQ078_Handler                           0x00002439   Thumb Code    16  hc32_ll_interrupts.o(i.IRQ078_Handler)
    IRQ079_Handler                           0x0000244d   Thumb Code    16  hc32_ll_interrupts.o(i.IRQ079_Handler)
    IRQ080_Handler                           0x00002461   Thumb Code    16  hc32_ll_interrupts.o(i.IRQ080_Handler)
    IRQ081_Handler                           0x00002475   Thumb Code    16  hc32_ll_interrupts.o(i.IRQ081_Handler)
    IRQ082_Handler                           0x00002489   Thumb Code    16  hc32_ll_interrupts.o(i.IRQ082_Handler)
    IRQ083_Handler                           0x0000249d   Thumb Code    16  hc32_ll_interrupts.o(i.IRQ083_Handler)
    IRQ084_Handler                           0x000024b1   Thumb Code    16  hc32_ll_interrupts.o(i.IRQ084_Handler)
    IRQ085_Handler                           0x000024c5   Thumb Code    16  hc32_ll_interrupts.o(i.IRQ085_Handler)
    IRQ086_Handler                           0x000024d9   Thumb Code    16  hc32_ll_interrupts.o(i.IRQ086_Handler)
    IRQ087_Handler                           0x000024ed   Thumb Code    16  hc32_ll_interrupts.o(i.IRQ087_Handler)
    IRQ088_Handler                           0x00002501   Thumb Code    16  hc32_ll_interrupts.o(i.IRQ088_Handler)
    IRQ089_Handler                           0x00002515   Thumb Code    16  hc32_ll_interrupts.o(i.IRQ089_Handler)
    IRQ090_Handler                           0x00002529   Thumb Code    16  hc32_ll_interrupts.o(i.IRQ090_Handler)
    IRQ091_Handler                           0x0000253d   Thumb Code    16  hc32_ll_interrupts.o(i.IRQ091_Handler)
    IRQ092_Handler                           0x00002551   Thumb Code    16  hc32_ll_interrupts.o(i.IRQ092_Handler)
    IRQ093_Handler                           0x00002565   Thumb Code    16  hc32_ll_interrupts.o(i.IRQ093_Handler)
    IRQ094_Handler                           0x00002579   Thumb Code    16  hc32_ll_interrupts.o(i.IRQ094_Handler)
    IRQ095_Handler                           0x0000258d   Thumb Code    16  hc32_ll_interrupts.o(i.IRQ095_Handler)
    IRQ096_Handler                           0x000025a1   Thumb Code    16  hc32_ll_interrupts.o(i.IRQ096_Handler)
    IRQ097_Handler                           0x000025b5   Thumb Code    16  hc32_ll_interrupts.o(i.IRQ097_Handler)
    IRQ098_Handler                           0x000025c9   Thumb Code    16  hc32_ll_interrupts.o(i.IRQ098_Handler)
    IRQ099_Handler                           0x000025dd   Thumb Code    16  hc32_ll_interrupts.o(i.IRQ099_Handler)
    IRQ100_Handler                           0x000025f1   Thumb Code    16  hc32_ll_interrupts.o(i.IRQ100_Handler)
    IRQ101_Handler                           0x00002605   Thumb Code    16  hc32_ll_interrupts.o(i.IRQ101_Handler)
    IRQ102_Handler                           0x00002619   Thumb Code    16  hc32_ll_interrupts.o(i.IRQ102_Handler)
    IRQ103_Handler                           0x0000262d   Thumb Code    16  hc32_ll_interrupts.o(i.IRQ103_Handler)
    IRQ104_Handler                           0x00002641   Thumb Code    16  hc32_ll_interrupts.o(i.IRQ104_Handler)
    IRQ105_Handler                           0x00002655   Thumb Code    16  hc32_ll_interrupts.o(i.IRQ105_Handler)
    IRQ106_Handler                           0x00002669   Thumb Code    16  hc32_ll_interrupts.o(i.IRQ106_Handler)
    IRQ107_Handler                           0x0000267d   Thumb Code    16  hc32_ll_interrupts.o(i.IRQ107_Handler)
    IRQ108_Handler                           0x00002691   Thumb Code    16  hc32_ll_interrupts.o(i.IRQ108_Handler)
    IRQ109_Handler                           0x000026a5   Thumb Code    16  hc32_ll_interrupts.o(i.IRQ109_Handler)
    IRQ110_Handler                           0x000026b9   Thumb Code    16  hc32_ll_interrupts.o(i.IRQ110_Handler)
    IRQ111_Handler                           0x000026cd   Thumb Code    16  hc32_ll_interrupts.o(i.IRQ111_Handler)
    IRQ112_Handler                           0x000026e1   Thumb Code    16  hc32_ll_interrupts.o(i.IRQ112_Handler)
    IRQ113_Handler                           0x000026f5   Thumb Code    16  hc32_ll_interrupts.o(i.IRQ113_Handler)
    IRQ114_Handler                           0x00002709   Thumb Code    16  hc32_ll_interrupts.o(i.IRQ114_Handler)
    IRQ115_Handler                           0x0000271d   Thumb Code    16  hc32_ll_interrupts.o(i.IRQ115_Handler)
    IRQ116_Handler                           0x00002731   Thumb Code    16  hc32_ll_interrupts.o(i.IRQ116_Handler)
    IRQ117_Handler                           0x00002745   Thumb Code    16  hc32_ll_interrupts.o(i.IRQ117_Handler)
    IRQ118_Handler                           0x00002759   Thumb Code    16  hc32_ll_interrupts.o(i.IRQ118_Handler)
    IRQ119_Handler                           0x0000276d   Thumb Code    16  hc32_ll_interrupts.o(i.IRQ119_Handler)
    IRQ120_Handler                           0x00002781   Thumb Code    16  hc32_ll_interrupts.o(i.IRQ120_Handler)
    IRQ121_Handler                           0x00002795   Thumb Code    16  hc32_ll_interrupts.o(i.IRQ121_Handler)
    IRQ122_Handler                           0x000027a9   Thumb Code    16  hc32_ll_interrupts.o(i.IRQ122_Handler)
    IRQ123_Handler                           0x000027bd   Thumb Code    16  hc32_ll_interrupts.o(i.IRQ123_Handler)
    IRQ124_Handler                           0x000027d1   Thumb Code    16  hc32_ll_interrupts.o(i.IRQ124_Handler)
    IRQ125_Handler                           0x000027e5   Thumb Code    16  hc32_ll_interrupts.o(i.IRQ125_Handler)
    IRQ126_Handler                           0x000027f9   Thumb Code    16  hc32_ll_interrupts.o(i.IRQ126_Handler)
    IRQ127_Handler                           0x0000280d   Thumb Code    16  hc32_ll_interrupts.o(i.IRQ127_Handler)
    LCD_Address_Set                          0x00002821   Thumb Code    58  gc9a01_drv.o(i.LCD_Address_Set)
    LCD_DrawPoint                            0x0000285b   Thumb Code    22  gc9a01_drv.o(i.LCD_DrawPoint)
    LCD_ShowChar                             0x00002871   Thumb Code   274  gc9a01_drv.o(i.LCD_ShowChar)
    LCD_ShowChinese                          0x00002999   Thumb Code   192  gc9a01_drv.o(i.LCD_ShowChinese)
    LCD_ShowChinese12x12                     0x00002a59   Thumb Code   242  gc9a01_drv.o(i.LCD_ShowChinese12x12)
    LCD_ShowChinese16x16                     0x00002b51   Thumb Code   238  gc9a01_drv.o(i.LCD_ShowChinese16x16)
    LCD_ShowChinese24x24                     0x00002c45   Thumb Code   242  gc9a01_drv.o(i.LCD_ShowChinese24x24)
    LCD_ShowChinese32x32                     0x00002d3d   Thumb Code   238  gc9a01_drv.o(i.LCD_ShowChinese32x32)
    LCD_ShowChinese40x40                     0x00002e31   Thumb Code   228  gc9a01_drv.o(i.LCD_ShowChinese40x40)
    LCD_ShowChinese48x48                     0x00002f19   Thumb Code   232  gc9a01_drv.o(i.LCD_ShowChinese48x48)
    LCD_ShowIntNum                           0x00003005   Thumb Code   126  gc9a01_drv.o(i.LCD_ShowIntNum)
    LCD_ShowString                           0x00003083   Thumb Code    58  gc9a01_drv.o(i.LCD_ShowString)
    LCD_WR_DATA                              0x000030bd   Thumb Code    20  gc9a01_drv.o(i.LCD_WR_DATA)
    LCD_WR_REG                               0x000030d1   Thumb Code    30  gc9a01_drv.o(i.LCD_WR_REG)
    LL_PERIPH_WE                             0x000030f1   Thumb Code    96  hc32_ll.o(i.LL_PERIPH_WE)
    LL_PERIPH_WP                             0x00003169   Thumb Code    78  hc32_ll.o(i.LL_PERIPH_WP)
    Lcd_init                                 0x000031cd   Thumb Code   106  gc9a01_drv.o(i.Lcd_init)
    Modbus_Crc_Compute                       0x00003239   Thumb Code    38  g.o(i.Modbus_Crc_Compute)
    PWC_HighSpeedToHighPerformance           0x00003265   Thumb Code    54  hc32_ll_pwc.o(i.PWC_HighSpeedToHighPerformance)
    Picture_display                          0x000032f9   Thumb Code    74  gc9a01_drv.o(i.Picture_display)
    SEGGER_RTT_Init                          0x00003343   Thumb Code     4  segger_rtt.o(i.SEGGER_RTT_Init)
    SEGGER_RTT_WriteNoLock                   0x00003349   Thumb Code    86  segger_rtt.o(i.SEGGER_RTT_WriteNoLock)
    SPI_Cmd                                  0x000033a5   Thumb Code    96  hc32_ll_spi.o(i.SPI_Cmd)
    SPI_Config                               0x00003451   Thumb Code   144  bsp_spi.o(i.SPI_Config)
    SPI_Init                                 0x000034e5   Thumb Code   492  hc32_ll_spi.o(i.SPI_Init)
    SPI_IntCmd                               0x0000371d   Thumb Code    92  hc32_ll_spi.o(i.SPI_IntCmd)
    SPI_SendByte                             0x000037c5   Thumb Code    32  gc9a01_drv.o(i.SPI_SendByte)
    SPI_StructInit                           0x000037e9   Thumb Code    38  hc32_ll_spi.o(i.SPI_StructInit)
    SPI_WriteData                            0x00003811   Thumb Code    44  hc32_ll_spi.o(i.SPI_WriteData)
    SRAM_SetWaitCycle                        0x00003889   Thumb Code   142  hc32_ll_sram.o(i.SRAM_SetWaitCycle)
    SYS_Init                                 0x00003959   Thumb Code   192  sys_clock.o(i.SYS_Init)
    SysTick_Delay                            0x00003f2d   Thumb Code    52  hc32_ll_utility.o(i.SysTick_Delay)
    SysTick_GetTick                          0x00003f65   Thumb Code     6  hc32_ll_utility.o(i.SysTick_GetTick)
    SysTick_Handler                          0x00003f71   Thumb Code    12  sys_clock.o(i.SysTick_Handler)
    SysTick_IncTick                          0x00003f7d   Thumb Code    12  hc32_ll_utility.o(i.SysTick_IncTick)
    SysTick_Init                             0x00003f8d   Thumb Code    76  hc32_ll_utility.o(i.SysTick_Init)
    SystemCoreClockUpdate                    0x00003fe9   Thumb Code   114  system_hc32f460.o(i.SystemCoreClockUpdate)
    SystemInit                               0x00004075   Thumb Code    14  system_hc32f460.o(i.SystemInit)
    TFT_clear                                0x00004089   Thumb Code    48  gc9a01_drv.o(i.TFT_clear)
    TFT_full                                 0x000040b9   Thumb Code    58  gc9a01_drv.o(i.TFT_full)
    TFT_init                                 0x000040f3   Thumb Code  1140  gc9a01_drv.o(i.TFT_init)
    TFT_send_cmd                             0x00004567   Thumb Code    30  gc9a01_drv.o(i.TFT_send_cmd)
    TMR0_ClearStatus                         0x00004585   Thumb Code    56  hc32_ll_tmr0.o(i.TMR0_ClearStatus)
    TMR0_Config                              0x00004625   Thumb Code   196  sys_clock.o(i.TMR0_Config)
    TMR0_Init                                0x000046f1   Thumb Code   208  hc32_ll_tmr0.o(i.TMR0_Init)
    TMR0_IntCmd                              0x00004805   Thumb Code    78  hc32_ll_tmr0.o(i.TMR0_IntCmd)
    TMR0_Start                               0x00004899   Thumb Code    54  hc32_ll_tmr0.o(i.TMR0_Start)
    TMR0_StructInit                          0x00004915   Thumb Code    28  hc32_ll_tmr0.o(i.TMR0_StructInit)
    TMRA_Init                                0x00004931   Thumb Code   254  hc32_ll_tmra.o(i.TMRA_Init)
    TMRA_PWM_Init                            0x00004a85   Thumb Code   218  hc32_ll_tmra.o(i.TMRA_PWM_Init)
    TMRA_PWM_OutputCmd                       0x00004bb5   Thumb Code    92  hc32_ll_tmra.o(i.TMRA_PWM_OutputCmd)
    TMRA_PWM_StructInit                      0x00004c65   Thumb Code    30  hc32_ll_tmra.o(i.TMRA_PWM_StructInit)
    TMRA_SetPeriodValue                      0x00004c85   Thumb Code    56  hc32_ll_tmra.o(i.TMRA_SetPeriodValue)
    TMRA_Start                               0x00004d11   Thumb Code    62  hc32_ll_tmra.o(i.TMRA_Start)
    TMRA_Stop                                0x00004da5   Thumb Code    62  hc32_ll_tmra.o(i.TMRA_Stop)
    TMRA_StructInit                          0x00004e39   Thumb Code    34  hc32_ll_tmra.o(i.TMRA_StructInit)
    TmrA_Config                              0x00004e5d   Thumb Code   194  sys_tmra.o(i.TmrA_Config)
    USART_ClearStatus                        0x000050e9   Thumb Code    88  hc32_ll_usart.o(i.USART_ClearStatus)
    USART_FuncCmd                            0x00005195   Thumb Code    98  hc32_ll_usart.o(i.USART_FuncCmd)
    USART_ReadData                           0x00005249   Thumb Code    42  hc32_ll_usart.o(i.USART_ReadData)
    USART_SetBaudrate                        0x000052f9   Thumb Code   240  hc32_ll_usart.o(i.USART_SetBaudrate)
    USART_UART_Init                          0x000054cd   Thumb Code   332  hc32_ll_usart.o(i.USART_UART_Init)
    USART_UART_StructInit                    0x00005669   Thumb Code    44  hc32_ll_usart.o(i.USART_UART_StructInit)
    USART_WriteData                          0x00005695   Thumb Code    60  hc32_ll_usart.o(i.USART_WriteData)
    __0snprintf                              0x00005831   Thumb Code    44  printfa.o(i.__0snprintf)
    __1snprintf                              0x00005831   Thumb Code     0  printfa.o(i.__0snprintf)
    __2snprintf                              0x00005831   Thumb Code     0  printfa.o(i.__0snprintf)
    __c89snprintf                            0x00005831   Thumb Code     0  printfa.o(i.__0snprintf)
    snprintf                                 0x00005831   Thumb Code     0  printfa.o(i.__0snprintf)
    __0vsnprintf                             0x00005861   Thumb Code    40  printfa.o(i.__0vsnprintf)
    __1vsnprintf                             0x00005861   Thumb Code     0  printfa.o(i.__0vsnprintf)
    __2vsnprintf                             0x00005861   Thumb Code     0  printfa.o(i.__0vsnprintf)
    __c89vsnprintf                           0x00005861   Thumb Code     0  printfa.o(i.__0vsnprintf)
    vsnprintf                                0x00005861   Thumb Code     0  printfa.o(i.__0vsnprintf)
    __scatterload_copy                       0x0000588d   Thumb Code    14  handlers.o(i.__scatterload_copy)
    __scatterload_null                       0x0000589b   Thumb Code     2  handlers.o(i.__scatterload_null)
    __scatterload_zeroinit                   0x0000589d   Thumb Code    14  handlers.o(i.__scatterload_zeroinit)
    appRun                                   0x00006175   Thumb Code    46  app_main.o(i.appRun)
    app_timer_1ms                            0x000061ad   Thumb Code    42  app_main.o(i.app_timer_1ms)
    build_frame                              0x000061e9   Thumb Code    40  app_main.o(i.build_frame)
    comm_cmd_handle                          0x00006211   Thumb Code    82  app_main.o(i.comm_cmd_handle)
    comm_rev                                 0x0000626d   Thumb Code   114  app_main.o(i.comm_rev)
    comm_send                                0x000062ed   Thumb Code    88  app_main.o(i.comm_send)
    main                                     0x00006355   Thumb Code    74  main.o(i.main)
    mypow                                    0x000063d1   Thumb Code    16  gc9a01_drv.o(i.mypow)
    nrf_log_backend_rtt_init                 0x000063e1   Thumb Code     4  qs_log_backend_rtt.o(i.nrf_log_backend_rtt_init)
    nrf_log_backend_rtt_put                  0x000063e5   Thumb Code    70  qs_log_backend_rtt.o(i.nrf_log_backend_rtt_put)
    qs_log_error_handler                     0x00006431   Thumb Code    42  qs_log.o(i.qs_log_error_handler)
    qs_log_init                              0x00006495   Thumb Code    10  qs_log.o(i.qs_log_init)
    qs_log_print                             0x000064a1   Thumb Code   116  qs_log.o(i.qs_log_print)
    show_picture                             0x00006535   Thumb Code   782  app_main.o(i.show_picture)
    sys_uart_init                            0x00006981   Thumb Code   196  sys_uart.o(i.sys_uart_init)
    uart_send                                0x00006a5d   Thumb Code    58  app_main.o(i.uart_send)
    update_background                        0x00006aad   Thumb Code    66  app_main.o(i.update_background)
    ascii_1206                               0x00006b25   Data        1140  lcd_font.o(.constdata)
    ascii_1608                               0x00006f99   Data        1568  lcd_font.o(.constdata)
    ascii_2412                               0x000075b9   Data        4560  lcd_font.o(.constdata)
    ascii_3216                               0x00008789   Data        6080  lcd_font.o(.constdata)
    ascii_4024                               0x00009f49   Data       11400  lcd_font.o(.constdata)
    tfont12                                  0x0000cbd1   Data          78  lcd_font.o(.constdata)
    tfont16                                  0x0000cc1f   Data         102  lcd_font.o(.constdata)
    tfont24                                  0x0000cc85   Data        1702  lcd_font.o(.constdata)
    tfont32                                  0x0000d32b   Data        3900  lcd_font.o(.constdata)
    tfont40                                  0x0000e267   Data        4040  lcd_font.o(.constdata)
    tfont48                                  0x0000f22f   Data         290  lcd_font.o(.constdata)
    gImage_blue                              0x0000f351   Data       115200  lcd_pic.o(.constdata)
    gImage_red                               0x0002b551   Data       115200  lcd_pic.o(.constdata)
    gImage_yellow                            0x00047751   Data       115200  lcd_pic.o(.constdata)
    gImage_green                             0x00063951   Data       115200  lcd_pic.o(.constdata)
    Region$$Table$$Base                      0x0007fbe4   Number         0  anon$$obj.o(Region$$Table)
    Region$$Table$$Limit                     0x0007fc04   Number         0  anon$$obj.o(Region$$Table)
    SystemCoreClock                          0x1fff8000   Data           4  system_hc32f460.o(.bss.noinit)
    HRC_VALUE                                0x1fff8004   Data           4  system_hc32f460.o(.bss.noinit)
    g_send                                   0x1fff8208   Data           2  g.o(.data)
    g_system                                 0x1fff820c   Data          16  g.o(.data)
    comm_len                                 0x1fff8240   Data           4  sys_uart.o(.data)
    isSending                                0x1fff8244   Data           1  sys_uart.o(.data)
    tx_idx                                   0x1fff8246   Data           2  sys_uart.o(.data)
    tx_len                                   0x1fff8248   Data           2  sys_uart.o(.data)
    g_buzzer                                 0x1fff824c   Data          16  g.o(.bss)
    _SEGGER_RTT                              0x1fff8470   Data         168  segger_rtt.o(.bss)
    revbuff                                  0x1fff8728   Data         128  sys_uart.o(.bss)
    txbuff                                   0x1fff87a8   Data          32  sys_uart.o(.bss)
    __initial_sp                             0x1fffa7c8   Data           0  startup_hc32f460.o(STACK)



==============================================================================

Memory Map of the image

  Image Entry point : 0x00000281

  Load Region LR_IROM1 (Base: 0x00000000, Size: 0x0007fe48, Max: 0x00080000, ABSOLUTE, COMPRESSED[0x0007fe0c])

    Execution Region ER_IROM1 (Exec base: 0x00000000, Load base: 0x00000000, Size: 0x0007fc04, Max: 0x00080000, ABSOLUTE)

    Exec Addr    Load Addr    Size         Type   Attr      Idx    E Section Name        Object

    0x00000000   0x00000000   0x00000280   Data   RO            3    RESET               startup_hc32f460.o
    0x00000280   0x00000280   0x00000000   Code   RO         4870  * .ARM.Collect$$$$00000000  mc_w.l(entry.o)
    0x00000280   0x00000280   0x00000004   Code   RO         5163    .ARM.Collect$$$$00000001  mc_w.l(entry2.o)
    0x00000284   0x00000284   0x00000004   Code   RO         5166    .ARM.Collect$$$$00000004  mc_w.l(entry5.o)
    0x00000288   0x00000288   0x00000000   Code   RO         5168    .ARM.Collect$$$$00000008  mc_w.l(entry7b.o)
    0x00000288   0x00000288   0x00000000   Code   RO         5170    .ARM.Collect$$$$0000000A  mc_w.l(entry8b.o)
    0x00000288   0x00000288   0x00000008   Code   RO         5171    .ARM.Collect$$$$0000000B  mc_w.l(entry9a.o)
    0x00000290   0x00000290   0x00000000   Code   RO         5173    .ARM.Collect$$$$0000000D  mc_w.l(entry10a.o)
    0x00000290   0x00000290   0x00000000   Code   RO         5175    .ARM.Collect$$$$0000000F  mc_w.l(entry11a.o)
    0x00000290   0x00000290   0x00000004   Code   RO         5164    .ARM.Collect$$$$00002712  mc_w.l(entry2.o)
    0x00000294   0x00000294   0x00000064   Code   RO            4    .text               startup_hc32f460.o
    0x000002f8   0x000002f8   0x00000062   Code   RO         4878    .text               mc_w.l(uldiv.o)
    0x0000035a   0x0000035a   0x00000024   Code   RO         4880    .text               mc_w.l(memcpya.o)
    0x0000037e   0x0000037e   0x00000024   Code   RO         4882    .text               mc_w.l(memseta.o)
    0x000003a2   0x000003a2   0x0000000e   Code   RO         4884    .text               mc_w.l(strlen.o)
    0x000003b0   0x000003b0   0x0000001e   Code   RO         4888    .text               mc_w.l(strncmp.o)
    0x000003ce   0x000003ce   0x0000001a   Code   RO         5157    .text               mf_w.l(dfltui.o)
    0x000003e8   0x000003e8   0x00000018   Code   RO         5159    .text               mf_w.l(dfltul.o)
    0x00000400   0x00000400   0x00000020   Data   RO         1577    .ARM.__AT_0x00000400  hc32_ll_icg.o
    0x00000420   0x00000420   0x000000b0   Code   RO         5153    .text               mf_w.l(fadd.o)
    0x000004d0   0x000004d0   0x000000de   Code   RO         5155    .text               mf_w.l(ddiv.o)
    0x000005ae   0x000005ae   0x00000038   Code   RO         5161    .text               mf_w.l(d2f.o)
    0x000005e6   0x000005e6   0x0000002c   Code   RO         5178    .text               mc_w.l(uidiv.o)
    0x00000612   0x00000612   0x0000001e   Code   RO         5180    .text               mc_w.l(llshl.o)
    0x00000630   0x00000630   0x00000020   Code   RO         5182    .text               mc_w.l(llushr.o)
    0x00000650   0x00000650   0x00000000   Code   RO         5184    .text               mc_w.l(iusefp.o)
    0x00000650   0x00000650   0x0000006e   Code   RO         5186    .text               mf_w.l(fepilogue.o)
    0x000006be   0x000006be   0x000000ba   Code   RO         5188    .text               mf_w.l(depilogue.o)
    0x00000778   0x00000778   0x0000014e   Code   RO         5190    .text               mf_w.l(dadd.o)
    0x000008c6   0x000008c6   0x000000e4   Code   RO         5192    .text               mf_w.l(dmul.o)
    0x000009aa   0x000009aa   0x00000030   Code   RO         5194    .text               mf_w.l(dfixul.o)
    0x000009da   0x000009da   0x00000002   PAD
    0x000009dc   0x000009dc   0x00000030   Code   RO         5196    .text               mf_w.l(cdrcmple.o)
    0x00000a0c   0x00000a0c   0x00000024   Code   RO         5198    .text               mc_w.l(init.o)
    0x00000a30   0x00000a30   0x00000024   Code   RO         5200    .text               mc_w.l(llsshr.o)
    0x00000a54   0x00000a54   0x0000003a   Code   RO         5210    .text               mc_w.l(__dczerorl.o)
    0x00000a8e   0x00000a8e   0x00000052   Code   RO         4594    i.Add_set           gc9a01_drv.o
    0x00000ae0   0x00000ae0   0x00000028   Code   RO         3836    i.BSP_KEY_KEY10_IrqHandler  ev_hc32f460_lqfp100_v2.o
    0x00000b08   0x00000b08   0x00000028   Code   RO          335    i.Buzzer_StartTicking  app_main.o
    0x00000b30   0x00000b30   0x00000060   Code   RO          336    i.Buzzer_Task       app_main.o
    0x00000b90   0x00000b90   0x0000000c   Code   RO         4463    i.Buzzer_off        sys_tmra.o
    0x00000b9c   0x00000b9c   0x0000000c   Code   RO         4464    i.Buzzer_on         sys_tmra.o
    0x00000ba8   0x00000ba8   0x000000e4   Code   RO          503    i.CLK_GetBusClockFreq  hc32_ll_clk.o
    0x00000c8c   0x00000c8c   0x00000064   Code   RO          506    i.CLK_GetStableStatus  hc32_ll_clk.o
    0x00000cf0   0x00000cf0   0x000000ac   Code   RO          508    i.CLK_HrcCmd        hc32_ll_clk.o
    0x00000d9c   0x00000d9c   0x00000098   Code   RO          510    i.CLK_LrcCmd        hc32_ll_clk.o
    0x00000e34   0x00000e34   0x00000090   Code   RO          512    i.CLK_MCOCmd        hc32_ll_clk.o
    0x00000ec4   0x00000ec4   0x000000dc   Code   RO          513    i.CLK_MCOConfig     hc32_ll_clk.o
    0x00000fa0   0x00000fa0   0x000000b8   Code   RO          516    i.CLK_PLLCmd        hc32_ll_clk.o
    0x00001058   0x00001058   0x000001d4   Code   RO          517    i.CLK_PLLInit       hc32_ll_clk.o
    0x0000122c   0x0000122c   0x00000030   Code   RO          518    i.CLK_PLLStructInit  hc32_ll_clk.o
    0x0000125c   0x0000125c   0x0000000e   Code   RO          522    i.CLK_SetClockDiv   hc32_ll_clk.o
    0x0000126a   0x0000126a   0x0000000e   Code   RO          526    i.CLK_SetSysClockSrc  hc32_ll_clk.o
    0x00001278   0x00001278   0x0000002c   Code   RO          531    i.CLK_WaitStable    hc32_ll_clk.o
    0x000012a4   0x000012a4   0x000000b0   Code   RO          535    i.CLK_XtalCmd       hc32_ll_clk.o
    0x00001354   0x00001354   0x0000010c   Code   RO          536    i.CLK_XtalInit      hc32_ll_clk.o
    0x00001460   0x00001460   0x00000020   Code   RO          539    i.CLK_XtalStructInit  hc32_ll_clk.o
    0x00001480   0x00001480   0x00000180   Code   RO         3103    i.ClockSync_CalculateBrr  hc32_ll_usart.o
    0x00001600   0x00001600   0x00000002   Code   RO         3520    i.DDL_AssertHandler  hc32_ll_utility.o
    0x00001602   0x00001602   0x00000002   PAD
    0x00001604   0x00001604   0x00000040   Code   RO         3521    i.DDL_DelayMS       hc32_ll_utility.o
    0x00001644   0x00001644   0x00000040   Code   RO         3522    i.DDL_DelayUS       hc32_ll_utility.o
    0x00001684   0x00001684   0x000000b4   Code   RO         1114    i.EFM_SetWaitCycle  hc32_ll_efm.o
    0x00001738   0x00001738   0x00000024   Code   RO         1598    i.EXTINT_ClearExtIntStatus  hc32_ll_interrupts.o
    0x0000175c   0x0000175c   0x00000078   Code   RO         1312    i.FCG_Fcg1PeriphClockCmd  hc32_ll_fcg.o
    0x000017d4   0x000017d4   0x00000078   Code   RO         1313    i.FCG_Fcg2PeriphClockCmd  hc32_ll_fcg.o
    0x0000184c   0x0000184c   0x000000b8   Code   RO         1437    i.GPIO_AnalogCmd    hc32_ll_gpio.o
    0x00001904   0x00001904   0x0000019c   Code   RO         1440    i.GPIO_Init         hc32_ll_gpio.o
    0x00001aa0   0x00001aa0   0x00000084   Code   RO         1443    i.GPIO_ReadInputPins  hc32_ll_gpio.o
    0x00001b24   0x00001b24   0x00000080   Code   RO         1447    i.GPIO_ResetPins    hc32_ll_gpio.o
    0x00001ba4   0x00001ba4   0x000000c4   Code   RO         1449    i.GPIO_SetFunc      hc32_ll_gpio.o
    0x00001c68   0x00001c68   0x00000080   Code   RO         1450    i.GPIO_SetPins      hc32_ll_gpio.o
    0x00001ce8   0x00001ce8   0x00000022   Code   RO         1453    i.GPIO_StructInit   hc32_ll_gpio.o
    0x00001d0a   0x00001d0a   0x00000004   Code   RO         4794    i.HZnum_typFNT_GB12  lcd_font.o
    0x00001d0e   0x00001d0e   0x00000004   Code   RO         4795    i.HZnum_typFNT_GB16  lcd_font.o
    0x00001d12   0x00001d12   0x00000004   Code   RO         4796    i.HZnum_typFNT_GB24  lcd_font.o
    0x00001d16   0x00001d16   0x00000004   Code   RO         4797    i.HZnum_typFNT_GB32  lcd_font.o
    0x00001d1a   0x00001d1a   0x00000004   Code   RO         4798    i.HZnum_typFNT_GB40  lcd_font.o
    0x00001d1e   0x00001d1e   0x00000004   Code   RO         4799    i.HZnum_typFNT_GB48  lcd_font.o
    0x00001d22   0x00001d22   0x00000068   Code   RO         4504    i.INTC_IrqInstalHandler  sys_uart.o
    0x00001d8a   0x00001d8a   0x00000002   PAD
    0x00001d8c   0x00001d8c   0x00000094   Code   RO         1604    i.INTC_IrqSignIn    hc32_ll_interrupts.o
    0x00001e20   0x00001e20   0x00000014   Code   RO         1609    i.IRQ000_Handler    hc32_ll_interrupts.o
    0x00001e34   0x00001e34   0x00000014   Code   RO         1610    i.IRQ001_Handler    hc32_ll_interrupts.o
    0x00001e48   0x00001e48   0x00000014   Code   RO         1611    i.IRQ002_Handler    hc32_ll_interrupts.o
    0x00001e5c   0x00001e5c   0x00000014   Code   RO         1612    i.IRQ003_Handler    hc32_ll_interrupts.o
    0x00001e70   0x00001e70   0x00000014   Code   RO         1613    i.IRQ004_Handler    hc32_ll_interrupts.o
    0x00001e84   0x00001e84   0x00000014   Code   RO         1614    i.IRQ005_Handler    hc32_ll_interrupts.o
    0x00001e98   0x00001e98   0x00000014   Code   RO         1615    i.IRQ006_Handler    hc32_ll_interrupts.o
    0x00001eac   0x00001eac   0x00000014   Code   RO         1616    i.IRQ007_Handler    hc32_ll_interrupts.o
    0x00001ec0   0x00001ec0   0x00000014   Code   RO         1617    i.IRQ008_Handler    hc32_ll_interrupts.o
    0x00001ed4   0x00001ed4   0x00000014   Code   RO         1618    i.IRQ009_Handler    hc32_ll_interrupts.o
    0x00001ee8   0x00001ee8   0x00000014   Code   RO         1619    i.IRQ010_Handler    hc32_ll_interrupts.o
    0x00001efc   0x00001efc   0x00000014   Code   RO         1620    i.IRQ011_Handler    hc32_ll_interrupts.o
    0x00001f10   0x00001f10   0x00000014   Code   RO         1621    i.IRQ012_Handler    hc32_ll_interrupts.o
    0x00001f24   0x00001f24   0x00000014   Code   RO         1622    i.IRQ013_Handler    hc32_ll_interrupts.o
    0x00001f38   0x00001f38   0x00000014   Code   RO         1623    i.IRQ014_Handler    hc32_ll_interrupts.o
    0x00001f4c   0x00001f4c   0x00000014   Code   RO         1624    i.IRQ015_Handler    hc32_ll_interrupts.o
    0x00001f60   0x00001f60   0x00000014   Code   RO         1625    i.IRQ016_Handler    hc32_ll_interrupts.o
    0x00001f74   0x00001f74   0x00000014   Code   RO         1626    i.IRQ017_Handler    hc32_ll_interrupts.o
    0x00001f88   0x00001f88   0x00000014   Code   RO         1627    i.IRQ018_Handler    hc32_ll_interrupts.o
    0x00001f9c   0x00001f9c   0x00000014   Code   RO         1628    i.IRQ019_Handler    hc32_ll_interrupts.o
    0x00001fb0   0x00001fb0   0x00000014   Code   RO         1629    i.IRQ020_Handler    hc32_ll_interrupts.o
    0x00001fc4   0x00001fc4   0x00000014   Code   RO         1630    i.IRQ021_Handler    hc32_ll_interrupts.o
    0x00001fd8   0x00001fd8   0x00000014   Code   RO         1631    i.IRQ022_Handler    hc32_ll_interrupts.o
    0x00001fec   0x00001fec   0x00000014   Code   RO         1632    i.IRQ023_Handler    hc32_ll_interrupts.o
    0x00002000   0x00002000   0x00000014   Code   RO         1633    i.IRQ024_Handler    hc32_ll_interrupts.o
    0x00002014   0x00002014   0x00000014   Code   RO         1634    i.IRQ025_Handler    hc32_ll_interrupts.o
    0x00002028   0x00002028   0x00000014   Code   RO         1635    i.IRQ026_Handler    hc32_ll_interrupts.o
    0x0000203c   0x0000203c   0x00000014   Code   RO         1636    i.IRQ027_Handler    hc32_ll_interrupts.o
    0x00002050   0x00002050   0x00000014   Code   RO         1637    i.IRQ028_Handler    hc32_ll_interrupts.o
    0x00002064   0x00002064   0x00000014   Code   RO         1638    i.IRQ029_Handler    hc32_ll_interrupts.o
    0x00002078   0x00002078   0x00000014   Code   RO         1639    i.IRQ030_Handler    hc32_ll_interrupts.o
    0x0000208c   0x0000208c   0x00000014   Code   RO         1640    i.IRQ031_Handler    hc32_ll_interrupts.o
    0x000020a0   0x000020a0   0x00000014   Code   RO         1641    i.IRQ032_Handler    hc32_ll_interrupts.o
    0x000020b4   0x000020b4   0x00000014   Code   RO         1642    i.IRQ033_Handler    hc32_ll_interrupts.o
    0x000020c8   0x000020c8   0x00000014   Code   RO         1643    i.IRQ034_Handler    hc32_ll_interrupts.o
    0x000020dc   0x000020dc   0x00000014   Code   RO         1644    i.IRQ035_Handler    hc32_ll_interrupts.o
    0x000020f0   0x000020f0   0x00000014   Code   RO         1645    i.IRQ036_Handler    hc32_ll_interrupts.o
    0x00002104   0x00002104   0x00000014   Code   RO         1646    i.IRQ037_Handler    hc32_ll_interrupts.o
    0x00002118   0x00002118   0x00000014   Code   RO         1647    i.IRQ038_Handler    hc32_ll_interrupts.o
    0x0000212c   0x0000212c   0x00000014   Code   RO         1648    i.IRQ039_Handler    hc32_ll_interrupts.o
    0x00002140   0x00002140   0x00000014   Code   RO         1649    i.IRQ040_Handler    hc32_ll_interrupts.o
    0x00002154   0x00002154   0x00000014   Code   RO         1650    i.IRQ041_Handler    hc32_ll_interrupts.o
    0x00002168   0x00002168   0x00000014   Code   RO         1651    i.IRQ042_Handler    hc32_ll_interrupts.o
    0x0000217c   0x0000217c   0x00000014   Code   RO         1652    i.IRQ043_Handler    hc32_ll_interrupts.o
    0x00002190   0x00002190   0x00000014   Code   RO         1653    i.IRQ044_Handler    hc32_ll_interrupts.o
    0x000021a4   0x000021a4   0x00000014   Code   RO         1654    i.IRQ045_Handler    hc32_ll_interrupts.o
    0x000021b8   0x000021b8   0x00000014   Code   RO         1655    i.IRQ046_Handler    hc32_ll_interrupts.o
    0x000021cc   0x000021cc   0x00000014   Code   RO         1656    i.IRQ047_Handler    hc32_ll_interrupts.o
    0x000021e0   0x000021e0   0x00000014   Code   RO         1657    i.IRQ048_Handler    hc32_ll_interrupts.o
    0x000021f4   0x000021f4   0x00000014   Code   RO         1658    i.IRQ049_Handler    hc32_ll_interrupts.o
    0x00002208   0x00002208   0x00000014   Code   RO         1659    i.IRQ050_Handler    hc32_ll_interrupts.o
    0x0000221c   0x0000221c   0x00000014   Code   RO         1660    i.IRQ051_Handler    hc32_ll_interrupts.o
    0x00002230   0x00002230   0x00000014   Code   RO         1661    i.IRQ052_Handler    hc32_ll_interrupts.o
    0x00002244   0x00002244   0x00000014   Code   RO         1662    i.IRQ053_Handler    hc32_ll_interrupts.o
    0x00002258   0x00002258   0x00000014   Code   RO         1663    i.IRQ054_Handler    hc32_ll_interrupts.o
    0x0000226c   0x0000226c   0x00000014   Code   RO         1664    i.IRQ055_Handler    hc32_ll_interrupts.o
    0x00002280   0x00002280   0x00000014   Code   RO         1665    i.IRQ056_Handler    hc32_ll_interrupts.o
    0x00002294   0x00002294   0x00000014   Code   RO         1666    i.IRQ057_Handler    hc32_ll_interrupts.o
    0x000022a8   0x000022a8   0x00000014   Code   RO         1667    i.IRQ058_Handler    hc32_ll_interrupts.o
    0x000022bc   0x000022bc   0x00000014   Code   RO         1668    i.IRQ059_Handler    hc32_ll_interrupts.o
    0x000022d0   0x000022d0   0x00000014   Code   RO         1669    i.IRQ060_Handler    hc32_ll_interrupts.o
    0x000022e4   0x000022e4   0x00000014   Code   RO         1670    i.IRQ061_Handler    hc32_ll_interrupts.o
    0x000022f8   0x000022f8   0x00000014   Code   RO         1671    i.IRQ062_Handler    hc32_ll_interrupts.o
    0x0000230c   0x0000230c   0x00000014   Code   RO         1672    i.IRQ063_Handler    hc32_ll_interrupts.o
    0x00002320   0x00002320   0x00000014   Code   RO         1673    i.IRQ064_Handler    hc32_ll_interrupts.o
    0x00002334   0x00002334   0x00000014   Code   RO         1674    i.IRQ065_Handler    hc32_ll_interrupts.o
    0x00002348   0x00002348   0x00000014   Code   RO         1675    i.IRQ066_Handler    hc32_ll_interrupts.o
    0x0000235c   0x0000235c   0x00000014   Code   RO         1676    i.IRQ067_Handler    hc32_ll_interrupts.o
    0x00002370   0x00002370   0x00000014   Code   RO         1677    i.IRQ068_Handler    hc32_ll_interrupts.o
    0x00002384   0x00002384   0x00000014   Code   RO         1678    i.IRQ069_Handler    hc32_ll_interrupts.o
    0x00002398   0x00002398   0x00000014   Code   RO         1679    i.IRQ070_Handler    hc32_ll_interrupts.o
    0x000023ac   0x000023ac   0x00000014   Code   RO         1680    i.IRQ071_Handler    hc32_ll_interrupts.o
    0x000023c0   0x000023c0   0x00000014   Code   RO         1681    i.IRQ072_Handler    hc32_ll_interrupts.o
    0x000023d4   0x000023d4   0x00000014   Code   RO         1682    i.IRQ073_Handler    hc32_ll_interrupts.o
    0x000023e8   0x000023e8   0x00000014   Code   RO         1683    i.IRQ074_Handler    hc32_ll_interrupts.o
    0x000023fc   0x000023fc   0x00000014   Code   RO         1684    i.IRQ075_Handler    hc32_ll_interrupts.o
    0x00002410   0x00002410   0x00000014   Code   RO         1685    i.IRQ076_Handler    hc32_ll_interrupts.o
    0x00002424   0x00002424   0x00000014   Code   RO         1686    i.IRQ077_Handler    hc32_ll_interrupts.o
    0x00002438   0x00002438   0x00000014   Code   RO         1687    i.IRQ078_Handler    hc32_ll_interrupts.o
    0x0000244c   0x0000244c   0x00000014   Code   RO         1688    i.IRQ079_Handler    hc32_ll_interrupts.o
    0x00002460   0x00002460   0x00000014   Code   RO         1689    i.IRQ080_Handler    hc32_ll_interrupts.o
    0x00002474   0x00002474   0x00000014   Code   RO         1690    i.IRQ081_Handler    hc32_ll_interrupts.o
    0x00002488   0x00002488   0x00000014   Code   RO         1691    i.IRQ082_Handler    hc32_ll_interrupts.o
    0x0000249c   0x0000249c   0x00000014   Code   RO         1692    i.IRQ083_Handler    hc32_ll_interrupts.o
    0x000024b0   0x000024b0   0x00000014   Code   RO         1693    i.IRQ084_Handler    hc32_ll_interrupts.o
    0x000024c4   0x000024c4   0x00000014   Code   RO         1694    i.IRQ085_Handler    hc32_ll_interrupts.o
    0x000024d8   0x000024d8   0x00000014   Code   RO         1695    i.IRQ086_Handler    hc32_ll_interrupts.o
    0x000024ec   0x000024ec   0x00000014   Code   RO         1696    i.IRQ087_Handler    hc32_ll_interrupts.o
    0x00002500   0x00002500   0x00000014   Code   RO         1697    i.IRQ088_Handler    hc32_ll_interrupts.o
    0x00002514   0x00002514   0x00000014   Code   RO         1698    i.IRQ089_Handler    hc32_ll_interrupts.o
    0x00002528   0x00002528   0x00000014   Code   RO         1699    i.IRQ090_Handler    hc32_ll_interrupts.o
    0x0000253c   0x0000253c   0x00000014   Code   RO         1700    i.IRQ091_Handler    hc32_ll_interrupts.o
    0x00002550   0x00002550   0x00000014   Code   RO         1701    i.IRQ092_Handler    hc32_ll_interrupts.o
    0x00002564   0x00002564   0x00000014   Code   RO         1702    i.IRQ093_Handler    hc32_ll_interrupts.o
    0x00002578   0x00002578   0x00000014   Code   RO         1703    i.IRQ094_Handler    hc32_ll_interrupts.o
    0x0000258c   0x0000258c   0x00000014   Code   RO         1704    i.IRQ095_Handler    hc32_ll_interrupts.o
    0x000025a0   0x000025a0   0x00000014   Code   RO         1705    i.IRQ096_Handler    hc32_ll_interrupts.o
    0x000025b4   0x000025b4   0x00000014   Code   RO         1706    i.IRQ097_Handler    hc32_ll_interrupts.o
    0x000025c8   0x000025c8   0x00000014   Code   RO         1707    i.IRQ098_Handler    hc32_ll_interrupts.o
    0x000025dc   0x000025dc   0x00000014   Code   RO         1708    i.IRQ099_Handler    hc32_ll_interrupts.o
    0x000025f0   0x000025f0   0x00000014   Code   RO         1709    i.IRQ100_Handler    hc32_ll_interrupts.o
    0x00002604   0x00002604   0x00000014   Code   RO         1710    i.IRQ101_Handler    hc32_ll_interrupts.o
    0x00002618   0x00002618   0x00000014   Code   RO         1711    i.IRQ102_Handler    hc32_ll_interrupts.o
    0x0000262c   0x0000262c   0x00000014   Code   RO         1712    i.IRQ103_Handler    hc32_ll_interrupts.o
    0x00002640   0x00002640   0x00000014   Code   RO         1713    i.IRQ104_Handler    hc32_ll_interrupts.o
    0x00002654   0x00002654   0x00000014   Code   RO         1714    i.IRQ105_Handler    hc32_ll_interrupts.o
    0x00002668   0x00002668   0x00000014   Code   RO         1715    i.IRQ106_Handler    hc32_ll_interrupts.o
    0x0000267c   0x0000267c   0x00000014   Code   RO         1716    i.IRQ107_Handler    hc32_ll_interrupts.o
    0x00002690   0x00002690   0x00000014   Code   RO         1717    i.IRQ108_Handler    hc32_ll_interrupts.o
    0x000026a4   0x000026a4   0x00000014   Code   RO         1718    i.IRQ109_Handler    hc32_ll_interrupts.o
    0x000026b8   0x000026b8   0x00000014   Code   RO         1719    i.IRQ110_Handler    hc32_ll_interrupts.o
    0x000026cc   0x000026cc   0x00000014   Code   RO         1720    i.IRQ111_Handler    hc32_ll_interrupts.o
    0x000026e0   0x000026e0   0x00000014   Code   RO         1721    i.IRQ112_Handler    hc32_ll_interrupts.o
    0x000026f4   0x000026f4   0x00000014   Code   RO         1722    i.IRQ113_Handler    hc32_ll_interrupts.o
    0x00002708   0x00002708   0x00000014   Code   RO         1723    i.IRQ114_Handler    hc32_ll_interrupts.o
    0x0000271c   0x0000271c   0x00000014   Code   RO         1724    i.IRQ115_Handler    hc32_ll_interrupts.o
    0x00002730   0x00002730   0x00000014   Code   RO         1725    i.IRQ116_Handler    hc32_ll_interrupts.o
    0x00002744   0x00002744   0x00000014   Code   RO         1726    i.IRQ117_Handler    hc32_ll_interrupts.o
    0x00002758   0x00002758   0x00000014   Code   RO         1727    i.IRQ118_Handler    hc32_ll_interrupts.o
    0x0000276c   0x0000276c   0x00000014   Code   RO         1728    i.IRQ119_Handler    hc32_ll_interrupts.o
    0x00002780   0x00002780   0x00000014   Code   RO         1729    i.IRQ120_Handler    hc32_ll_interrupts.o
    0x00002794   0x00002794   0x00000014   Code   RO         1730    i.IRQ121_Handler    hc32_ll_interrupts.o
    0x000027a8   0x000027a8   0x00000014   Code   RO         1731    i.IRQ122_Handler    hc32_ll_interrupts.o
    0x000027bc   0x000027bc   0x00000014   Code   RO         1732    i.IRQ123_Handler    hc32_ll_interrupts.o
    0x000027d0   0x000027d0   0x00000014   Code   RO         1733    i.IRQ124_Handler    hc32_ll_interrupts.o
    0x000027e4   0x000027e4   0x00000014   Code   RO         1734    i.IRQ125_Handler    hc32_ll_interrupts.o
    0x000027f8   0x000027f8   0x00000014   Code   RO         1735    i.IRQ126_Handler    hc32_ll_interrupts.o
    0x0000280c   0x0000280c   0x00000014   Code   RO         1736    i.IRQ127_Handler    hc32_ll_interrupts.o
    0x00002820   0x00002820   0x0000003a   Code   RO         4595    i.LCD_Address_Set   gc9a01_drv.o
    0x0000285a   0x0000285a   0x00000016   Code   RO         4596    i.LCD_DrawPoint     gc9a01_drv.o
    0x00002870   0x00002870   0x00000128   Code   RO         4597    i.LCD_ShowChar      gc9a01_drv.o
    0x00002998   0x00002998   0x000000c0   Code   RO         4598    i.LCD_ShowChinese   gc9a01_drv.o
    0x00002a58   0x00002a58   0x000000f8   Code   RO         4599    i.LCD_ShowChinese12x12  gc9a01_drv.o
    0x00002b50   0x00002b50   0x000000f4   Code   RO         4600    i.LCD_ShowChinese16x16  gc9a01_drv.o
    0x00002c44   0x00002c44   0x000000f8   Code   RO         4601    i.LCD_ShowChinese24x24  gc9a01_drv.o
    0x00002d3c   0x00002d3c   0x000000f4   Code   RO         4602    i.LCD_ShowChinese32x32  gc9a01_drv.o
    0x00002e30   0x00002e30   0x000000e8   Code   RO         4603    i.LCD_ShowChinese40x40  gc9a01_drv.o
    0x00002f18   0x00002f18   0x000000ec   Code   RO         4604    i.LCD_ShowChinese48x48  gc9a01_drv.o
    0x00003004   0x00003004   0x0000007e   Code   RO         4605    i.LCD_ShowIntNum    gc9a01_drv.o
    0x00003082   0x00003082   0x0000003a   Code   RO         4608    i.LCD_ShowString    gc9a01_drv.o
    0x000030bc   0x000030bc   0x00000014   Code   RO         4609    i.LCD_WR_DATA       gc9a01_drv.o
    0x000030d0   0x000030d0   0x0000001e   Code   RO         4611    i.LCD_WR_REG        gc9a01_drv.o
    0x000030ee   0x000030ee   0x00000002   PAD
    0x000030f0   0x000030f0   0x00000078   Code   RO          425    i.LL_PERIPH_WE      hc32_ll.o
    0x00003168   0x00003168   0x00000064   Code   RO          426    i.LL_PERIPH_WP      hc32_ll.o
    0x000031cc   0x000031cc   0x0000006a   Code   RO         4613    i.Lcd_init          gc9a01_drv.o
    0x00003236   0x00003236   0x00000002   PAD
    0x00003238   0x00003238   0x0000002c   Code   RO          306    i.Modbus_Crc_Compute  g.o
    0x00003264   0x00003264   0x0000007c   Code   RO         2534    i.PWC_HighSpeedToHighPerformance  hc32_ll_pwc.o
    0x000032e0   0x000032e0   0x00000018   Code   RO          427    i.PWC_REG_Lock      hc32_ll.o
    0x000032f8   0x000032f8   0x0000004a   Code   RO         4615    i.Picture_display   gc9a01_drv.o
    0x00003342   0x00003342   0x00000004   Code   RO         4090    i.SEGGER_RTT_Init   segger_rtt.o
    0x00003346   0x00003346   0x00000002   PAD
    0x00003348   0x00003348   0x0000005c   Code   RO         4108    i.SEGGER_RTT_WriteNoLock  segger_rtt.o
    0x000033a4   0x000033a4   0x000000ac   Code   RO         2885    i.SPI_Cmd           hc32_ll_spi.o
    0x00003450   0x00003450   0x00000094   Code   RO         4561    i.SPI_Config        bsp_spi.o
    0x000034e4   0x000034e4   0x00000238   Code   RO         2890    i.SPI_Init          hc32_ll_spi.o
    0x0000371c   0x0000371c   0x000000a8   Code   RO         2891    i.SPI_IntCmd        hc32_ll_spi.o
    0x000037c4   0x000037c4   0x00000024   Code   RO         4616    i.SPI_SendByte      gc9a01_drv.o
    0x000037e8   0x000037e8   0x00000026   Code   RO         2901    i.SPI_StructInit    hc32_ll_spi.o
    0x0000380e   0x0000380e   0x00000002   PAD
    0x00003810   0x00003810   0x00000078   Code   RO         2907    i.SPI_WriteData     hc32_ll_spi.o
    0x00003888   0x00003888   0x000000d0   Code   RO         3049    i.SRAM_SetWaitCycle  hc32_ll_sram.o
    0x00003958   0x00003958   0x000000c8   Code   RO         4409    i.SYS_Init          sys_clock.o
    0x00003a20   0x00003a20   0x00000228   Code   RO          542    i.SetSysClockDiv    hc32_ll_clk.o
    0x00003c48   0x00003c48   0x000000fc   Code   RO          543    i.SetSysClockSrc    hc32_ll_clk.o
    0x00003d44   0x00003d44   0x000001e8   Code   RO         3104    i.SmartCard_CalculateBrr  hc32_ll_usart.o
    0x00003f2c   0x00003f2c   0x00000038   Code   RO         3523    i.SysTick_Delay     hc32_ll_utility.o
    0x00003f64   0x00003f64   0x0000000c   Code   RO         3524    i.SysTick_GetTick   hc32_ll_utility.o
    0x00003f70   0x00003f70   0x0000000c   Code   RO         4410    i.SysTick_Handler   sys_clock.o
    0x00003f7c   0x00003f7c   0x00000010   Code   RO         3525    i.SysTick_IncTick   hc32_ll_utility.o
    0x00003f8c   0x00003f8c   0x0000005c   Code   RO         3526    i.SysTick_Init      hc32_ll_utility.o
    0x00003fe8   0x00003fe8   0x0000008c   Code   RO           13    i.SystemCoreClockUpdate  system_hc32f460.o
    0x00004074   0x00004074   0x00000014   Code   RO           14    i.SystemInit        system_hc32f460.o
    0x00004088   0x00004088   0x00000030   Code   RO         4618    i.TFT_clear         gc9a01_drv.o
    0x000040b8   0x000040b8   0x0000003a   Code   RO         4620    i.TFT_full          gc9a01_drv.o
    0x000040f2   0x000040f2   0x00000474   Code   RO         4621    i.TFT_init          gc9a01_drv.o
    0x00004566   0x00004566   0x0000001e   Code   RO         4622    i.TFT_send_cmd      gc9a01_drv.o
    0x00004584   0x00004584   0x0000007c   Code   RO         3388    i.TMR0_ClearStatus  hc32_ll_tmr0.o
    0x00004600   0x00004600   0x00000024   Code   RO         4411    i.TMR0_CompareIrqCallback  sys_clock.o
    0x00004624   0x00004624   0x000000cc   Code   RO         4412    i.TMR0_Config       sys_clock.o
    0x000046f0   0x000046f0   0x00000114   Code   RO         3397    i.TMR0_Init         hc32_ll_tmr0.o
    0x00004804   0x00004804   0x00000094   Code   RO         3398    i.TMR0_IntCmd       hc32_ll_tmr0.o
    0x00004898   0x00004898   0x0000007c   Code   RO         3404    i.TMR0_Start        hc32_ll_tmr0.o
    0x00004914   0x00004914   0x0000001c   Code   RO         3406    i.TMR0_StructInit   hc32_ll_tmr0.o
    0x00004930   0x00004930   0x00000154   Code   RO         3614    i.TMRA_Init         hc32_ll_tmra.o
    0x00004a84   0x00004a84   0x00000130   Code   RO         3616    i.TMRA_PWM_Init     hc32_ll_tmra.o
    0x00004bb4   0x00004bb4   0x000000b0   Code   RO         3617    i.TMRA_PWM_OutputCmd  hc32_ll_tmra.o
    0x00004c64   0x00004c64   0x0000001e   Code   RO         3620    i.TMRA_PWM_StructInit  hc32_ll_tmra.o
    0x00004c82   0x00004c82   0x00000002   PAD
    0x00004c84   0x00004c84   0x0000008c   Code   RO         3629    i.TMRA_SetPeriodValue  hc32_ll_tmra.o
    0x00004d10   0x00004d10   0x00000094   Code   RO         3630    i.TMRA_Start        hc32_ll_tmra.o
    0x00004da4   0x00004da4   0x00000094   Code   RO         3631    i.TMRA_Stop         hc32_ll_tmra.o
    0x00004e38   0x00004e38   0x00000022   Code   RO         3632    i.TMRA_StructInit   hc32_ll_tmra.o
    0x00004e5a   0x00004e5a   0x00000002   PAD
    0x00004e5c   0x00004e5c   0x000000cc   Code   RO         4466    i.TmrA_Config       sys_tmra.o
    0x00004f28   0x00004f28   0x000001c0   Code   RO         3105    i.UART_CalculateBrr  hc32_ll_usart.o
    0x000050e8   0x000050e8   0x000000ac   Code   RO         3106    i.USART_ClearStatus  hc32_ll_usart.o
    0x00005194   0x00005194   0x000000b4   Code   RO         3114    i.USART_FuncCmd     hc32_ll_usart.o
    0x00005248   0x00005248   0x0000007c   Code   RO         3125    i.USART_ReadData    hc32_ll_usart.o
    0x000052c4   0x000052c4   0x0000001c   Code   RO         4505    i.USART_RxError_IrqCallback  sys_uart.o
    0x000052e0   0x000052e0   0x00000018   Code   RO         4506    i.USART_RxFull_IrqCallback  sys_uart.o
    0x000052f8   0x000052f8   0x00000188   Code   RO         3126    i.USART_SetBaudrate  hc32_ll_usart.o
    0x00005480   0x00005480   0x00000018   Code   RO         4507    i.USART_TxComplete_IrqCallback  sys_uart.o
    0x00005498   0x00005498   0x00000034   Code   RO         4508    i.USART_TxEmpty_IrqCallback  sys_uart.o
    0x000054cc   0x000054cc   0x0000019c   Code   RO         3141    i.USART_UART_Init   hc32_ll_usart.o
    0x00005668   0x00005668   0x0000002c   Code   RO         3143    i.USART_UART_StructInit  hc32_ll_usart.o
    0x00005694   0x00005694   0x0000008c   Code   RO         3146    i.USART_WriteData   hc32_ll_usart.o
    0x00005720   0x00005720   0x0000005c   Code   RO         4112    i._DoInit           segger_rtt.o
    0x0000577c   0x0000577c   0x00000016   Code   RO         4113    i._GetAvailWriteSpace  segger_rtt.o
    0x00005792   0x00005792   0x0000005a   Code   RO         4115    i._WriteBlocking    segger_rtt.o
    0x000057ec   0x000057ec   0x00000042   Code   RO         4116    i._WriteNoCheck     segger_rtt.o
    0x0000582e   0x0000582e   0x00000002   PAD
    0x00005830   0x00005830   0x00000030   Code   RO         5126    i.__0snprintf       mc_w.l(printfa.o)
    0x00005860   0x00005860   0x0000002c   Code   RO         5130    i.__0vsnprintf      mc_w.l(printfa.o)
    0x0000588c   0x0000588c   0x0000000e   Code   RO         5204    i.__scatterload_copy  mc_w.l(handlers.o)
    0x0000589a   0x0000589a   0x00000002   Code   RO         5205    i.__scatterload_null  mc_w.l(handlers.o)
    0x0000589c   0x0000589c   0x0000000e   Code   RO         5206    i.__scatterload_zeroinit  mc_w.l(handlers.o)
    0x000058aa   0x000058aa   0x00000002   PAD
    0x000058ac   0x000058ac   0x00000184   Code   RO         5132    i._fp_digits        mc_w.l(printfa.o)
    0x00005a30   0x00005a30   0x000006dc   Code   RO         5133    i._printf_core      mc_w.l(printfa.o)
    0x0000610c   0x0000610c   0x00000024   Code   RO         5134    i._printf_post_padding  mc_w.l(printfa.o)
    0x00006130   0x00006130   0x0000002e   Code   RO         5135    i._printf_pre_padding  mc_w.l(printfa.o)
    0x0000615e   0x0000615e   0x00000016   Code   RO         5136    i._snputc           mc_w.l(printfa.o)
    0x00006174   0x00006174   0x00000038   Code   RO          337    i.appRun            app_main.o
    0x000061ac   0x000061ac   0x0000003c   Code   RO          338    i.app_timer_1ms     app_main.o
    0x000061e8   0x000061e8   0x00000028   Code   RO          339    i.build_frame       app_main.o
    0x00006210   0x00006210   0x0000005c   Code   RO          340    i.comm_cmd_handle   app_main.o
    0x0000626c   0x0000626c   0x00000080   Code   RO          341    i.comm_rev          app_main.o
    0x000062ec   0x000062ec   0x00000068   Code   RO          342    i.comm_send         app_main.o
    0x00006354   0x00006354   0x0000007c   Code   RO           85    i.main              main.o
    0x000063d0   0x000063d0   0x00000010   Code   RO         4625    i.mypow             gc9a01_drv.o
    0x000063e0   0x000063e0   0x00000004   Code   RO         4372    i.nrf_log_backend_rtt_init  qs_log_backend_rtt.o
    0x000063e4   0x000063e4   0x0000004c   Code   RO         4373    i.nrf_log_backend_rtt_put  qs_log_backend_rtt.o
    0x00006430   0x00006430   0x00000064   Code   RO         4317    i.qs_log_error_handler  qs_log.o
    0x00006494   0x00006494   0x0000000a   Code   RO         4318    i.qs_log_init       qs_log.o
    0x0000649e   0x0000649e   0x00000002   PAD
    0x000064a0   0x000064a0   0x00000094   Code   RO         4319    i.qs_log_print      qs_log.o
    0x00006534   0x00006534   0x000003dc   Code   RO          343    i.show_picture      app_main.o
    0x00006910   0x00006910   0x0000006e   Code   RO         4320    i.str_get_in_str    qs_log.o
    0x0000697e   0x0000697e   0x00000002   PAD
    0x00006980   0x00006980   0x000000dc   Code   RO         4509    i.sys_uart_init     sys_uart.o
    0x00006a5c   0x00006a5c   0x00000050   Code   RO          344    i.uart_send         app_main.o
    0x00006aac   0x00006aac   0x00000058   Code   RO          345    i.update_background  app_main.o
    0x00006b04   0x00006b04   0x00000010   Data   RO         3148    .constdata          hc32_ll_usart.o
    0x00006b14   0x00006b14   0x00000011   Data   RO         4118    .constdata          segger_rtt.o
    0x00006b25   0x00006b25   0x00000474   Data   RO         4800    .constdata          lcd_font.o
    0x00006f99   0x00006f99   0x00000620   Data   RO         4801    .constdata          lcd_font.o
    0x000075b9   0x000075b9   0x000011d0   Data   RO         4802    .constdata          lcd_font.o
    0x00008789   0x00008789   0x000017c0   Data   RO         4803    .constdata          lcd_font.o
    0x00009f49   0x00009f49   0x00002c88   Data   RO         4804    .constdata          lcd_font.o
    0x0000cbd1   0x0000cbd1   0x0000004e   Data   RO         4805    .constdata          lcd_font.o
    0x0000cc1f   0x0000cc1f   0x00000066   Data   RO         4806    .constdata          lcd_font.o
    0x0000cc85   0x0000cc85   0x000006a6   Data   RO         4807    .constdata          lcd_font.o
    0x0000d32b   0x0000d32b   0x00000f3c   Data   RO         4808    .constdata          lcd_font.o
    0x0000e267   0x0000e267   0x00000fc8   Data   RO         4809    .constdata          lcd_font.o
    0x0000f22f   0x0000f22f   0x00000122   Data   RO         4810    .constdata          lcd_font.o
    0x0000f351   0x0000f351   0x0001c200   Data   RO         4852    .constdata          lcd_pic.o
    0x0002b551   0x0002b551   0x0001c200   Data   RO         4853    .constdata          lcd_pic.o
    0x00047751   0x00047751   0x0001c200   Data   RO         4854    .constdata          lcd_pic.o
    0x00063951   0x00063951   0x0001c200   Data   RO         4855    .constdata          lcd_pic.o
    0x0007fb51   0x0007fb51   0x00000003   PAD
    0x0007fb54   0x0007fb54   0x0000004b   Data   RO          347    .conststring        app_main.o
    0x0007fb9f   0x0007fb9f   0x00000001   PAD
    0x0007fba0   0x0007fba0   0x00000042   Data   RO         1743    .conststring        hc32_ll_interrupts.o
    0x0007fbe2   0x0007fbe2   0x00000002   PAD
    0x0007fbe4   0x0007fbe4   0x00000020   Data   RO         5202    Region$$Table       anon$$obj.o


    Execution Region RW_IRAM1 (Exec base: 0x1fff8000, Load base: 0x0007fc04, Size: 0x00000008, Max: 0x00000008, ABSOLUTE, UNINIT)

    Exec Addr    Load Addr    Size         Type   Attr      Idx    E Section Name        Object

    0x1fff8000        -       0x00000008   Zero   RW           15    .bss.noinit         system_hc32f460.o


    Execution Region RW_IRAM2 (Exec base: 0x1fff8008, Load base: 0x0007fc04, Size: 0x000027c0, Max: 0x0002eff8, ABSOLUTE, COMPRESSED[0x00000208])

    Exec Addr    Load Addr    Size         Type   Attr      Idx    E Section Name        Object

    0x1fff8008   COMPRESSED   0x00000200   Data   RW          309    .data               g.o
    0x1fff8208   COMPRESSED   0x00000002   Data   RW          310    .data               g.o
    0x1fff820a   COMPRESSED   0x00000002   PAD
    0x1fff820c   COMPRESSED   0x00000010   Data   RW          311    .data               g.o
    0x1fff821c   COMPRESSED   0x00000010   Data   RW          348    .data               app_main.o
    0x1fff822c   COMPRESSED   0x00000008   Data   RW         3529    .data               hc32_ll_utility.o
    0x1fff8234   COMPRESSED   0x00000004   Data   RW         3847    .data               ev_hc32f460_lqfp100_v2.o
    0x1fff8238   COMPRESSED   0x00000001   Data   RW         4374    .data               qs_log_backend_rtt.o
    0x1fff8239   COMPRESSED   0x00000003   PAD
    0x1fff823c   COMPRESSED   0x00000004   Data   RW         4413    .data               sys_clock.o
    0x1fff8240   COMPRESSED   0x00000004   Data   RW         4511    .data               sys_uart.o
    0x1fff8244   COMPRESSED   0x00000006   Data   RW         4512    .data               sys_uart.o
    0x1fff824a   COMPRESSED   0x00000002   PAD
    0x1fff824c        -       0x00000010   Zero   RW          307    .bss                g.o
    0x1fff825c        -       0x00000014   Zero   RW          346    .bss                app_main.o
    0x1fff8270        -       0x00000200   Zero   RW         1742    .bss                hc32_ll_interrupts.o
    0x1fff8470        -       0x000001b8   Zero   RW         4117    .bss                segger_rtt.o
    0x1fff8628        -       0x00000100   Zero   RW         4321    .bss                qs_log.o
    0x1fff8728        -       0x000000a0   Zero   RW         4510    .bss                sys_uart.o
    0x1fff87c8        -       0x00002000   Zero   RW            1    STACK               startup_hc32f460.o


    Execution Region RW_IRAMB (Exec base: 0x200f0000, Load base: 0x0007fe0c, Size: 0x00000000, Max: 0x00001000, ABSOLUTE)

    **** No section assigned to this execution region ****


==============================================================================

Image component sizes


      Code (inc. data)   RO Data    RW Data    ZI Data      Debug   Object Name

      1772        342         75         16         20       8147   app_main.o
       148          4          0          0          0        665   bsp_spi.o
        40          6          0          4          0       5395   ev_hc32f460_lqfp100_v2.o
        44          6          0        530         16       2403   g.o
      3844         58          0          0          0      27722   gc9a01_drv.o
       244         52          0          0          0      20158   hc32_ll.o
      3068        838          0          0          0      22023   hc32_ll_clk.o
       180         72          0          0          0        791   hc32_ll_efm.o
       240        136          0          0          0       1450   hc32_ll_fcg.o
      1214        384          0          0          0       9035   hc32_ll_gpio.o
         0          0         32          0          0        806   hc32_ll_icg.o
      2744        602         66          0        512     108439   hc32_ll_interrupts.o
       124         70          0          0          0        641   hc32_ll_pwc.o
      1066        304          0          0          0       8463   hc32_ll_spi.o
       208         66          0          0          0        916   hc32_ll_sram.o
       700        276          0          0          0       5544   hc32_ll_tmr0.o
      1320        512          0          0          0      10644   hc32_ll_tmra.o
      2784        806         16          0          0      12565   hc32_ll_usart.o
       306         52          0          8          0      35542   hc32_ll_utility.o
        24          0      34860          0          0       4897   lcd_font.o
         0          0     460800          0          0        893   lcd_pic.o
       124         50          0          0          0      41383   main.o
       368         90          0          0        256       3688   qs_log.o
        80          6          0          1          0       2265   qs_log_backend_rtt.o
       366         26         17          0        440       9741   segger_rtt.o
         0          0          0          0          0       1808   segger_rtt_syscalls_keil.o
       100         24        640          0       8192        852   startup_hc32f460.o
       452         24          0          4          0       3979   sys_clock.o
       228         22          0          0          0       2533   sys_tmra.o
       452         56          0         10        160       5194   sys_uart.o
       160         38          0          0          8     268777   system_hc32f460.o

    ----------------------------------------------------------------------
     22422       4922     496544        580       9604     627359   Object Totals
         0          0         32          0          0          0   (incl. Generated)
        22          0          6          7          0          0   (incl. Padding)

    ----------------------------------------------------------------------

      Code (inc. data)   RO Data    RW Data    ZI Data      Debug   Library Member Name

        58          0          0          0          0          0   __dczerorl.o
         0          0          0          0          0          0   entry.o
         0          0          0          0          0          0   entry10a.o
         0          0          0          0          0          0   entry11a.o
         8          4          0          0          0          0   entry2.o
         4          0          0          0          0          0   entry5.o
         0          0          0          0          0          0   entry7b.o
         0          0          0          0          0          0   entry8b.o
         8          4          0          0          0          0   entry9a.o
        30          0          0          0          0          0   handlers.o
        36          8          0          0          0         68   init.o
         0          0          0          0          0          0   iusefp.o
        30          0          0          0          0         68   llshl.o
        36          0          0          0          0         68   llsshr.o
        32          0          0          0          0         68   llushr.o
        36          0          0          0          0         68   memcpya.o
        36          0          0          0          0        108   memseta.o
      2340         88          0          0          0        600   printfa.o
        14          0          0          0          0         68   strlen.o
        30          0          0          0          0         80   strncmp.o
        44          0          0          0          0         80   uidiv.o
        98          0          0          0          0         92   uldiv.o
        48          0          0          0          0         68   cdrcmple.o
        56          0          0          0          0         88   d2f.o
       334          0          0          0          0        148   dadd.o
       222          0          0          0          0        100   ddiv.o
       186          0          0          0          0        176   depilogue.o
        48          0          0          0          0         68   dfixul.o
        26          0          0          0          0         76   dfltui.o
        24          0          0          0          0         76   dfltul.o
       228          0          0          0          0         96   dmul.o
       176          0          0          0          0        140   fadd.o
       110          0          0          0          0        168   fepilogue.o

    ----------------------------------------------------------------------
      4302        104          0          0          0       2572   Library Totals
         4          0          0          0          0          0   (incl. Padding)

    ----------------------------------------------------------------------

      Code (inc. data)   RO Data    RW Data    ZI Data      Debug   Library Name

      2840        104          0          0          0       1368   mc_w.l
      1458          0          0          0          0       1204   mf_w.l

    ----------------------------------------------------------------------
      4302        104          0          0          0       2572   Library Totals

    ----------------------------------------------------------------------

==============================================================================


      Code (inc. data)   RO Data    RW Data    ZI Data      Debug   

     26724       5026     496544        580       9604     614979   Grand Totals
     26724       5026     496544        520       9604     614979   ELF Image Totals (compressed)
     26724       5026     496544        520          0          0   ROM Totals

==============================================================================

    Total RO  Size (Code + RO Data)               523268 ( 511.00kB)
    Total RW  Size (RW Data + ZI Data)             10184 (   9.95kB)
    Total ROM Size (Code + RO Data + RW Data)     523788 ( 511.51kB)

==============================================================================

