<!doctype html public "-//w3c//dtd html 4.0 transitional//en">
<html><head>
<title>Static Call Graph - [.\output\debug\usart_uart_int.axf]</title></head>
<body><HR>
<H1>Static Call Graph for image .\output\debug\usart_uart_int.axf</H1><HR>
<BR><P>#&#060CALLGRAPH&#062# ARM Linker, 5060528: Last Updated: Fri Aug 01 08:38:34 2025
<BR><P>
<H3>Maximum Stack Usage =        264 bytes + Unknown(Cycles, Untraceable Function Pointers)</H3><H3>
Call chain for Maximum Stack Depth:</H3>
main &rArr; sys_uart_init &rArr; USART_UART_Init &rArr; USART_SetBaudrate &rArr; SmartCard_CalculateBrr &rArr; __aeabi_ul2d &rArr; _double_epilogue &rArr; _double_round
<P>
<H3>
Mutually Recursive functions
</H3> <LI><a href="#[1]">NMI_Handler</a>&nbsp;&nbsp;&nbsp;&rArr;&nbsp;&nbsp;&nbsp;<a href="#[1]">NMI_Handler</a><BR>
 <LI><a href="#[2]">HardFault_Handler</a>&nbsp;&nbsp;&nbsp;&rArr;&nbsp;&nbsp;&nbsp;<a href="#[2]">HardFault_Handler</a><BR>
 <LI><a href="#[3]">MemManage_Handler</a>&nbsp;&nbsp;&nbsp;&rArr;&nbsp;&nbsp;&nbsp;<a href="#[3]">MemManage_Handler</a><BR>
 <LI><a href="#[4]">BusFault_Handler</a>&nbsp;&nbsp;&nbsp;&rArr;&nbsp;&nbsp;&nbsp;<a href="#[4]">BusFault_Handler</a><BR>
 <LI><a href="#[5]">UsageFault_Handler</a>&nbsp;&nbsp;&nbsp;&rArr;&nbsp;&nbsp;&nbsp;<a href="#[5]">UsageFault_Handler</a><BR>
 <LI><a href="#[6]">SVC_Handler</a>&nbsp;&nbsp;&nbsp;&rArr;&nbsp;&nbsp;&nbsp;<a href="#[6]">SVC_Handler</a><BR>
 <LI><a href="#[7]">DebugMon_Handler</a>&nbsp;&nbsp;&nbsp;&rArr;&nbsp;&nbsp;&nbsp;<a href="#[7]">DebugMon_Handler</a><BR>
 <LI><a href="#[8]">PendSV_Handler</a>&nbsp;&nbsp;&nbsp;&rArr;&nbsp;&nbsp;&nbsp;<a href="#[8]">PendSV_Handler</a><BR>
 <LI><a href="#[8a]">IRQ128_Handler</a>&nbsp;&nbsp;&nbsp;&rArr;&nbsp;&nbsp;&nbsp;<a href="#[8a]">IRQ128_Handler</a><BR>
 <LI><a href="#[a3]">DDL_AssertHandler</a>&nbsp;&nbsp;&nbsp;&rArr;&nbsp;&nbsp;&nbsp;<a href="#[a3]">DDL_AssertHandler</a><BR>
</UL>
<P>
<H3>
Function Pointers
</H3><UL>
 <LI><a href="#[4]">BusFault_Handler</a> from startup_hc32f460.o(.text) referenced from startup_hc32f460.o(RESET)
 <LI><a href="#[7]">DebugMon_Handler</a> from startup_hc32f460.o(.text) referenced from startup_hc32f460.o(RESET)
 <LI><a href="#[2]">HardFault_Handler</a> from startup_hc32f460.o(.text) referenced from startup_hc32f460.o(RESET)
 <LI><a href="#[a]">IRQ000_Handler</a> from hc32_ll_interrupts.o(i.IRQ000_Handler) referenced from startup_hc32f460.o(RESET)
 <LI><a href="#[b]">IRQ001_Handler</a> from hc32_ll_interrupts.o(i.IRQ001_Handler) referenced from startup_hc32f460.o(RESET)
 <LI><a href="#[c]">IRQ002_Handler</a> from hc32_ll_interrupts.o(i.IRQ002_Handler) referenced from startup_hc32f460.o(RESET)
 <LI><a href="#[d]">IRQ003_Handler</a> from hc32_ll_interrupts.o(i.IRQ003_Handler) referenced from startup_hc32f460.o(RESET)
 <LI><a href="#[e]">IRQ004_Handler</a> from hc32_ll_interrupts.o(i.IRQ004_Handler) referenced from startup_hc32f460.o(RESET)
 <LI><a href="#[f]">IRQ005_Handler</a> from hc32_ll_interrupts.o(i.IRQ005_Handler) referenced from startup_hc32f460.o(RESET)
 <LI><a href="#[10]">IRQ006_Handler</a> from hc32_ll_interrupts.o(i.IRQ006_Handler) referenced from startup_hc32f460.o(RESET)
 <LI><a href="#[11]">IRQ007_Handler</a> from hc32_ll_interrupts.o(i.IRQ007_Handler) referenced from startup_hc32f460.o(RESET)
 <LI><a href="#[12]">IRQ008_Handler</a> from hc32_ll_interrupts.o(i.IRQ008_Handler) referenced from startup_hc32f460.o(RESET)
 <LI><a href="#[13]">IRQ009_Handler</a> from hc32_ll_interrupts.o(i.IRQ009_Handler) referenced from startup_hc32f460.o(RESET)
 <LI><a href="#[14]">IRQ010_Handler</a> from hc32_ll_interrupts.o(i.IRQ010_Handler) referenced from startup_hc32f460.o(RESET)
 <LI><a href="#[15]">IRQ011_Handler</a> from hc32_ll_interrupts.o(i.IRQ011_Handler) referenced from startup_hc32f460.o(RESET)
 <LI><a href="#[16]">IRQ012_Handler</a> from hc32_ll_interrupts.o(i.IRQ012_Handler) referenced from startup_hc32f460.o(RESET)
 <LI><a href="#[17]">IRQ013_Handler</a> from hc32_ll_interrupts.o(i.IRQ013_Handler) referenced from startup_hc32f460.o(RESET)
 <LI><a href="#[18]">IRQ014_Handler</a> from hc32_ll_interrupts.o(i.IRQ014_Handler) referenced from startup_hc32f460.o(RESET)
 <LI><a href="#[19]">IRQ015_Handler</a> from hc32_ll_interrupts.o(i.IRQ015_Handler) referenced from startup_hc32f460.o(RESET)
 <LI><a href="#[1a]">IRQ016_Handler</a> from hc32_ll_interrupts.o(i.IRQ016_Handler) referenced from startup_hc32f460.o(RESET)
 <LI><a href="#[1b]">IRQ017_Handler</a> from hc32_ll_interrupts.o(i.IRQ017_Handler) referenced from startup_hc32f460.o(RESET)
 <LI><a href="#[1c]">IRQ018_Handler</a> from hc32_ll_interrupts.o(i.IRQ018_Handler) referenced from startup_hc32f460.o(RESET)
 <LI><a href="#[1d]">IRQ019_Handler</a> from hc32_ll_interrupts.o(i.IRQ019_Handler) referenced from startup_hc32f460.o(RESET)
 <LI><a href="#[1e]">IRQ020_Handler</a> from hc32_ll_interrupts.o(i.IRQ020_Handler) referenced from startup_hc32f460.o(RESET)
 <LI><a href="#[1f]">IRQ021_Handler</a> from hc32_ll_interrupts.o(i.IRQ021_Handler) referenced from startup_hc32f460.o(RESET)
 <LI><a href="#[20]">IRQ022_Handler</a> from hc32_ll_interrupts.o(i.IRQ022_Handler) referenced from startup_hc32f460.o(RESET)
 <LI><a href="#[21]">IRQ023_Handler</a> from hc32_ll_interrupts.o(i.IRQ023_Handler) referenced from startup_hc32f460.o(RESET)
 <LI><a href="#[22]">IRQ024_Handler</a> from hc32_ll_interrupts.o(i.IRQ024_Handler) referenced from startup_hc32f460.o(RESET)
 <LI><a href="#[23]">IRQ025_Handler</a> from hc32_ll_interrupts.o(i.IRQ025_Handler) referenced from startup_hc32f460.o(RESET)
 <LI><a href="#[24]">IRQ026_Handler</a> from hc32_ll_interrupts.o(i.IRQ026_Handler) referenced from startup_hc32f460.o(RESET)
 <LI><a href="#[25]">IRQ027_Handler</a> from hc32_ll_interrupts.o(i.IRQ027_Handler) referenced from startup_hc32f460.o(RESET)
 <LI><a href="#[26]">IRQ028_Handler</a> from hc32_ll_interrupts.o(i.IRQ028_Handler) referenced from startup_hc32f460.o(RESET)
 <LI><a href="#[27]">IRQ029_Handler</a> from hc32_ll_interrupts.o(i.IRQ029_Handler) referenced from startup_hc32f460.o(RESET)
 <LI><a href="#[28]">IRQ030_Handler</a> from hc32_ll_interrupts.o(i.IRQ030_Handler) referenced from startup_hc32f460.o(RESET)
 <LI><a href="#[29]">IRQ031_Handler</a> from hc32_ll_interrupts.o(i.IRQ031_Handler) referenced from startup_hc32f460.o(RESET)
 <LI><a href="#[2a]">IRQ032_Handler</a> from hc32_ll_interrupts.o(i.IRQ032_Handler) referenced from startup_hc32f460.o(RESET)
 <LI><a href="#[2b]">IRQ033_Handler</a> from hc32_ll_interrupts.o(i.IRQ033_Handler) referenced from startup_hc32f460.o(RESET)
 <LI><a href="#[2c]">IRQ034_Handler</a> from hc32_ll_interrupts.o(i.IRQ034_Handler) referenced from startup_hc32f460.o(RESET)
 <LI><a href="#[2d]">IRQ035_Handler</a> from hc32_ll_interrupts.o(i.IRQ035_Handler) referenced from startup_hc32f460.o(RESET)
 <LI><a href="#[2e]">IRQ036_Handler</a> from hc32_ll_interrupts.o(i.IRQ036_Handler) referenced from startup_hc32f460.o(RESET)
 <LI><a href="#[2f]">IRQ037_Handler</a> from hc32_ll_interrupts.o(i.IRQ037_Handler) referenced from startup_hc32f460.o(RESET)
 <LI><a href="#[30]">IRQ038_Handler</a> from hc32_ll_interrupts.o(i.IRQ038_Handler) referenced from startup_hc32f460.o(RESET)
 <LI><a href="#[31]">IRQ039_Handler</a> from hc32_ll_interrupts.o(i.IRQ039_Handler) referenced from startup_hc32f460.o(RESET)
 <LI><a href="#[32]">IRQ040_Handler</a> from hc32_ll_interrupts.o(i.IRQ040_Handler) referenced from startup_hc32f460.o(RESET)
 <LI><a href="#[33]">IRQ041_Handler</a> from hc32_ll_interrupts.o(i.IRQ041_Handler) referenced from startup_hc32f460.o(RESET)
 <LI><a href="#[34]">IRQ042_Handler</a> from hc32_ll_interrupts.o(i.IRQ042_Handler) referenced from startup_hc32f460.o(RESET)
 <LI><a href="#[35]">IRQ043_Handler</a> from hc32_ll_interrupts.o(i.IRQ043_Handler) referenced from startup_hc32f460.o(RESET)
 <LI><a href="#[36]">IRQ044_Handler</a> from hc32_ll_interrupts.o(i.IRQ044_Handler) referenced from startup_hc32f460.o(RESET)
 <LI><a href="#[37]">IRQ045_Handler</a> from hc32_ll_interrupts.o(i.IRQ045_Handler) referenced from startup_hc32f460.o(RESET)
 <LI><a href="#[38]">IRQ046_Handler</a> from hc32_ll_interrupts.o(i.IRQ046_Handler) referenced from startup_hc32f460.o(RESET)
 <LI><a href="#[39]">IRQ047_Handler</a> from hc32_ll_interrupts.o(i.IRQ047_Handler) referenced from startup_hc32f460.o(RESET)
 <LI><a href="#[3a]">IRQ048_Handler</a> from hc32_ll_interrupts.o(i.IRQ048_Handler) referenced from startup_hc32f460.o(RESET)
 <LI><a href="#[3b]">IRQ049_Handler</a> from hc32_ll_interrupts.o(i.IRQ049_Handler) referenced from startup_hc32f460.o(RESET)
 <LI><a href="#[3c]">IRQ050_Handler</a> from hc32_ll_interrupts.o(i.IRQ050_Handler) referenced from startup_hc32f460.o(RESET)
 <LI><a href="#[3d]">IRQ051_Handler</a> from hc32_ll_interrupts.o(i.IRQ051_Handler) referenced from startup_hc32f460.o(RESET)
 <LI><a href="#[3e]">IRQ052_Handler</a> from hc32_ll_interrupts.o(i.IRQ052_Handler) referenced from startup_hc32f460.o(RESET)
 <LI><a href="#[3f]">IRQ053_Handler</a> from hc32_ll_interrupts.o(i.IRQ053_Handler) referenced from startup_hc32f460.o(RESET)
 <LI><a href="#[40]">IRQ054_Handler</a> from hc32_ll_interrupts.o(i.IRQ054_Handler) referenced from startup_hc32f460.o(RESET)
 <LI><a href="#[41]">IRQ055_Handler</a> from hc32_ll_interrupts.o(i.IRQ055_Handler) referenced from startup_hc32f460.o(RESET)
 <LI><a href="#[42]">IRQ056_Handler</a> from hc32_ll_interrupts.o(i.IRQ056_Handler) referenced from startup_hc32f460.o(RESET)
 <LI><a href="#[43]">IRQ057_Handler</a> from hc32_ll_interrupts.o(i.IRQ057_Handler) referenced from startup_hc32f460.o(RESET)
 <LI><a href="#[44]">IRQ058_Handler</a> from hc32_ll_interrupts.o(i.IRQ058_Handler) referenced from startup_hc32f460.o(RESET)
 <LI><a href="#[45]">IRQ059_Handler</a> from hc32_ll_interrupts.o(i.IRQ059_Handler) referenced from startup_hc32f460.o(RESET)
 <LI><a href="#[46]">IRQ060_Handler</a> from hc32_ll_interrupts.o(i.IRQ060_Handler) referenced from startup_hc32f460.o(RESET)
 <LI><a href="#[47]">IRQ061_Handler</a> from hc32_ll_interrupts.o(i.IRQ061_Handler) referenced from startup_hc32f460.o(RESET)
 <LI><a href="#[48]">IRQ062_Handler</a> from hc32_ll_interrupts.o(i.IRQ062_Handler) referenced from startup_hc32f460.o(RESET)
 <LI><a href="#[49]">IRQ063_Handler</a> from hc32_ll_interrupts.o(i.IRQ063_Handler) referenced from startup_hc32f460.o(RESET)
 <LI><a href="#[4a]">IRQ064_Handler</a> from hc32_ll_interrupts.o(i.IRQ064_Handler) referenced from startup_hc32f460.o(RESET)
 <LI><a href="#[4b]">IRQ065_Handler</a> from hc32_ll_interrupts.o(i.IRQ065_Handler) referenced from startup_hc32f460.o(RESET)
 <LI><a href="#[4c]">IRQ066_Handler</a> from hc32_ll_interrupts.o(i.IRQ066_Handler) referenced from startup_hc32f460.o(RESET)
 <LI><a href="#[4d]">IRQ067_Handler</a> from hc32_ll_interrupts.o(i.IRQ067_Handler) referenced from startup_hc32f460.o(RESET)
 <LI><a href="#[4e]">IRQ068_Handler</a> from hc32_ll_interrupts.o(i.IRQ068_Handler) referenced from startup_hc32f460.o(RESET)
 <LI><a href="#[4f]">IRQ069_Handler</a> from hc32_ll_interrupts.o(i.IRQ069_Handler) referenced from startup_hc32f460.o(RESET)
 <LI><a href="#[50]">IRQ070_Handler</a> from hc32_ll_interrupts.o(i.IRQ070_Handler) referenced from startup_hc32f460.o(RESET)
 <LI><a href="#[51]">IRQ071_Handler</a> from hc32_ll_interrupts.o(i.IRQ071_Handler) referenced from startup_hc32f460.o(RESET)
 <LI><a href="#[52]">IRQ072_Handler</a> from hc32_ll_interrupts.o(i.IRQ072_Handler) referenced from startup_hc32f460.o(RESET)
 <LI><a href="#[53]">IRQ073_Handler</a> from hc32_ll_interrupts.o(i.IRQ073_Handler) referenced from startup_hc32f460.o(RESET)
 <LI><a href="#[54]">IRQ074_Handler</a> from hc32_ll_interrupts.o(i.IRQ074_Handler) referenced from startup_hc32f460.o(RESET)
 <LI><a href="#[55]">IRQ075_Handler</a> from hc32_ll_interrupts.o(i.IRQ075_Handler) referenced from startup_hc32f460.o(RESET)
 <LI><a href="#[56]">IRQ076_Handler</a> from hc32_ll_interrupts.o(i.IRQ076_Handler) referenced from startup_hc32f460.o(RESET)
 <LI><a href="#[57]">IRQ077_Handler</a> from hc32_ll_interrupts.o(i.IRQ077_Handler) referenced from startup_hc32f460.o(RESET)
 <LI><a href="#[58]">IRQ078_Handler</a> from hc32_ll_interrupts.o(i.IRQ078_Handler) referenced from startup_hc32f460.o(RESET)
 <LI><a href="#[59]">IRQ079_Handler</a> from hc32_ll_interrupts.o(i.IRQ079_Handler) referenced from startup_hc32f460.o(RESET)
 <LI><a href="#[5a]">IRQ080_Handler</a> from hc32_ll_interrupts.o(i.IRQ080_Handler) referenced from startup_hc32f460.o(RESET)
 <LI><a href="#[5b]">IRQ081_Handler</a> from hc32_ll_interrupts.o(i.IRQ081_Handler) referenced from startup_hc32f460.o(RESET)
 <LI><a href="#[5c]">IRQ082_Handler</a> from hc32_ll_interrupts.o(i.IRQ082_Handler) referenced from startup_hc32f460.o(RESET)
 <LI><a href="#[5d]">IRQ083_Handler</a> from hc32_ll_interrupts.o(i.IRQ083_Handler) referenced from startup_hc32f460.o(RESET)
 <LI><a href="#[5e]">IRQ084_Handler</a> from hc32_ll_interrupts.o(i.IRQ084_Handler) referenced from startup_hc32f460.o(RESET)
 <LI><a href="#[5f]">IRQ085_Handler</a> from hc32_ll_interrupts.o(i.IRQ085_Handler) referenced from startup_hc32f460.o(RESET)
 <LI><a href="#[60]">IRQ086_Handler</a> from hc32_ll_interrupts.o(i.IRQ086_Handler) referenced from startup_hc32f460.o(RESET)
 <LI><a href="#[61]">IRQ087_Handler</a> from hc32_ll_interrupts.o(i.IRQ087_Handler) referenced from startup_hc32f460.o(RESET)
 <LI><a href="#[62]">IRQ088_Handler</a> from hc32_ll_interrupts.o(i.IRQ088_Handler) referenced from startup_hc32f460.o(RESET)
 <LI><a href="#[63]">IRQ089_Handler</a> from hc32_ll_interrupts.o(i.IRQ089_Handler) referenced from startup_hc32f460.o(RESET)
 <LI><a href="#[64]">IRQ090_Handler</a> from hc32_ll_interrupts.o(i.IRQ090_Handler) referenced from startup_hc32f460.o(RESET)
 <LI><a href="#[65]">IRQ091_Handler</a> from hc32_ll_interrupts.o(i.IRQ091_Handler) referenced from startup_hc32f460.o(RESET)
 <LI><a href="#[66]">IRQ092_Handler</a> from hc32_ll_interrupts.o(i.IRQ092_Handler) referenced from startup_hc32f460.o(RESET)
 <LI><a href="#[67]">IRQ093_Handler</a> from hc32_ll_interrupts.o(i.IRQ093_Handler) referenced from startup_hc32f460.o(RESET)
 <LI><a href="#[68]">IRQ094_Handler</a> from hc32_ll_interrupts.o(i.IRQ094_Handler) referenced from startup_hc32f460.o(RESET)
 <LI><a href="#[69]">IRQ095_Handler</a> from hc32_ll_interrupts.o(i.IRQ095_Handler) referenced from startup_hc32f460.o(RESET)
 <LI><a href="#[6a]">IRQ096_Handler</a> from hc32_ll_interrupts.o(i.IRQ096_Handler) referenced from startup_hc32f460.o(RESET)
 <LI><a href="#[6b]">IRQ097_Handler</a> from hc32_ll_interrupts.o(i.IRQ097_Handler) referenced from startup_hc32f460.o(RESET)
 <LI><a href="#[6c]">IRQ098_Handler</a> from hc32_ll_interrupts.o(i.IRQ098_Handler) referenced from startup_hc32f460.o(RESET)
 <LI><a href="#[6d]">IRQ099_Handler</a> from hc32_ll_interrupts.o(i.IRQ099_Handler) referenced from startup_hc32f460.o(RESET)
 <LI><a href="#[6e]">IRQ100_Handler</a> from hc32_ll_interrupts.o(i.IRQ100_Handler) referenced from startup_hc32f460.o(RESET)
 <LI><a href="#[6f]">IRQ101_Handler</a> from hc32_ll_interrupts.o(i.IRQ101_Handler) referenced from startup_hc32f460.o(RESET)
 <LI><a href="#[70]">IRQ102_Handler</a> from hc32_ll_interrupts.o(i.IRQ102_Handler) referenced from startup_hc32f460.o(RESET)
 <LI><a href="#[71]">IRQ103_Handler</a> from hc32_ll_interrupts.o(i.IRQ103_Handler) referenced from startup_hc32f460.o(RESET)
 <LI><a href="#[72]">IRQ104_Handler</a> from hc32_ll_interrupts.o(i.IRQ104_Handler) referenced from startup_hc32f460.o(RESET)
 <LI><a href="#[73]">IRQ105_Handler</a> from hc32_ll_interrupts.o(i.IRQ105_Handler) referenced from startup_hc32f460.o(RESET)
 <LI><a href="#[74]">IRQ106_Handler</a> from hc32_ll_interrupts.o(i.IRQ106_Handler) referenced from startup_hc32f460.o(RESET)
 <LI><a href="#[75]">IRQ107_Handler</a> from hc32_ll_interrupts.o(i.IRQ107_Handler) referenced from startup_hc32f460.o(RESET)
 <LI><a href="#[76]">IRQ108_Handler</a> from hc32_ll_interrupts.o(i.IRQ108_Handler) referenced from startup_hc32f460.o(RESET)
 <LI><a href="#[77]">IRQ109_Handler</a> from hc32_ll_interrupts.o(i.IRQ109_Handler) referenced from startup_hc32f460.o(RESET)
 <LI><a href="#[78]">IRQ110_Handler</a> from hc32_ll_interrupts.o(i.IRQ110_Handler) referenced from startup_hc32f460.o(RESET)
 <LI><a href="#[79]">IRQ111_Handler</a> from hc32_ll_interrupts.o(i.IRQ111_Handler) referenced from startup_hc32f460.o(RESET)
 <LI><a href="#[7a]">IRQ112_Handler</a> from hc32_ll_interrupts.o(i.IRQ112_Handler) referenced from startup_hc32f460.o(RESET)
 <LI><a href="#[7b]">IRQ113_Handler</a> from hc32_ll_interrupts.o(i.IRQ113_Handler) referenced from startup_hc32f460.o(RESET)
 <LI><a href="#[7c]">IRQ114_Handler</a> from hc32_ll_interrupts.o(i.IRQ114_Handler) referenced from startup_hc32f460.o(RESET)
 <LI><a href="#[7d]">IRQ115_Handler</a> from hc32_ll_interrupts.o(i.IRQ115_Handler) referenced from startup_hc32f460.o(RESET)
 <LI><a href="#[7e]">IRQ116_Handler</a> from hc32_ll_interrupts.o(i.IRQ116_Handler) referenced from startup_hc32f460.o(RESET)
 <LI><a href="#[7f]">IRQ117_Handler</a> from hc32_ll_interrupts.o(i.IRQ117_Handler) referenced from startup_hc32f460.o(RESET)
 <LI><a href="#[80]">IRQ118_Handler</a> from hc32_ll_interrupts.o(i.IRQ118_Handler) referenced from startup_hc32f460.o(RESET)
 <LI><a href="#[81]">IRQ119_Handler</a> from hc32_ll_interrupts.o(i.IRQ119_Handler) referenced from startup_hc32f460.o(RESET)
 <LI><a href="#[82]">IRQ120_Handler</a> from hc32_ll_interrupts.o(i.IRQ120_Handler) referenced from startup_hc32f460.o(RESET)
 <LI><a href="#[83]">IRQ121_Handler</a> from hc32_ll_interrupts.o(i.IRQ121_Handler) referenced from startup_hc32f460.o(RESET)
 <LI><a href="#[84]">IRQ122_Handler</a> from hc32_ll_interrupts.o(i.IRQ122_Handler) referenced from startup_hc32f460.o(RESET)
 <LI><a href="#[85]">IRQ123_Handler</a> from hc32_ll_interrupts.o(i.IRQ123_Handler) referenced from startup_hc32f460.o(RESET)
 <LI><a href="#[86]">IRQ124_Handler</a> from hc32_ll_interrupts.o(i.IRQ124_Handler) referenced from startup_hc32f460.o(RESET)
 <LI><a href="#[87]">IRQ125_Handler</a> from hc32_ll_interrupts.o(i.IRQ125_Handler) referenced from startup_hc32f460.o(RESET)
 <LI><a href="#[88]">IRQ126_Handler</a> from hc32_ll_interrupts.o(i.IRQ126_Handler) referenced from startup_hc32f460.o(RESET)
 <LI><a href="#[89]">IRQ127_Handler</a> from hc32_ll_interrupts.o(i.IRQ127_Handler) referenced from startup_hc32f460.o(RESET)
 <LI><a href="#[8a]">IRQ128_Handler</a> from startup_hc32f460.o(.text) referenced from startup_hc32f460.o(RESET)
 <LI><a href="#[8b]">IRQ129_Handler</a> from startup_hc32f460.o(.text) referenced from startup_hc32f460.o(RESET)
 <LI><a href="#[8c]">IRQ130_Handler</a> from startup_hc32f460.o(.text) referenced from startup_hc32f460.o(RESET)
 <LI><a href="#[8d]">IRQ131_Handler</a> from startup_hc32f460.o(.text) referenced from startup_hc32f460.o(RESET)
 <LI><a href="#[8e]">IRQ132_Handler</a> from startup_hc32f460.o(.text) referenced from startup_hc32f460.o(RESET)
 <LI><a href="#[8f]">IRQ133_Handler</a> from startup_hc32f460.o(.text) referenced from startup_hc32f460.o(RESET)
 <LI><a href="#[90]">IRQ134_Handler</a> from startup_hc32f460.o(.text) referenced from startup_hc32f460.o(RESET)
 <LI><a href="#[91]">IRQ135_Handler</a> from startup_hc32f460.o(.text) referenced from startup_hc32f460.o(RESET)
 <LI><a href="#[92]">IRQ136_Handler</a> from startup_hc32f460.o(.text) referenced from startup_hc32f460.o(RESET)
 <LI><a href="#[93]">IRQ137_Handler</a> from startup_hc32f460.o(.text) referenced from startup_hc32f460.o(RESET)
 <LI><a href="#[94]">IRQ138_Handler</a> from startup_hc32f460.o(.text) referenced from startup_hc32f460.o(RESET)
 <LI><a href="#[95]">IRQ139_Handler</a> from startup_hc32f460.o(.text) referenced from startup_hc32f460.o(RESET)
 <LI><a href="#[96]">IRQ140_Handler</a> from startup_hc32f460.o(.text) referenced from startup_hc32f460.o(RESET)
 <LI><a href="#[97]">IRQ141_Handler</a> from startup_hc32f460.o(.text) referenced from startup_hc32f460.o(RESET)
 <LI><a href="#[98]">IRQ142_Handler</a> from startup_hc32f460.o(.text) referenced from startup_hc32f460.o(RESET)
 <LI><a href="#[99]">IRQ143_Handler</a> from startup_hc32f460.o(.text) referenced from startup_hc32f460.o(RESET)
 <LI><a href="#[3]">MemManage_Handler</a> from startup_hc32f460.o(.text) referenced from startup_hc32f460.o(RESET)
 <LI><a href="#[1]">NMI_Handler</a> from startup_hc32f460.o(.text) referenced from startup_hc32f460.o(RESET)
 <LI><a href="#[8]">PendSV_Handler</a> from startup_hc32f460.o(.text) referenced from startup_hc32f460.o(RESET)
 <LI><a href="#[0]">Reset_Handler</a> from startup_hc32f460.o(.text) referenced from startup_hc32f460.o(RESET)
 <LI><a href="#[6]">SVC_Handler</a> from startup_hc32f460.o(.text) referenced from startup_hc32f460.o(RESET)
 <LI><a href="#[9]">SysTick_Handler</a> from sys_clock.o(i.SysTick_Handler) referenced from startup_hc32f460.o(RESET)
 <LI><a href="#[9b]">SystemInit</a> from system_hc32f460.o(i.SystemInit) referenced from startup_hc32f460.o(.text)
 <LI><a href="#[9d]">TMR0_CompareIrqCallback</a> from sys_clock.o(i.TMR0_CompareIrqCallback) referenced from sys_clock.o(i.TMR0_Config)
 <LI><a href="#[9f]">USART_RxError_IrqCallback</a> from sys_uart.o(i.USART_RxError_IrqCallback) referenced from sys_uart.o(i.sys_uart_init)
 <LI><a href="#[a0]">USART_RxFull_IrqCallback</a> from sys_uart.o(i.USART_RxFull_IrqCallback) referenced from sys_uart.o(i.sys_uart_init)
 <LI><a href="#[a2]">USART_TxComplete_IrqCallback</a> from sys_uart.o(i.USART_TxComplete_IrqCallback) referenced from sys_uart.o(i.sys_uart_init)
 <LI><a href="#[a1]">USART_TxEmpty_IrqCallback</a> from sys_uart.o(i.USART_TxEmpty_IrqCallback) referenced from sys_uart.o(i.sys_uart_init)
 <LI><a href="#[5]">UsageFault_Handler</a> from startup_hc32f460.o(.text) referenced from startup_hc32f460.o(RESET)
 <LI><a href="#[9c]">__main</a> from entry.o(.ARM.Collect$$$$00000000) referenced from startup_hc32f460.o(.text)
 <LI><a href="#[9e]">_snputc</a> from printfa.o(i._snputc) referenced from printfa.o(i.__0snprintf)
 <LI><a href="#[9e]">_snputc</a> from printfa.o(i._snputc) referenced from printfa.o(i.__0vsnprintf)
 <LI><a href="#[9a]">main</a> from main.o(i.main) referenced from entry9a.o(.ARM.Collect$$$$0000000B)
</UL>
<P>
<H3>
Global Symbols
</H3>
<P><STRONG><a name="[9c]"></a>__main</STRONG> (Thumb, 0 bytes, Stack size unknown bytes, entry.o(.ARM.Collect$$$$00000000))
<BR>[Address Reference Count : 1]<UL><LI> startup_hc32f460.o(.text)
</UL>
<P><STRONG><a name="[14a]"></a>_main_stk</STRONG> (Thumb, 0 bytes, Stack size unknown bytes, entry2.o(.ARM.Collect$$$$00000001))

<P><STRONG><a name="[a6]"></a>_main_scatterload</STRONG> (Thumb, 0 bytes, Stack size unknown bytes, entry5.o(.ARM.Collect$$$$00000004))
<BR><BR>[Calls]<UL><LI><a href="#[a7]">&gt;&gt;</a>&nbsp;&nbsp;&nbsp;__scatterload
</UL>

<P><STRONG><a name="[bf]"></a>__main_after_scatterload</STRONG> (Thumb, 0 bytes, Stack size unknown bytes, entry5.o(.ARM.Collect$$$$00000004))
<BR><BR>[Called By]<UL><LI><a href="#[a7]">&gt;&gt;</a>&nbsp;&nbsp;&nbsp;__scatterload
</UL>

<P><STRONG><a name="[14b]"></a>_main_clock</STRONG> (Thumb, 0 bytes, Stack size unknown bytes, entry7b.o(.ARM.Collect$$$$00000008))

<P><STRONG><a name="[14c]"></a>_main_cpp_init</STRONG> (Thumb, 0 bytes, Stack size unknown bytes, entry8b.o(.ARM.Collect$$$$0000000A))

<P><STRONG><a name="[14d]"></a>_main_init</STRONG> (Thumb, 0 bytes, Stack size unknown bytes, entry9a.o(.ARM.Collect$$$$0000000B))

<P><STRONG><a name="[14e]"></a>__rt_final_cpp</STRONG> (Thumb, 0 bytes, Stack size unknown bytes, entry10a.o(.ARM.Collect$$$$0000000D))

<P><STRONG><a name="[14f]"></a>__rt_final_exit</STRONG> (Thumb, 0 bytes, Stack size unknown bytes, entry11a.o(.ARM.Collect$$$$0000000F))

<P><STRONG><a name="[0]"></a>Reset_Handler</STRONG> (Thumb, 56 bytes, Stack size 0 bytes, startup_hc32f460.o(.text))
<BR>[Address Reference Count : 1]<UL><LI> startup_hc32f460.o(RESET)
</UL>
<P><STRONG><a name="[1]"></a>NMI_Handler</STRONG> (Thumb, 2 bytes, Stack size 0 bytes, startup_hc32f460.o(.text))
<BR><BR>[Calls]<UL><LI><a href="#[1]">&gt;&gt;</a>&nbsp;&nbsp;&nbsp;NMI_Handler
</UL>
<BR>[Called By]<UL><LI><a href="#[1]">&gt;&gt;</a>&nbsp;&nbsp;&nbsp;NMI_Handler
</UL>
<BR>[Address Reference Count : 1]<UL><LI> startup_hc32f460.o(RESET)
</UL>
<P><STRONG><a name="[2]"></a>HardFault_Handler</STRONG> (Thumb, 2 bytes, Stack size 0 bytes, startup_hc32f460.o(.text))
<BR><BR>[Calls]<UL><LI><a href="#[2]">&gt;&gt;</a>&nbsp;&nbsp;&nbsp;HardFault_Handler
</UL>
<BR>[Called By]<UL><LI><a href="#[2]">&gt;&gt;</a>&nbsp;&nbsp;&nbsp;HardFault_Handler
</UL>
<BR>[Address Reference Count : 1]<UL><LI> startup_hc32f460.o(RESET)
</UL>
<P><STRONG><a name="[3]"></a>MemManage_Handler</STRONG> (Thumb, 2 bytes, Stack size 0 bytes, startup_hc32f460.o(.text))
<BR><BR>[Calls]<UL><LI><a href="#[3]">&gt;&gt;</a>&nbsp;&nbsp;&nbsp;MemManage_Handler
</UL>
<BR>[Called By]<UL><LI><a href="#[3]">&gt;&gt;</a>&nbsp;&nbsp;&nbsp;MemManage_Handler
</UL>
<BR>[Address Reference Count : 1]<UL><LI> startup_hc32f460.o(RESET)
</UL>
<P><STRONG><a name="[4]"></a>BusFault_Handler</STRONG> (Thumb, 2 bytes, Stack size 0 bytes, startup_hc32f460.o(.text))
<BR><BR>[Calls]<UL><LI><a href="#[4]">&gt;&gt;</a>&nbsp;&nbsp;&nbsp;BusFault_Handler
</UL>
<BR>[Called By]<UL><LI><a href="#[4]">&gt;&gt;</a>&nbsp;&nbsp;&nbsp;BusFault_Handler
</UL>
<BR>[Address Reference Count : 1]<UL><LI> startup_hc32f460.o(RESET)
</UL>
<P><STRONG><a name="[5]"></a>UsageFault_Handler</STRONG> (Thumb, 2 bytes, Stack size 0 bytes, startup_hc32f460.o(.text))
<BR><BR>[Calls]<UL><LI><a href="#[5]">&gt;&gt;</a>&nbsp;&nbsp;&nbsp;UsageFault_Handler
</UL>
<BR>[Called By]<UL><LI><a href="#[5]">&gt;&gt;</a>&nbsp;&nbsp;&nbsp;UsageFault_Handler
</UL>
<BR>[Address Reference Count : 1]<UL><LI> startup_hc32f460.o(RESET)
</UL>
<P><STRONG><a name="[6]"></a>SVC_Handler</STRONG> (Thumb, 2 bytes, Stack size 0 bytes, startup_hc32f460.o(.text))
<BR><BR>[Calls]<UL><LI><a href="#[6]">&gt;&gt;</a>&nbsp;&nbsp;&nbsp;SVC_Handler
</UL>
<BR>[Called By]<UL><LI><a href="#[6]">&gt;&gt;</a>&nbsp;&nbsp;&nbsp;SVC_Handler
</UL>
<BR>[Address Reference Count : 1]<UL><LI> startup_hc32f460.o(RESET)
</UL>
<P><STRONG><a name="[7]"></a>DebugMon_Handler</STRONG> (Thumb, 2 bytes, Stack size 0 bytes, startup_hc32f460.o(.text))
<BR><BR>[Calls]<UL><LI><a href="#[7]">&gt;&gt;</a>&nbsp;&nbsp;&nbsp;DebugMon_Handler
</UL>
<BR>[Called By]<UL><LI><a href="#[7]">&gt;&gt;</a>&nbsp;&nbsp;&nbsp;DebugMon_Handler
</UL>
<BR>[Address Reference Count : 1]<UL><LI> startup_hc32f460.o(RESET)
</UL>
<P><STRONG><a name="[8]"></a>PendSV_Handler</STRONG> (Thumb, 2 bytes, Stack size 0 bytes, startup_hc32f460.o(.text))
<BR><BR>[Calls]<UL><LI><a href="#[8]">&gt;&gt;</a>&nbsp;&nbsp;&nbsp;PendSV_Handler
</UL>
<BR>[Called By]<UL><LI><a href="#[8]">&gt;&gt;</a>&nbsp;&nbsp;&nbsp;PendSV_Handler
</UL>
<BR>[Address Reference Count : 1]<UL><LI> startup_hc32f460.o(RESET)
</UL>
<P><STRONG><a name="[8a]"></a>IRQ128_Handler</STRONG> (Thumb, 0 bytes, Stack size 0 bytes, startup_hc32f460.o(.text))
<BR><BR>[Calls]<UL><LI><a href="#[8a]">&gt;&gt;</a>&nbsp;&nbsp;&nbsp;IRQ128_Handler
</UL>
<BR>[Called By]<UL><LI><a href="#[8a]">&gt;&gt;</a>&nbsp;&nbsp;&nbsp;IRQ128_Handler
</UL>
<BR>[Address Reference Count : 1]<UL><LI> startup_hc32f460.o(RESET)
</UL>
<P><STRONG><a name="[8b]"></a>IRQ129_Handler</STRONG> (Thumb, 0 bytes, Stack size 0 bytes, startup_hc32f460.o(.text))
<BR>[Address Reference Count : 1]<UL><LI> startup_hc32f460.o(RESET)
</UL>
<P><STRONG><a name="[8c]"></a>IRQ130_Handler</STRONG> (Thumb, 0 bytes, Stack size 0 bytes, startup_hc32f460.o(.text))
<BR>[Address Reference Count : 1]<UL><LI> startup_hc32f460.o(RESET)
</UL>
<P><STRONG><a name="[8d]"></a>IRQ131_Handler</STRONG> (Thumb, 0 bytes, Stack size 0 bytes, startup_hc32f460.o(.text))
<BR>[Address Reference Count : 1]<UL><LI> startup_hc32f460.o(RESET)
</UL>
<P><STRONG><a name="[8e]"></a>IRQ132_Handler</STRONG> (Thumb, 0 bytes, Stack size 0 bytes, startup_hc32f460.o(.text))
<BR>[Address Reference Count : 1]<UL><LI> startup_hc32f460.o(RESET)
</UL>
<P><STRONG><a name="[8f]"></a>IRQ133_Handler</STRONG> (Thumb, 0 bytes, Stack size 0 bytes, startup_hc32f460.o(.text))
<BR>[Address Reference Count : 1]<UL><LI> startup_hc32f460.o(RESET)
</UL>
<P><STRONG><a name="[90]"></a>IRQ134_Handler</STRONG> (Thumb, 0 bytes, Stack size 0 bytes, startup_hc32f460.o(.text))
<BR>[Address Reference Count : 1]<UL><LI> startup_hc32f460.o(RESET)
</UL>
<P><STRONG><a name="[91]"></a>IRQ135_Handler</STRONG> (Thumb, 0 bytes, Stack size 0 bytes, startup_hc32f460.o(.text))
<BR>[Address Reference Count : 1]<UL><LI> startup_hc32f460.o(RESET)
</UL>
<P><STRONG><a name="[92]"></a>IRQ136_Handler</STRONG> (Thumb, 0 bytes, Stack size 0 bytes, startup_hc32f460.o(.text))
<BR>[Address Reference Count : 1]<UL><LI> startup_hc32f460.o(RESET)
</UL>
<P><STRONG><a name="[93]"></a>IRQ137_Handler</STRONG> (Thumb, 0 bytes, Stack size 0 bytes, startup_hc32f460.o(.text))
<BR>[Address Reference Count : 1]<UL><LI> startup_hc32f460.o(RESET)
</UL>
<P><STRONG><a name="[94]"></a>IRQ138_Handler</STRONG> (Thumb, 0 bytes, Stack size 0 bytes, startup_hc32f460.o(.text))
<BR>[Address Reference Count : 1]<UL><LI> startup_hc32f460.o(RESET)
</UL>
<P><STRONG><a name="[95]"></a>IRQ139_Handler</STRONG> (Thumb, 0 bytes, Stack size 0 bytes, startup_hc32f460.o(.text))
<BR>[Address Reference Count : 1]<UL><LI> startup_hc32f460.o(RESET)
</UL>
<P><STRONG><a name="[96]"></a>IRQ140_Handler</STRONG> (Thumb, 0 bytes, Stack size 0 bytes, startup_hc32f460.o(.text))
<BR>[Address Reference Count : 1]<UL><LI> startup_hc32f460.o(RESET)
</UL>
<P><STRONG><a name="[97]"></a>IRQ141_Handler</STRONG> (Thumb, 0 bytes, Stack size 0 bytes, startup_hc32f460.o(.text))
<BR>[Address Reference Count : 1]<UL><LI> startup_hc32f460.o(RESET)
</UL>
<P><STRONG><a name="[98]"></a>IRQ142_Handler</STRONG> (Thumb, 0 bytes, Stack size 0 bytes, startup_hc32f460.o(.text))
<BR>[Address Reference Count : 1]<UL><LI> startup_hc32f460.o(RESET)
</UL>
<P><STRONG><a name="[99]"></a>IRQ143_Handler</STRONG> (Thumb, 0 bytes, Stack size 0 bytes, startup_hc32f460.o(.text))
<BR>[Address Reference Count : 1]<UL><LI> startup_hc32f460.o(RESET)
</UL>
<P><STRONG><a name="[a8]"></a>__aeabi_uldivmod</STRONG> (Thumb, 98 bytes, Stack size 40 bytes, uldiv.o(.text))
<BR><BR>[Stack]<UL><LI>Max Depth = 40<LI>Call Chain = __aeabi_uldivmod
</UL>
<BR>[Calls]<UL><LI><a href="#[a9]">&gt;&gt;</a>&nbsp;&nbsp;&nbsp;__aeabi_llsr
<LI><a href="#[aa]">&gt;&gt;</a>&nbsp;&nbsp;&nbsp;__aeabi_llsl
</UL>
<BR>[Called By]<UL><LI><a href="#[126]">&gt;&gt;</a>&nbsp;&nbsp;&nbsp;UART_CalculateBrr
<LI><a href="#[112]">&gt;&gt;</a>&nbsp;&nbsp;&nbsp;SmartCard_CalculateBrr
<LI><a href="#[dd]">&gt;&gt;</a>&nbsp;&nbsp;&nbsp;ClockSync_CalculateBrr
<LI><a href="#[130]">&gt;&gt;</a>&nbsp;&nbsp;&nbsp;_printf_core
<LI><a href="#[132]">&gt;&gt;</a>&nbsp;&nbsp;&nbsp;_fp_digits
</UL>

<P><STRONG><a name="[12e]"></a>__aeabi_memcpy</STRONG> (Thumb, 36 bytes, Stack size 0 bytes, memcpya.o(.text))
<BR><BR>[Called By]<UL><LI><a href="#[13d]">&gt;&gt;</a>&nbsp;&nbsp;&nbsp;uart_send
<LI><a href="#[106]">&gt;&gt;</a>&nbsp;&nbsp;&nbsp;_WriteNoCheck
<LI><a href="#[107]">&gt;&gt;</a>&nbsp;&nbsp;&nbsp;_WriteBlocking
</UL>

<P><STRONG><a name="[150]"></a>__aeabi_memcpy4</STRONG> (Thumb, 0 bytes, Stack size 0 bytes, memcpya.o(.text), UNUSED)

<P><STRONG><a name="[151]"></a>__aeabi_memcpy8</STRONG> (Thumb, 0 bytes, Stack size 0 bytes, memcpya.o(.text), UNUSED)

<P><STRONG><a name="[ac]"></a>__aeabi_memset</STRONG> (Thumb, 14 bytes, Stack size 0 bytes, memseta.o(.text))
<BR><BR>[Called By]<UL><LI><a href="#[ad]">&gt;&gt;</a>&nbsp;&nbsp;&nbsp;_memset$wrapper
<LI><a href="#[ab]">&gt;&gt;</a>&nbsp;&nbsp;&nbsp;__aeabi_memclr
</UL>

<P><STRONG><a name="[152]"></a>__aeabi_memset4</STRONG> (Thumb, 0 bytes, Stack size 0 bytes, memseta.o(.text), UNUSED)

<P><STRONG><a name="[153]"></a>__aeabi_memset8</STRONG> (Thumb, 0 bytes, Stack size 0 bytes, memseta.o(.text), UNUSED)

<P><STRONG><a name="[ab]"></a>__aeabi_memclr</STRONG> (Thumb, 4 bytes, Stack size 0 bytes, memseta.o(.text))
<BR><BR>[Calls]<UL><LI><a href="#[ac]">&gt;&gt;</a>&nbsp;&nbsp;&nbsp;__aeabi_memset
</UL>
<BR>[Called By]<UL><LI><a href="#[12a]">&gt;&gt;</a>&nbsp;&nbsp;&nbsp;comm_rev
<LI><a href="#[118]">&gt;&gt;</a>&nbsp;&nbsp;&nbsp;app_timer_1ms
<LI><a href="#[140]">&gt;&gt;</a>&nbsp;&nbsp;&nbsp;sys_uart_init
</UL>

<P><STRONG><a name="[154]"></a>__aeabi_memclr4</STRONG> (Thumb, 0 bytes, Stack size 0 bytes, memseta.o(.text), UNUSED)

<P><STRONG><a name="[155]"></a>__aeabi_memclr8</STRONG> (Thumb, 0 bytes, Stack size 0 bytes, memseta.o(.text), UNUSED)

<P><STRONG><a name="[ad]"></a>_memset$wrapper</STRONG> (Thumb, 18 bytes, Stack size 8 bytes, memseta.o(.text), UNUSED)
<BR><BR>[Calls]<UL><LI><a href="#[ac]">&gt;&gt;</a>&nbsp;&nbsp;&nbsp;__aeabi_memset
</UL>

<P><STRONG><a name="[147]"></a>strlen</STRONG> (Thumb, 14 bytes, Stack size 0 bytes, strlen.o(.text), UNUSED, KEPT)
<BR><BR>[Called By]<UL><LI><a href="#[143]">&gt;&gt;</a>&nbsp;&nbsp;&nbsp;str_get_in_str
</UL>

<P><STRONG><a name="[148]"></a>strncmp</STRONG> (Thumb, 30 bytes, Stack size 12 bytes, strncmp.o(.text), UNUSED, KEPT)
<BR><BR>[Stack]<UL><LI>Max Depth = 12<LI>Call Chain = strncmp
</UL>
<BR>[Called By]<UL><LI><a href="#[143]">&gt;&gt;</a>&nbsp;&nbsp;&nbsp;str_get_in_str
</UL>

<P><STRONG><a name="[ae]"></a>__aeabi_ui2d</STRONG> (Thumb, 26 bytes, Stack size 16 bytes, dfltui.o(.text))
<BR><BR>[Stack]<UL><LI>Max Depth = 56<LI>Call Chain = __aeabi_ui2d &rArr; _double_epilogue &rArr; _double_round
</UL>
<BR>[Calls]<UL><LI><a href="#[af]">&gt;&gt;</a>&nbsp;&nbsp;&nbsp;_double_epilogue
</UL>
<BR>[Called By]<UL><LI><a href="#[126]">&gt;&gt;</a>&nbsp;&nbsp;&nbsp;UART_CalculateBrr
<LI><a href="#[112]">&gt;&gt;</a>&nbsp;&nbsp;&nbsp;SmartCard_CalculateBrr
<LI><a href="#[dd]">&gt;&gt;</a>&nbsp;&nbsp;&nbsp;ClockSync_CalculateBrr
</UL>

<P><STRONG><a name="[b0]"></a>__aeabi_ul2d</STRONG> (Thumb, 24 bytes, Stack size 16 bytes, dfltul.o(.text))
<BR><BR>[Stack]<UL><LI>Max Depth = 56<LI>Call Chain = __aeabi_ul2d &rArr; _double_epilogue &rArr; _double_round
</UL>
<BR>[Calls]<UL><LI><a href="#[af]">&gt;&gt;</a>&nbsp;&nbsp;&nbsp;_double_epilogue
</UL>
<BR>[Called By]<UL><LI><a href="#[126]">&gt;&gt;</a>&nbsp;&nbsp;&nbsp;UART_CalculateBrr
<LI><a href="#[112]">&gt;&gt;</a>&nbsp;&nbsp;&nbsp;SmartCard_CalculateBrr
<LI><a href="#[dd]">&gt;&gt;</a>&nbsp;&nbsp;&nbsp;ClockSync_CalculateBrr
</UL>

<P><STRONG><a name="[b1]"></a>__aeabi_fadd</STRONG> (Thumb, 164 bytes, Stack size 16 bytes, fadd.o(.text))
<BR><BR>[Stack]<UL><LI>Max Depth = 20<LI>Call Chain = __aeabi_fadd &rArr; _float_epilogue
</UL>
<BR>[Calls]<UL><LI><a href="#[b3]">&gt;&gt;</a>&nbsp;&nbsp;&nbsp;_float_round
<LI><a href="#[b2]">&gt;&gt;</a>&nbsp;&nbsp;&nbsp;_float_epilogue
</UL>
<BR>[Called By]<UL><LI><a href="#[b4]">&gt;&gt;</a>&nbsp;&nbsp;&nbsp;__aeabi_fsub
<LI><a href="#[b5]">&gt;&gt;</a>&nbsp;&nbsp;&nbsp;__aeabi_frsub
</UL>

<P><STRONG><a name="[b4]"></a>__aeabi_fsub</STRONG> (Thumb, 6 bytes, Stack size 0 bytes, fadd.o(.text))
<BR><BR>[Stack]<UL><LI>Max Depth = 20<LI>Call Chain = __aeabi_fsub &rArr; __aeabi_fadd &rArr; _float_epilogue
</UL>
<BR>[Calls]<UL><LI><a href="#[b1]">&gt;&gt;</a>&nbsp;&nbsp;&nbsp;__aeabi_fadd
</UL>
<BR>[Called By]<UL><LI><a href="#[126]">&gt;&gt;</a>&nbsp;&nbsp;&nbsp;UART_CalculateBrr
<LI><a href="#[112]">&gt;&gt;</a>&nbsp;&nbsp;&nbsp;SmartCard_CalculateBrr
<LI><a href="#[dd]">&gt;&gt;</a>&nbsp;&nbsp;&nbsp;ClockSync_CalculateBrr
</UL>

<P><STRONG><a name="[b5]"></a>__aeabi_frsub</STRONG> (Thumb, 6 bytes, Stack size 0 bytes, fadd.o(.text), UNUSED)
<BR><BR>[Calls]<UL><LI><a href="#[b1]">&gt;&gt;</a>&nbsp;&nbsp;&nbsp;__aeabi_fadd
</UL>

<P><STRONG><a name="[b6]"></a>__aeabi_ddiv</STRONG> (Thumb, 222 bytes, Stack size 32 bytes, ddiv.o(.text))
<BR><BR>[Stack]<UL><LI>Max Depth = 40<LI>Call Chain = __aeabi_ddiv &rArr; _double_round
</UL>
<BR>[Calls]<UL><LI><a href="#[b7]">&gt;&gt;</a>&nbsp;&nbsp;&nbsp;_double_round
</UL>
<BR>[Called By]<UL><LI><a href="#[126]">&gt;&gt;</a>&nbsp;&nbsp;&nbsp;UART_CalculateBrr
<LI><a href="#[112]">&gt;&gt;</a>&nbsp;&nbsp;&nbsp;SmartCard_CalculateBrr
<LI><a href="#[dd]">&gt;&gt;</a>&nbsp;&nbsp;&nbsp;ClockSync_CalculateBrr
<LI><a href="#[132]">&gt;&gt;</a>&nbsp;&nbsp;&nbsp;_fp_digits
</UL>

<P><STRONG><a name="[b8]"></a>__aeabi_d2f</STRONG> (Thumb, 56 bytes, Stack size 8 bytes, d2f.o(.text))
<BR><BR>[Stack]<UL><LI>Max Depth = 8<LI>Call Chain = __aeabi_d2f
</UL>
<BR>[Calls]<UL><LI><a href="#[b3]">&gt;&gt;</a>&nbsp;&nbsp;&nbsp;_float_round
</UL>
<BR>[Called By]<UL><LI><a href="#[126]">&gt;&gt;</a>&nbsp;&nbsp;&nbsp;UART_CalculateBrr
<LI><a href="#[112]">&gt;&gt;</a>&nbsp;&nbsp;&nbsp;SmartCard_CalculateBrr
<LI><a href="#[dd]">&gt;&gt;</a>&nbsp;&nbsp;&nbsp;ClockSync_CalculateBrr
</UL>

<P><STRONG><a name="[156]"></a>__aeabi_uidiv</STRONG> (Thumb, 0 bytes, Stack size 12 bytes, uidiv.o(.text), UNUSED)

<P><STRONG><a name="[136]"></a>__aeabi_uidivmod</STRONG> (Thumb, 44 bytes, Stack size 12 bytes, uidiv.o(.text), UNUSED)
<BR><BR>[Called By]<UL><LI><a href="#[130]">&gt;&gt;</a>&nbsp;&nbsp;&nbsp;_printf_core
</UL>

<P><STRONG><a name="[aa]"></a>__aeabi_llsl</STRONG> (Thumb, 30 bytes, Stack size 0 bytes, llshl.o(.text))
<BR><BR>[Called By]<UL><LI><a href="#[af]">&gt;&gt;</a>&nbsp;&nbsp;&nbsp;_double_epilogue
<LI><a href="#[b9]">&gt;&gt;</a>&nbsp;&nbsp;&nbsp;__aeabi_dadd
<LI><a href="#[be]">&gt;&gt;</a>&nbsp;&nbsp;&nbsp;__aeabi_d2ulz
<LI><a href="#[a8]">&gt;&gt;</a>&nbsp;&nbsp;&nbsp;__aeabi_uldivmod
</UL>

<P><STRONG><a name="[157]"></a>_ll_shift_l</STRONG> (Thumb, 0 bytes, Stack size 0 bytes, llshl.o(.text), UNUSED)

<P><STRONG><a name="[a9]"></a>__aeabi_llsr</STRONG> (Thumb, 32 bytes, Stack size 0 bytes, llushr.o(.text))
<BR><BR>[Called By]<UL><LI><a href="#[af]">&gt;&gt;</a>&nbsp;&nbsp;&nbsp;_double_epilogue
<LI><a href="#[be]">&gt;&gt;</a>&nbsp;&nbsp;&nbsp;__aeabi_d2ulz
<LI><a href="#[a8]">&gt;&gt;</a>&nbsp;&nbsp;&nbsp;__aeabi_uldivmod
</UL>

<P><STRONG><a name="[158]"></a>_ll_ushift_r</STRONG> (Thumb, 0 bytes, Stack size 0 bytes, llushr.o(.text), UNUSED)

<P><STRONG><a name="[159]"></a>__I$use$fp</STRONG> (Thumb, 0 bytes, Stack size 0 bytes, iusefp.o(.text), UNUSED)

<P><STRONG><a name="[b3]"></a>_float_round</STRONG> (Thumb, 18 bytes, Stack size 0 bytes, fepilogue.o(.text))
<BR><BR>[Called By]<UL><LI><a href="#[b8]">&gt;&gt;</a>&nbsp;&nbsp;&nbsp;__aeabi_d2f
<LI><a href="#[b1]">&gt;&gt;</a>&nbsp;&nbsp;&nbsp;__aeabi_fadd
</UL>

<P><STRONG><a name="[b2]"></a>_float_epilogue</STRONG> (Thumb, 92 bytes, Stack size 4 bytes, fepilogue.o(.text))
<BR><BR>[Stack]<UL><LI>Max Depth = 4<LI>Call Chain = _float_epilogue
</UL>
<BR>[Called By]<UL><LI><a href="#[b1]">&gt;&gt;</a>&nbsp;&nbsp;&nbsp;__aeabi_fadd
</UL>

<P><STRONG><a name="[b7]"></a>_double_round</STRONG> (Thumb, 30 bytes, Stack size 8 bytes, depilogue.o(.text))
<BR><BR>[Stack]<UL><LI>Max Depth = 8<LI>Call Chain = _double_round
</UL>
<BR>[Called By]<UL><LI><a href="#[b6]">&gt;&gt;</a>&nbsp;&nbsp;&nbsp;__aeabi_ddiv
<LI><a href="#[af]">&gt;&gt;</a>&nbsp;&nbsp;&nbsp;_double_epilogue
<LI><a href="#[b9]">&gt;&gt;</a>&nbsp;&nbsp;&nbsp;__aeabi_dadd
</UL>

<P><STRONG><a name="[af]"></a>_double_epilogue</STRONG> (Thumb, 156 bytes, Stack size 32 bytes, depilogue.o(.text))
<BR><BR>[Stack]<UL><LI>Max Depth = 40<LI>Call Chain = _double_epilogue &rArr; _double_round
</UL>
<BR>[Calls]<UL><LI><a href="#[a9]">&gt;&gt;</a>&nbsp;&nbsp;&nbsp;__aeabi_llsr
<LI><a href="#[aa]">&gt;&gt;</a>&nbsp;&nbsp;&nbsp;__aeabi_llsl
<LI><a href="#[b7]">&gt;&gt;</a>&nbsp;&nbsp;&nbsp;_double_round
</UL>
<BR>[Called By]<UL><LI><a href="#[b0]">&gt;&gt;</a>&nbsp;&nbsp;&nbsp;__aeabi_ul2d
<LI><a href="#[ae]">&gt;&gt;</a>&nbsp;&nbsp;&nbsp;__aeabi_ui2d
<LI><a href="#[bd]">&gt;&gt;</a>&nbsp;&nbsp;&nbsp;__aeabi_dmul
<LI><a href="#[b9]">&gt;&gt;</a>&nbsp;&nbsp;&nbsp;__aeabi_dadd
</UL>

<P><STRONG><a name="[b9]"></a>__aeabi_dadd</STRONG> (Thumb, 322 bytes, Stack size 48 bytes, dadd.o(.text), UNUSED)
<BR><BR>[Calls]<UL><LI><a href="#[ba]">&gt;&gt;</a>&nbsp;&nbsp;&nbsp;__aeabi_lasr
<LI><a href="#[aa]">&gt;&gt;</a>&nbsp;&nbsp;&nbsp;__aeabi_llsl
<LI><a href="#[af]">&gt;&gt;</a>&nbsp;&nbsp;&nbsp;_double_epilogue
<LI><a href="#[b7]">&gt;&gt;</a>&nbsp;&nbsp;&nbsp;_double_round
</UL>
<BR>[Called By]<UL><LI><a href="#[bc]">&gt;&gt;</a>&nbsp;&nbsp;&nbsp;__aeabi_drsub
<LI><a href="#[bb]">&gt;&gt;</a>&nbsp;&nbsp;&nbsp;__aeabi_dsub
<LI><a href="#[132]">&gt;&gt;</a>&nbsp;&nbsp;&nbsp;_fp_digits
</UL>

<P><STRONG><a name="[bb]"></a>__aeabi_dsub</STRONG> (Thumb, 6 bytes, Stack size 0 bytes, dadd.o(.text), UNUSED)
<BR><BR>[Calls]<UL><LI><a href="#[b9]">&gt;&gt;</a>&nbsp;&nbsp;&nbsp;__aeabi_dadd
</UL>

<P><STRONG><a name="[bc]"></a>__aeabi_drsub</STRONG> (Thumb, 6 bytes, Stack size 0 bytes, dadd.o(.text), UNUSED)
<BR><BR>[Calls]<UL><LI><a href="#[b9]">&gt;&gt;</a>&nbsp;&nbsp;&nbsp;__aeabi_dadd
</UL>

<P><STRONG><a name="[bd]"></a>__aeabi_dmul</STRONG> (Thumb, 228 bytes, Stack size 48 bytes, dmul.o(.text), UNUSED)
<BR><BR>[Calls]<UL><LI><a href="#[af]">&gt;&gt;</a>&nbsp;&nbsp;&nbsp;_double_epilogue
</UL>
<BR>[Called By]<UL><LI><a href="#[132]">&gt;&gt;</a>&nbsp;&nbsp;&nbsp;_fp_digits
</UL>

<P><STRONG><a name="[be]"></a>__aeabi_d2ulz</STRONG> (Thumb, 48 bytes, Stack size 0 bytes, dfixul.o(.text), UNUSED)
<BR><BR>[Calls]<UL><LI><a href="#[a9]">&gt;&gt;</a>&nbsp;&nbsp;&nbsp;__aeabi_llsr
<LI><a href="#[aa]">&gt;&gt;</a>&nbsp;&nbsp;&nbsp;__aeabi_llsl
</UL>
<BR>[Called By]<UL><LI><a href="#[132]">&gt;&gt;</a>&nbsp;&nbsp;&nbsp;_fp_digits
</UL>

<P><STRONG><a name="[133]"></a>__aeabi_cdrcmple</STRONG> (Thumb, 48 bytes, Stack size 0 bytes, cdrcmple.o(.text), UNUSED)
<BR><BR>[Called By]<UL><LI><a href="#[132]">&gt;&gt;</a>&nbsp;&nbsp;&nbsp;_fp_digits
</UL>

<P><STRONG><a name="[a7]"></a>__scatterload</STRONG> (Thumb, 28 bytes, Stack size 0 bytes, init.o(.text))
<BR><BR>[Calls]<UL><LI><a href="#[bf]">&gt;&gt;</a>&nbsp;&nbsp;&nbsp;__main_after_scatterload
</UL>
<BR>[Called By]<UL><LI><a href="#[a6]">&gt;&gt;</a>&nbsp;&nbsp;&nbsp;_main_scatterload
</UL>

<P><STRONG><a name="[15a]"></a>__scatterload_rt2</STRONG> (Thumb, 0 bytes, Stack size 0 bytes, init.o(.text), UNUSED)

<P><STRONG><a name="[ba]"></a>__aeabi_lasr</STRONG> (Thumb, 36 bytes, Stack size 0 bytes, llsshr.o(.text), UNUSED)
<BR><BR>[Called By]<UL><LI><a href="#[b9]">&gt;&gt;</a>&nbsp;&nbsp;&nbsp;__aeabi_dadd
</UL>

<P><STRONG><a name="[15b]"></a>_ll_sshift_r</STRONG> (Thumb, 0 bytes, Stack size 0 bytes, llsshr.o(.text), UNUSED)

<P><STRONG><a name="[15c]"></a>__decompress</STRONG> (Thumb, 0 bytes, Stack size unknown bytes, __dczerorl.o(.text), UNUSED)

<P><STRONG><a name="[15d]"></a>__decompress0</STRONG> (Thumb, 58 bytes, Stack size unknown bytes, __dczerorl.o(.text), UNUSED)

<P><STRONG><a name="[c0]"></a>Add_set</STRONG> (Thumb, 82 bytes, Stack size 24 bytes, gc9a01_drv.o(i.Add_set))
<BR><BR>[Stack]<UL><LI>Max Depth = 56<LI>Call Chain = Add_set &rArr; TFT_send_cmd &rArr; SPI_SendByte &rArr; GPIO_SetPins
</UL>
<BR>[Calls]<UL><LI><a href="#[c1]">&gt;&gt;</a>&nbsp;&nbsp;&nbsp;TFT_send_cmd
<LI><a href="#[c2]">&gt;&gt;</a>&nbsp;&nbsp;&nbsp;SPI_SendByte
</UL>
<BR>[Called By]<UL><LI><a href="#[116]">&gt;&gt;</a>&nbsp;&nbsp;&nbsp;TFT_full
<LI><a href="#[101]">&gt;&gt;</a>&nbsp;&nbsp;&nbsp;Picture_display
<LI><a href="#[ff]">&gt;&gt;</a>&nbsp;&nbsp;&nbsp;TFT_clear
</UL>

<P><STRONG><a name="[a4]"></a>BSP_KEY_KEY10_IrqHandler</STRONG> (Thumb, 34 bytes, Stack size 8 bytes, ev_hc32f460_lqfp100_v2.o(i.BSP_KEY_KEY10_IrqHandler), UNUSED, KEPT)
<BR><BR>[Stack]<UL><LI>Max Depth = 24<LI>Call Chain = BSP_KEY_KEY10_IrqHandler &rArr; GPIO_ReadInputPins
</UL>
<BR>[Calls]<UL><LI><a href="#[c3]">&gt;&gt;</a>&nbsp;&nbsp;&nbsp;GPIO_ReadInputPins
<LI><a href="#[c4]">&gt;&gt;</a>&nbsp;&nbsp;&nbsp;EXTINT_ClearExtIntStatus
</UL>

<P><STRONG><a name="[c5]"></a>Buzzer_StartTicking</STRONG> (Thumb, 30 bytes, Stack size 0 bytes, app_main.o(i.Buzzer_StartTicking))
<BR><BR>[Stack]<UL><LI>Max Depth = 8<LI>Call Chain = Buzzer_StartTicking &rArr; Buzzer_on &rArr; TMRA_Start
</UL>
<BR>[Calls]<UL><LI><a href="#[c6]">&gt;&gt;</a>&nbsp;&nbsp;&nbsp;Buzzer_on
</UL>
<BR>[Called By]<UL><LI><a href="#[138]">&gt;&gt;</a>&nbsp;&nbsp;&nbsp;show_picture
</UL>

<P><STRONG><a name="[c7]"></a>Buzzer_Task</STRONG> (Thumb, 104 bytes, Stack size 16 bytes, app_main.o(i.Buzzer_Task))
<BR><BR>[Stack]<UL><LI>Max Depth = 160<LI>Call Chain = Buzzer_Task &rArr; qs_log_print &rArr; nrf_log_backend_rtt_put &rArr; SEGGER_RTT_WriteNoLock &rArr; _WriteBlocking
</UL>
<BR>[Calls]<UL><LI><a href="#[c6]">&gt;&gt;</a>&nbsp;&nbsp;&nbsp;Buzzer_on
<LI><a href="#[c8]">&gt;&gt;</a>&nbsp;&nbsp;&nbsp;Buzzer_off
<LI><a href="#[c9]">&gt;&gt;</a>&nbsp;&nbsp;&nbsp;qs_log_print
</UL>
<BR>[Called By]<UL><LI><a href="#[137]">&gt;&gt;</a>&nbsp;&nbsp;&nbsp;appRun
</UL>

<P><STRONG><a name="[c8]"></a>Buzzer_off</STRONG> (Thumb, 6 bytes, Stack size 0 bytes, sys_tmra.o(i.Buzzer_off))
<BR><BR>[Stack]<UL><LI>Max Depth = 8<LI>Call Chain = Buzzer_off &rArr; TMRA_Stop
</UL>
<BR>[Calls]<UL><LI><a href="#[ca]">&gt;&gt;</a>&nbsp;&nbsp;&nbsp;TMRA_Stop
</UL>
<BR>[Called By]<UL><LI><a href="#[c7]">&gt;&gt;</a>&nbsp;&nbsp;&nbsp;Buzzer_Task
</UL>

<P><STRONG><a name="[c6]"></a>Buzzer_on</STRONG> (Thumb, 6 bytes, Stack size 0 bytes, sys_tmra.o(i.Buzzer_on))
<BR><BR>[Stack]<UL><LI>Max Depth = 8<LI>Call Chain = Buzzer_on &rArr; TMRA_Start
</UL>
<BR>[Calls]<UL><LI><a href="#[cb]">&gt;&gt;</a>&nbsp;&nbsp;&nbsp;TMRA_Start
</UL>
<BR>[Called By]<UL><LI><a href="#[c7]">&gt;&gt;</a>&nbsp;&nbsp;&nbsp;Buzzer_Task
<LI><a href="#[c5]">&gt;&gt;</a>&nbsp;&nbsp;&nbsp;Buzzer_StartTicking
</UL>

<P><STRONG><a name="[cc]"></a>CLK_GetBusClockFreq</STRONG> (Thumb, 160 bytes, Stack size 32 bytes, hc32_ll_clk.o(i.CLK_GetBusClockFreq))
<BR><BR>[Stack]<UL><LI>Max Depth = 32<LI>Call Chain = CLK_GetBusClockFreq
</UL>
<BR>[Calls]<UL><LI><a href="#[a3]">&gt;&gt;</a>&nbsp;&nbsp;&nbsp;DDL_AssertHandler
</UL>
<BR>[Called By]<UL><LI><a href="#[9a]">&gt;&gt;</a>&nbsp;&nbsp;&nbsp;main
</UL>

<P><STRONG><a name="[cd]"></a>CLK_GetStableStatus</STRONG> (Thumb, 36 bytes, Stack size 8 bytes, hc32_ll_clk.o(i.CLK_GetStableStatus))
<BR><BR>[Stack]<UL><LI>Max Depth = 8<LI>Call Chain = CLK_GetStableStatus
</UL>
<BR>[Calls]<UL><LI><a href="#[a3]">&gt;&gt;</a>&nbsp;&nbsp;&nbsp;DDL_AssertHandler
</UL>
<BR>[Called By]<UL><LI><a href="#[cf]">&gt;&gt;</a>&nbsp;&nbsp;&nbsp;CLK_WaitStable
</UL>

<P><STRONG><a name="[ce]"></a>CLK_HrcCmd</STRONG> (Thumb, 106 bytes, Stack size 16 bytes, hc32_ll_clk.o(i.CLK_HrcCmd))
<BR><BR>[Stack]<UL><LI>Max Depth = 48<LI>Call Chain = CLK_HrcCmd &rArr; CLK_WaitStable &rArr; CLK_GetStableStatus
</UL>
<BR>[Calls]<UL><LI><a href="#[cf]">&gt;&gt;</a>&nbsp;&nbsp;&nbsp;CLK_WaitStable
<LI><a href="#[a3]">&gt;&gt;</a>&nbsp;&nbsp;&nbsp;DDL_AssertHandler
</UL>
<BR>[Called By]<UL><LI><a href="#[10e]">&gt;&gt;</a>&nbsp;&nbsp;&nbsp;SYS_Init
</UL>

<P><STRONG><a name="[d0]"></a>CLK_LrcCmd</STRONG> (Thumb, 84 bytes, Stack size 16 bytes, hc32_ll_clk.o(i.CLK_LrcCmd))
<BR><BR>[Stack]<UL><LI>Max Depth = 24<LI>Call Chain = CLK_LrcCmd &rArr; DDL_DelayUS
</UL>
<BR>[Calls]<UL><LI><a href="#[a3]">&gt;&gt;</a>&nbsp;&nbsp;&nbsp;DDL_AssertHandler
<LI><a href="#[d1]">&gt;&gt;</a>&nbsp;&nbsp;&nbsp;DDL_DelayUS
</UL>
<BR>[Called By]<UL><LI><a href="#[10e]">&gt;&gt;</a>&nbsp;&nbsp;&nbsp;SYS_Init
</UL>

<P><STRONG><a name="[d2]"></a>CLK_MCOCmd</STRONG> (Thumb, 80 bytes, Stack size 16 bytes, hc32_ll_clk.o(i.CLK_MCOCmd))
<BR><BR>[Stack]<UL><LI>Max Depth = 16<LI>Call Chain = CLK_MCOCmd
</UL>
<BR>[Calls]<UL><LI><a href="#[a3]">&gt;&gt;</a>&nbsp;&nbsp;&nbsp;DDL_AssertHandler
</UL>
<BR>[Called By]<UL><LI><a href="#[10e]">&gt;&gt;</a>&nbsp;&nbsp;&nbsp;SYS_Init
</UL>

<P><STRONG><a name="[d3]"></a>CLK_MCOConfig</STRONG> (Thumb, 156 bytes, Stack size 16 bytes, hc32_ll_clk.o(i.CLK_MCOConfig))
<BR><BR>[Stack]<UL><LI>Max Depth = 16<LI>Call Chain = CLK_MCOConfig
</UL>
<BR>[Calls]<UL><LI><a href="#[a3]">&gt;&gt;</a>&nbsp;&nbsp;&nbsp;DDL_AssertHandler
</UL>
<BR>[Called By]<UL><LI><a href="#[10e]">&gt;&gt;</a>&nbsp;&nbsp;&nbsp;SYS_Init
</UL>

<P><STRONG><a name="[d4]"></a>CLK_PLLCmd</STRONG> (Thumb, 118 bytes, Stack size 16 bytes, hc32_ll_clk.o(i.CLK_PLLCmd))
<BR><BR>[Stack]<UL><LI>Max Depth = 48<LI>Call Chain = CLK_PLLCmd &rArr; CLK_WaitStable &rArr; CLK_GetStableStatus
</UL>
<BR>[Calls]<UL><LI><a href="#[cf]">&gt;&gt;</a>&nbsp;&nbsp;&nbsp;CLK_WaitStable
<LI><a href="#[a3]">&gt;&gt;</a>&nbsp;&nbsp;&nbsp;DDL_AssertHandler
</UL>
<BR>[Called By]<UL><LI><a href="#[d5]">&gt;&gt;</a>&nbsp;&nbsp;&nbsp;CLK_PLLInit
</UL>

<P><STRONG><a name="[d5]"></a>CLK_PLLInit</STRONG> (Thumb, 374 bytes, Stack size 24 bytes, hc32_ll_clk.o(i.CLK_PLLInit))
<BR><BR>[Stack]<UL><LI>Max Depth = 72<LI>Call Chain = CLK_PLLInit &rArr; CLK_PLLCmd &rArr; CLK_WaitStable &rArr; CLK_GetStableStatus
</UL>
<BR>[Calls]<UL><LI><a href="#[a3]">&gt;&gt;</a>&nbsp;&nbsp;&nbsp;DDL_AssertHandler
<LI><a href="#[d4]">&gt;&gt;</a>&nbsp;&nbsp;&nbsp;CLK_PLLCmd
</UL>
<BR>[Called By]<UL><LI><a href="#[10e]">&gt;&gt;</a>&nbsp;&nbsp;&nbsp;SYS_Init
</UL>

<P><STRONG><a name="[110]"></a>CLK_PLLStructInit</STRONG> (Thumb, 48 bytes, Stack size 0 bytes, hc32_ll_clk.o(i.CLK_PLLStructInit))
<BR><BR>[Called By]<UL><LI><a href="#[10e]">&gt;&gt;</a>&nbsp;&nbsp;&nbsp;SYS_Init
</UL>

<P><STRONG><a name="[d6]"></a>CLK_SetClockDiv</STRONG> (Thumb, 14 bytes, Stack size 8 bytes, hc32_ll_clk.o(i.CLK_SetClockDiv))
<BR><BR>[Stack]<UL><LI>Max Depth = 56<LI>Call Chain = CLK_SetClockDiv &rArr; SetSysClockDiv &rArr; DDL_DelayUS
</UL>
<BR>[Calls]<UL><LI><a href="#[d7]">&gt;&gt;</a>&nbsp;&nbsp;&nbsp;SetSysClockDiv
<LI><a href="#[d8]">&gt;&gt;</a>&nbsp;&nbsp;&nbsp;SystemCoreClockUpdate
</UL>
<BR>[Called By]<UL><LI><a href="#[10e]">&gt;&gt;</a>&nbsp;&nbsp;&nbsp;SYS_Init
</UL>

<P><STRONG><a name="[d9]"></a>CLK_SetSysClockSrc</STRONG> (Thumb, 14 bytes, Stack size 8 bytes, hc32_ll_clk.o(i.CLK_SetSysClockSrc))
<BR><BR>[Stack]<UL><LI>Max Depth = 56<LI>Call Chain = CLK_SetSysClockSrc &rArr; SetSysClockSrc &rArr; DDL_DelayUS
</UL>
<BR>[Calls]<UL><LI><a href="#[da]">&gt;&gt;</a>&nbsp;&nbsp;&nbsp;SetSysClockSrc
<LI><a href="#[d8]">&gt;&gt;</a>&nbsp;&nbsp;&nbsp;SystemCoreClockUpdate
</UL>
<BR>[Called By]<UL><LI><a href="#[10e]">&gt;&gt;</a>&nbsp;&nbsp;&nbsp;SYS_Init
</UL>

<P><STRONG><a name="[db]"></a>CLK_XtalCmd</STRONG> (Thumb, 110 bytes, Stack size 16 bytes, hc32_ll_clk.o(i.CLK_XtalCmd))
<BR><BR>[Stack]<UL><LI>Max Depth = 48<LI>Call Chain = CLK_XtalCmd &rArr; CLK_WaitStable &rArr; CLK_GetStableStatus
</UL>
<BR>[Calls]<UL><LI><a href="#[cf]">&gt;&gt;</a>&nbsp;&nbsp;&nbsp;CLK_WaitStable
<LI><a href="#[a3]">&gt;&gt;</a>&nbsp;&nbsp;&nbsp;DDL_AssertHandler
</UL>
<BR>[Called By]<UL><LI><a href="#[dc]">&gt;&gt;</a>&nbsp;&nbsp;&nbsp;CLK_XtalInit
</UL>

<P><STRONG><a name="[dc]"></a>CLK_XtalInit</STRONG> (Thumb, 200 bytes, Stack size 16 bytes, hc32_ll_clk.o(i.CLK_XtalInit))
<BR><BR>[Stack]<UL><LI>Max Depth = 64<LI>Call Chain = CLK_XtalInit &rArr; CLK_XtalCmd &rArr; CLK_WaitStable &rArr; CLK_GetStableStatus
</UL>
<BR>[Calls]<UL><LI><a href="#[a3]">&gt;&gt;</a>&nbsp;&nbsp;&nbsp;DDL_AssertHandler
<LI><a href="#[db]">&gt;&gt;</a>&nbsp;&nbsp;&nbsp;CLK_XtalCmd
</UL>
<BR>[Called By]<UL><LI><a href="#[10e]">&gt;&gt;</a>&nbsp;&nbsp;&nbsp;SYS_Init
</UL>

<P><STRONG><a name="[10f]"></a>CLK_XtalStructInit</STRONG> (Thumb, 32 bytes, Stack size 0 bytes, hc32_ll_clk.o(i.CLK_XtalStructInit))
<BR><BR>[Called By]<UL><LI><a href="#[10e]">&gt;&gt;</a>&nbsp;&nbsp;&nbsp;SYS_Init
</UL>

<P><STRONG><a name="[a3]"></a>DDL_AssertHandler</STRONG> (Thumb, 2 bytes, Stack size 0 bytes, hc32_ll_utility.o(i.DDL_AssertHandler))
<BR><BR>[Calls]<UL><LI><a href="#[a3]">&gt;&gt;</a>&nbsp;&nbsp;&nbsp;DDL_AssertHandler
</UL>
<BR>[Called By]<UL><LI><a href="#[da]">&gt;&gt;</a>&nbsp;&nbsp;&nbsp;SetSysClockSrc
<LI><a href="#[d7]">&gt;&gt;</a>&nbsp;&nbsp;&nbsp;SetSysClockDiv
<LI><a href="#[a3]">&gt;&gt;</a>&nbsp;&nbsp;&nbsp;DDL_AssertHandler
<LI><a href="#[128]">&gt;&gt;</a>&nbsp;&nbsp;&nbsp;USART_FuncCmd
<LI><a href="#[e2]">&gt;&gt;</a>&nbsp;&nbsp;&nbsp;GPIO_Init
<LI><a href="#[cc]">&gt;&gt;</a>&nbsp;&nbsp;&nbsp;CLK_GetBusClockFreq
<LI><a href="#[e0]">&gt;&gt;</a>&nbsp;&nbsp;&nbsp;FCG_Fcg2PeriphClockCmd
<LI><a href="#[df]">&gt;&gt;</a>&nbsp;&nbsp;&nbsp;FCG_Fcg1PeriphClockCmd
<LI><a href="#[de]">&gt;&gt;</a>&nbsp;&nbsp;&nbsp;EFM_SetWaitCycle
<LI><a href="#[dc]">&gt;&gt;</a>&nbsp;&nbsp;&nbsp;CLK_XtalInit
<LI><a href="#[db]">&gt;&gt;</a>&nbsp;&nbsp;&nbsp;CLK_XtalCmd
<LI><a href="#[d5]">&gt;&gt;</a>&nbsp;&nbsp;&nbsp;CLK_PLLInit
<LI><a href="#[d4]">&gt;&gt;</a>&nbsp;&nbsp;&nbsp;CLK_PLLCmd
<LI><a href="#[d3]">&gt;&gt;</a>&nbsp;&nbsp;&nbsp;CLK_MCOConfig
<LI><a href="#[d2]">&gt;&gt;</a>&nbsp;&nbsp;&nbsp;CLK_MCOCmd
<LI><a href="#[d0]">&gt;&gt;</a>&nbsp;&nbsp;&nbsp;CLK_LrcCmd
<LI><a href="#[ce]">&gt;&gt;</a>&nbsp;&nbsp;&nbsp;CLK_HrcCmd
<LI><a href="#[cd]">&gt;&gt;</a>&nbsp;&nbsp;&nbsp;CLK_GetStableStatus
<LI><a href="#[e5]">&gt;&gt;</a>&nbsp;&nbsp;&nbsp;GPIO_SetPins
<LI><a href="#[e4]">&gt;&gt;</a>&nbsp;&nbsp;&nbsp;GPIO_SetFunc
<LI><a href="#[e3]">&gt;&gt;</a>&nbsp;&nbsp;&nbsp;GPIO_ResetPins
<LI><a href="#[c3]">&gt;&gt;</a>&nbsp;&nbsp;&nbsp;GPIO_ReadInputPins
<LI><a href="#[e1]">&gt;&gt;</a>&nbsp;&nbsp;&nbsp;GPIO_AnalogCmd
<LI><a href="#[ca]">&gt;&gt;</a>&nbsp;&nbsp;&nbsp;TMRA_Stop
<LI><a href="#[cb]">&gt;&gt;</a>&nbsp;&nbsp;&nbsp;TMRA_Start
<LI><a href="#[120]">&gt;&gt;</a>&nbsp;&nbsp;&nbsp;TMRA_SetPeriodValue
<LI><a href="#[122]">&gt;&gt;</a>&nbsp;&nbsp;&nbsp;TMRA_PWM_OutputCmd
<LI><a href="#[121]">&gt;&gt;</a>&nbsp;&nbsp;&nbsp;TMRA_PWM_Init
<LI><a href="#[11f]">&gt;&gt;</a>&nbsp;&nbsp;&nbsp;TMRA_Init
<LI><a href="#[11e]">&gt;&gt;</a>&nbsp;&nbsp;&nbsp;TMR0_Start
<LI><a href="#[11d]">&gt;&gt;</a>&nbsp;&nbsp;&nbsp;TMR0_IntCmd
<LI><a href="#[11b]">&gt;&gt;</a>&nbsp;&nbsp;&nbsp;TMR0_Init
<LI><a href="#[117]">&gt;&gt;</a>&nbsp;&nbsp;&nbsp;TMR0_ClearStatus
<LI><a href="#[12c]">&gt;&gt;</a>&nbsp;&nbsp;&nbsp;USART_WriteData
<LI><a href="#[12d]">&gt;&gt;</a>&nbsp;&nbsp;&nbsp;USART_UART_Init
<LI><a href="#[12b]">&gt;&gt;</a>&nbsp;&nbsp;&nbsp;USART_SetBaudrate
<LI><a href="#[129]">&gt;&gt;</a>&nbsp;&nbsp;&nbsp;USART_ReadData
<LI><a href="#[127]">&gt;&gt;</a>&nbsp;&nbsp;&nbsp;USART_ClearStatus
<LI><a href="#[126]">&gt;&gt;</a>&nbsp;&nbsp;&nbsp;UART_CalculateBrr
<LI><a href="#[112]">&gt;&gt;</a>&nbsp;&nbsp;&nbsp;SmartCard_CalculateBrr
<LI><a href="#[dd]">&gt;&gt;</a>&nbsp;&nbsp;&nbsp;ClockSync_CalculateBrr
<LI><a href="#[10d]">&gt;&gt;</a>&nbsp;&nbsp;&nbsp;SRAM_SetWaitCycle
<LI><a href="#[10c]">&gt;&gt;</a>&nbsp;&nbsp;&nbsp;SPI_WriteData
<LI><a href="#[10b]">&gt;&gt;</a>&nbsp;&nbsp;&nbsp;SPI_IntCmd
<LI><a href="#[10a]">&gt;&gt;</a>&nbsp;&nbsp;&nbsp;SPI_Init
<LI><a href="#[108]">&gt;&gt;</a>&nbsp;&nbsp;&nbsp;SPI_Cmd
<LI><a href="#[100]">&gt;&gt;</a>&nbsp;&nbsp;&nbsp;PWC_HighSpeedToHighPerformance
<LI><a href="#[e7]">&gt;&gt;</a>&nbsp;&nbsp;&nbsp;INTC_IrqSignIn
<LI><a href="#[c4]">&gt;&gt;</a>&nbsp;&nbsp;&nbsp;EXTINT_ClearExtIntStatus
</UL>

<P><STRONG><a name="[11c]"></a>DDL_DelayMS</STRONG> (Thumb, 54 bytes, Stack size 8 bytes, hc32_ll_utility.o(i.DDL_DelayMS))
<BR><BR>[Stack]<UL><LI>Max Depth = 8<LI>Call Chain = DDL_DelayMS
</UL>
<BR>[Called By]<UL><LI><a href="#[119]">&gt;&gt;</a>&nbsp;&nbsp;&nbsp;TMR0_Config
</UL>

<P><STRONG><a name="[d1]"></a>DDL_DelayUS</STRONG> (Thumb, 52 bytes, Stack size 8 bytes, hc32_ll_utility.o(i.DDL_DelayUS))
<BR><BR>[Stack]<UL><LI>Max Depth = 8<LI>Call Chain = DDL_DelayUS
</UL>
<BR>[Called By]<UL><LI><a href="#[da]">&gt;&gt;</a>&nbsp;&nbsp;&nbsp;SetSysClockSrc
<LI><a href="#[d7]">&gt;&gt;</a>&nbsp;&nbsp;&nbsp;SetSysClockDiv
<LI><a href="#[d0]">&gt;&gt;</a>&nbsp;&nbsp;&nbsp;CLK_LrcCmd
<LI><a href="#[100]">&gt;&gt;</a>&nbsp;&nbsp;&nbsp;PWC_HighSpeedToHighPerformance
</UL>

<P><STRONG><a name="[de]"></a>EFM_SetWaitCycle</STRONG> (Thumb, 108 bytes, Stack size 16 bytes, hc32_ll_efm.o(i.EFM_SetWaitCycle))
<BR><BR>[Stack]<UL><LI>Max Depth = 16<LI>Call Chain = EFM_SetWaitCycle
</UL>
<BR>[Calls]<UL><LI><a href="#[a3]">&gt;&gt;</a>&nbsp;&nbsp;&nbsp;DDL_AssertHandler
</UL>
<BR>[Called By]<UL><LI><a href="#[10e]">&gt;&gt;</a>&nbsp;&nbsp;&nbsp;SYS_Init
</UL>

<P><STRONG><a name="[c4]"></a>EXTINT_ClearExtIntStatus</STRONG> (Thumb, 26 bytes, Stack size 8 bytes, hc32_ll_interrupts.o(i.EXTINT_ClearExtIntStatus), UNUSED, KEPT)
<BR><BR>[Stack]<UL><LI>Max Depth = 8<LI>Call Chain = EXTINT_ClearExtIntStatus
</UL>
<BR>[Calls]<UL><LI><a href="#[a3]">&gt;&gt;</a>&nbsp;&nbsp;&nbsp;DDL_AssertHandler
</UL>
<BR>[Called By]<UL><LI><a href="#[a4]">&gt;&gt;</a>&nbsp;&nbsp;&nbsp;BSP_KEY_KEY10_IrqHandler
</UL>

<P><STRONG><a name="[df]"></a>FCG_Fcg1PeriphClockCmd</STRONG> (Thumb, 52 bytes, Stack size 16 bytes, hc32_ll_fcg.o(i.FCG_Fcg1PeriphClockCmd))
<BR><BR>[Stack]<UL><LI>Max Depth = 16<LI>Call Chain = FCG_Fcg1PeriphClockCmd
</UL>
<BR>[Calls]<UL><LI><a href="#[a3]">&gt;&gt;</a>&nbsp;&nbsp;&nbsp;DDL_AssertHandler
</UL>
<BR>[Called By]<UL><LI><a href="#[140]">&gt;&gt;</a>&nbsp;&nbsp;&nbsp;sys_uart_init
<LI><a href="#[fd]">&gt;&gt;</a>&nbsp;&nbsp;&nbsp;SPI_Config
</UL>

<P><STRONG><a name="[e0]"></a>FCG_Fcg2PeriphClockCmd</STRONG> (Thumb, 52 bytes, Stack size 16 bytes, hc32_ll_fcg.o(i.FCG_Fcg2PeriphClockCmd))
<BR><BR>[Stack]<UL><LI>Max Depth = 16<LI>Call Chain = FCG_Fcg2PeriphClockCmd
</UL>
<BR>[Calls]<UL><LI><a href="#[a3]">&gt;&gt;</a>&nbsp;&nbsp;&nbsp;DDL_AssertHandler
</UL>
<BR>[Called By]<UL><LI><a href="#[123]">&gt;&gt;</a>&nbsp;&nbsp;&nbsp;TmrA_Config
<LI><a href="#[119]">&gt;&gt;</a>&nbsp;&nbsp;&nbsp;TMR0_Config
</UL>

<P><STRONG><a name="[e1]"></a>GPIO_AnalogCmd</STRONG> (Thumb, 120 bytes, Stack size 16 bytes, hc32_ll_gpio.o(i.GPIO_AnalogCmd))
<BR><BR>[Stack]<UL><LI>Max Depth = 16<LI>Call Chain = GPIO_AnalogCmd
</UL>
<BR>[Calls]<UL><LI><a href="#[a3]">&gt;&gt;</a>&nbsp;&nbsp;&nbsp;DDL_AssertHandler
</UL>
<BR>[Called By]<UL><LI><a href="#[10e]">&gt;&gt;</a>&nbsp;&nbsp;&nbsp;SYS_Init
</UL>

<P><STRONG><a name="[e2]"></a>GPIO_Init</STRONG> (Thumb, 348 bytes, Stack size 24 bytes, hc32_ll_gpio.o(i.GPIO_Init))
<BR><BR>[Stack]<UL><LI>Max Depth = 24<LI>Call Chain = GPIO_Init
</UL>
<BR>[Calls]<UL><LI><a href="#[a3]">&gt;&gt;</a>&nbsp;&nbsp;&nbsp;DDL_AssertHandler
</UL>
<BR>[Called By]<UL><LI><a href="#[fb]">&gt;&gt;</a>&nbsp;&nbsp;&nbsp;Lcd_init
<LI><a href="#[fd]">&gt;&gt;</a>&nbsp;&nbsp;&nbsp;SPI_Config
</UL>

<P><STRONG><a name="[c3]"></a>GPIO_ReadInputPins</STRONG> (Thumb, 68 bytes, Stack size 16 bytes, hc32_ll_gpio.o(i.GPIO_ReadInputPins), UNUSED, KEPT)
<BR><BR>[Stack]<UL><LI>Max Depth = 16<LI>Call Chain = GPIO_ReadInputPins
</UL>
<BR>[Calls]<UL><LI><a href="#[a3]">&gt;&gt;</a>&nbsp;&nbsp;&nbsp;DDL_AssertHandler
</UL>
<BR>[Called By]<UL><LI><a href="#[a4]">&gt;&gt;</a>&nbsp;&nbsp;&nbsp;BSP_KEY_KEY10_IrqHandler
</UL>

<P><STRONG><a name="[e3]"></a>GPIO_ResetPins</STRONG> (Thumb, 64 bytes, Stack size 16 bytes, hc32_ll_gpio.o(i.GPIO_ResetPins))
<BR><BR>[Stack]<UL><LI>Max Depth = 16<LI>Call Chain = GPIO_ResetPins
</UL>
<BR>[Calls]<UL><LI><a href="#[a3]">&gt;&gt;</a>&nbsp;&nbsp;&nbsp;DDL_AssertHandler
</UL>
<BR>[Called By]<UL><LI><a href="#[fb]">&gt;&gt;</a>&nbsp;&nbsp;&nbsp;Lcd_init
<LI><a href="#[c1]">&gt;&gt;</a>&nbsp;&nbsp;&nbsp;TFT_send_cmd
<LI><a href="#[fe]">&gt;&gt;</a>&nbsp;&nbsp;&nbsp;TFT_init
<LI><a href="#[c2]">&gt;&gt;</a>&nbsp;&nbsp;&nbsp;SPI_SendByte
<LI><a href="#[e9]">&gt;&gt;</a>&nbsp;&nbsp;&nbsp;LCD_WR_REG
</UL>

<P><STRONG><a name="[e4]"></a>GPIO_SetFunc</STRONG> (Thumb, 132 bytes, Stack size 16 bytes, hc32_ll_gpio.o(i.GPIO_SetFunc))
<BR><BR>[Stack]<UL><LI>Max Depth = 16<LI>Call Chain = GPIO_SetFunc
</UL>
<BR>[Calls]<UL><LI><a href="#[a3]">&gt;&gt;</a>&nbsp;&nbsp;&nbsp;DDL_AssertHandler
</UL>
<BR>[Called By]<UL><LI><a href="#[140]">&gt;&gt;</a>&nbsp;&nbsp;&nbsp;sys_uart_init
<LI><a href="#[123]">&gt;&gt;</a>&nbsp;&nbsp;&nbsp;TmrA_Config
<LI><a href="#[10e]">&gt;&gt;</a>&nbsp;&nbsp;&nbsp;SYS_Init
<LI><a href="#[fd]">&gt;&gt;</a>&nbsp;&nbsp;&nbsp;SPI_Config
</UL>

<P><STRONG><a name="[e5]"></a>GPIO_SetPins</STRONG> (Thumb, 64 bytes, Stack size 16 bytes, hc32_ll_gpio.o(i.GPIO_SetPins))
<BR><BR>[Stack]<UL><LI>Max Depth = 16<LI>Call Chain = GPIO_SetPins
</UL>
<BR>[Calls]<UL><LI><a href="#[a3]">&gt;&gt;</a>&nbsp;&nbsp;&nbsp;DDL_AssertHandler
</UL>
<BR>[Called By]<UL><LI><a href="#[fb]">&gt;&gt;</a>&nbsp;&nbsp;&nbsp;Lcd_init
<LI><a href="#[c1]">&gt;&gt;</a>&nbsp;&nbsp;&nbsp;TFT_send_cmd
<LI><a href="#[c2]">&gt;&gt;</a>&nbsp;&nbsp;&nbsp;SPI_SendByte
<LI><a href="#[e9]">&gt;&gt;</a>&nbsp;&nbsp;&nbsp;LCD_WR_REG
</UL>

<P><STRONG><a name="[fc]"></a>GPIO_StructInit</STRONG> (Thumb, 34 bytes, Stack size 0 bytes, hc32_ll_gpio.o(i.GPIO_StructInit))
<BR><BR>[Called By]<UL><LI><a href="#[fb]">&gt;&gt;</a>&nbsp;&nbsp;&nbsp;Lcd_init
<LI><a href="#[fd]">&gt;&gt;</a>&nbsp;&nbsp;&nbsp;SPI_Config
</UL>

<P><STRONG><a name="[f2]"></a>HZnum_typFNT_GB12</STRONG> (Thumb, 4 bytes, Stack size 0 bytes, lcd_font.o(i.HZnum_typFNT_GB12))
<BR><BR>[Called By]<UL><LI><a href="#[ef]">&gt;&gt;</a>&nbsp;&nbsp;&nbsp;LCD_ShowChinese12x12
</UL>

<P><STRONG><a name="[f3]"></a>HZnum_typFNT_GB16</STRONG> (Thumb, 4 bytes, Stack size 0 bytes, lcd_font.o(i.HZnum_typFNT_GB16))
<BR><BR>[Called By]<UL><LI><a href="#[f0]">&gt;&gt;</a>&nbsp;&nbsp;&nbsp;LCD_ShowChinese16x16
</UL>

<P><STRONG><a name="[f4]"></a>HZnum_typFNT_GB24</STRONG> (Thumb, 4 bytes, Stack size 0 bytes, lcd_font.o(i.HZnum_typFNT_GB24))
<BR><BR>[Called By]<UL><LI><a href="#[f1]">&gt;&gt;</a>&nbsp;&nbsp;&nbsp;LCD_ShowChinese24x24
</UL>

<P><STRONG><a name="[f5]"></a>HZnum_typFNT_GB32</STRONG> (Thumb, 4 bytes, Stack size 0 bytes, lcd_font.o(i.HZnum_typFNT_GB32))
<BR><BR>[Called By]<UL><LI><a href="#[ee]">&gt;&gt;</a>&nbsp;&nbsp;&nbsp;LCD_ShowChinese32x32
</UL>

<P><STRONG><a name="[e7]"></a>INTC_IrqSignIn</STRONG> (Thumb, 132 bytes, Stack size 24 bytes, hc32_ll_interrupts.o(i.INTC_IrqSignIn))
<BR><BR>[Stack]<UL><LI>Max Depth = 24<LI>Call Chain = INTC_IrqSignIn
</UL>
<BR>[Calls]<UL><LI><a href="#[a3]">&gt;&gt;</a>&nbsp;&nbsp;&nbsp;DDL_AssertHandler
</UL>
<BR>[Called By]<UL><LI><a href="#[119]">&gt;&gt;</a>&nbsp;&nbsp;&nbsp;TMR0_Config
<LI><a href="#[e6]">&gt;&gt;</a>&nbsp;&nbsp;&nbsp;INTC_IrqInstalHandler
</UL>

<P><STRONG><a name="[a]"></a>IRQ000_Handler</STRONG> (Thumb, 14 bytes, Stack size 8 bytes, hc32_ll_interrupts.o(i.IRQ000_Handler))
<BR><BR>[Stack]<UL><LI>Max Depth = 8<LI>Call Chain = IRQ000_Handler
</UL>
<BR>[Address Reference Count : 1]<UL><LI> startup_hc32f460.o(RESET)
</UL>
<P><STRONG><a name="[b]"></a>IRQ001_Handler</STRONG> (Thumb, 14 bytes, Stack size 8 bytes, hc32_ll_interrupts.o(i.IRQ001_Handler))
<BR><BR>[Stack]<UL><LI>Max Depth = 8<LI>Call Chain = IRQ001_Handler
</UL>
<BR>[Address Reference Count : 1]<UL><LI> startup_hc32f460.o(RESET)
</UL>
<P><STRONG><a name="[c]"></a>IRQ002_Handler</STRONG> (Thumb, 14 bytes, Stack size 8 bytes, hc32_ll_interrupts.o(i.IRQ002_Handler))
<BR><BR>[Stack]<UL><LI>Max Depth = 8<LI>Call Chain = IRQ002_Handler
</UL>
<BR>[Address Reference Count : 1]<UL><LI> startup_hc32f460.o(RESET)
</UL>
<P><STRONG><a name="[d]"></a>IRQ003_Handler</STRONG> (Thumb, 14 bytes, Stack size 8 bytes, hc32_ll_interrupts.o(i.IRQ003_Handler))
<BR><BR>[Stack]<UL><LI>Max Depth = 8<LI>Call Chain = IRQ003_Handler
</UL>
<BR>[Address Reference Count : 1]<UL><LI> startup_hc32f460.o(RESET)
</UL>
<P><STRONG><a name="[e]"></a>IRQ004_Handler</STRONG> (Thumb, 14 bytes, Stack size 8 bytes, hc32_ll_interrupts.o(i.IRQ004_Handler))
<BR><BR>[Stack]<UL><LI>Max Depth = 8<LI>Call Chain = IRQ004_Handler
</UL>
<BR>[Address Reference Count : 1]<UL><LI> startup_hc32f460.o(RESET)
</UL>
<P><STRONG><a name="[f]"></a>IRQ005_Handler</STRONG> (Thumb, 14 bytes, Stack size 8 bytes, hc32_ll_interrupts.o(i.IRQ005_Handler))
<BR><BR>[Stack]<UL><LI>Max Depth = 8<LI>Call Chain = IRQ005_Handler
</UL>
<BR>[Address Reference Count : 1]<UL><LI> startup_hc32f460.o(RESET)
</UL>
<P><STRONG><a name="[10]"></a>IRQ006_Handler</STRONG> (Thumb, 14 bytes, Stack size 8 bytes, hc32_ll_interrupts.o(i.IRQ006_Handler))
<BR><BR>[Stack]<UL><LI>Max Depth = 8<LI>Call Chain = IRQ006_Handler
</UL>
<BR>[Address Reference Count : 1]<UL><LI> startup_hc32f460.o(RESET)
</UL>
<P><STRONG><a name="[11]"></a>IRQ007_Handler</STRONG> (Thumb, 14 bytes, Stack size 8 bytes, hc32_ll_interrupts.o(i.IRQ007_Handler))
<BR><BR>[Stack]<UL><LI>Max Depth = 8<LI>Call Chain = IRQ007_Handler
</UL>
<BR>[Address Reference Count : 1]<UL><LI> startup_hc32f460.o(RESET)
</UL>
<P><STRONG><a name="[12]"></a>IRQ008_Handler</STRONG> (Thumb, 14 bytes, Stack size 8 bytes, hc32_ll_interrupts.o(i.IRQ008_Handler))
<BR><BR>[Stack]<UL><LI>Max Depth = 8<LI>Call Chain = IRQ008_Handler
</UL>
<BR>[Address Reference Count : 1]<UL><LI> startup_hc32f460.o(RESET)
</UL>
<P><STRONG><a name="[13]"></a>IRQ009_Handler</STRONG> (Thumb, 14 bytes, Stack size 8 bytes, hc32_ll_interrupts.o(i.IRQ009_Handler))
<BR><BR>[Stack]<UL><LI>Max Depth = 8<LI>Call Chain = IRQ009_Handler
</UL>
<BR>[Address Reference Count : 1]<UL><LI> startup_hc32f460.o(RESET)
</UL>
<P><STRONG><a name="[14]"></a>IRQ010_Handler</STRONG> (Thumb, 14 bytes, Stack size 8 bytes, hc32_ll_interrupts.o(i.IRQ010_Handler))
<BR><BR>[Stack]<UL><LI>Max Depth = 8<LI>Call Chain = IRQ010_Handler
</UL>
<BR>[Address Reference Count : 1]<UL><LI> startup_hc32f460.o(RESET)
</UL>
<P><STRONG><a name="[15]"></a>IRQ011_Handler</STRONG> (Thumb, 14 bytes, Stack size 8 bytes, hc32_ll_interrupts.o(i.IRQ011_Handler))
<BR><BR>[Stack]<UL><LI>Max Depth = 8<LI>Call Chain = IRQ011_Handler
</UL>
<BR>[Address Reference Count : 1]<UL><LI> startup_hc32f460.o(RESET)
</UL>
<P><STRONG><a name="[16]"></a>IRQ012_Handler</STRONG> (Thumb, 14 bytes, Stack size 8 bytes, hc32_ll_interrupts.o(i.IRQ012_Handler))
<BR><BR>[Stack]<UL><LI>Max Depth = 8<LI>Call Chain = IRQ012_Handler
</UL>
<BR>[Address Reference Count : 1]<UL><LI> startup_hc32f460.o(RESET)
</UL>
<P><STRONG><a name="[17]"></a>IRQ013_Handler</STRONG> (Thumb, 14 bytes, Stack size 8 bytes, hc32_ll_interrupts.o(i.IRQ013_Handler))
<BR><BR>[Stack]<UL><LI>Max Depth = 8<LI>Call Chain = IRQ013_Handler
</UL>
<BR>[Address Reference Count : 1]<UL><LI> startup_hc32f460.o(RESET)
</UL>
<P><STRONG><a name="[18]"></a>IRQ014_Handler</STRONG> (Thumb, 14 bytes, Stack size 8 bytes, hc32_ll_interrupts.o(i.IRQ014_Handler))
<BR><BR>[Stack]<UL><LI>Max Depth = 8<LI>Call Chain = IRQ014_Handler
</UL>
<BR>[Address Reference Count : 1]<UL><LI> startup_hc32f460.o(RESET)
</UL>
<P><STRONG><a name="[19]"></a>IRQ015_Handler</STRONG> (Thumb, 14 bytes, Stack size 8 bytes, hc32_ll_interrupts.o(i.IRQ015_Handler))
<BR><BR>[Stack]<UL><LI>Max Depth = 8<LI>Call Chain = IRQ015_Handler
</UL>
<BR>[Address Reference Count : 1]<UL><LI> startup_hc32f460.o(RESET)
</UL>
<P><STRONG><a name="[1a]"></a>IRQ016_Handler</STRONG> (Thumb, 14 bytes, Stack size 8 bytes, hc32_ll_interrupts.o(i.IRQ016_Handler))
<BR><BR>[Stack]<UL><LI>Max Depth = 8<LI>Call Chain = IRQ016_Handler
</UL>
<BR>[Address Reference Count : 1]<UL><LI> startup_hc32f460.o(RESET)
</UL>
<P><STRONG><a name="[1b]"></a>IRQ017_Handler</STRONG> (Thumb, 14 bytes, Stack size 8 bytes, hc32_ll_interrupts.o(i.IRQ017_Handler))
<BR><BR>[Stack]<UL><LI>Max Depth = 8<LI>Call Chain = IRQ017_Handler
</UL>
<BR>[Address Reference Count : 1]<UL><LI> startup_hc32f460.o(RESET)
</UL>
<P><STRONG><a name="[1c]"></a>IRQ018_Handler</STRONG> (Thumb, 14 bytes, Stack size 8 bytes, hc32_ll_interrupts.o(i.IRQ018_Handler))
<BR><BR>[Stack]<UL><LI>Max Depth = 8<LI>Call Chain = IRQ018_Handler
</UL>
<BR>[Address Reference Count : 1]<UL><LI> startup_hc32f460.o(RESET)
</UL>
<P><STRONG><a name="[1d]"></a>IRQ019_Handler</STRONG> (Thumb, 14 bytes, Stack size 8 bytes, hc32_ll_interrupts.o(i.IRQ019_Handler))
<BR><BR>[Stack]<UL><LI>Max Depth = 8<LI>Call Chain = IRQ019_Handler
</UL>
<BR>[Address Reference Count : 1]<UL><LI> startup_hc32f460.o(RESET)
</UL>
<P><STRONG><a name="[1e]"></a>IRQ020_Handler</STRONG> (Thumb, 14 bytes, Stack size 8 bytes, hc32_ll_interrupts.o(i.IRQ020_Handler))
<BR><BR>[Stack]<UL><LI>Max Depth = 8<LI>Call Chain = IRQ020_Handler
</UL>
<BR>[Address Reference Count : 1]<UL><LI> startup_hc32f460.o(RESET)
</UL>
<P><STRONG><a name="[1f]"></a>IRQ021_Handler</STRONG> (Thumb, 14 bytes, Stack size 8 bytes, hc32_ll_interrupts.o(i.IRQ021_Handler))
<BR><BR>[Stack]<UL><LI>Max Depth = 8<LI>Call Chain = IRQ021_Handler
</UL>
<BR>[Address Reference Count : 1]<UL><LI> startup_hc32f460.o(RESET)
</UL>
<P><STRONG><a name="[20]"></a>IRQ022_Handler</STRONG> (Thumb, 14 bytes, Stack size 8 bytes, hc32_ll_interrupts.o(i.IRQ022_Handler))
<BR><BR>[Stack]<UL><LI>Max Depth = 8<LI>Call Chain = IRQ022_Handler
</UL>
<BR>[Address Reference Count : 1]<UL><LI> startup_hc32f460.o(RESET)
</UL>
<P><STRONG><a name="[21]"></a>IRQ023_Handler</STRONG> (Thumb, 14 bytes, Stack size 8 bytes, hc32_ll_interrupts.o(i.IRQ023_Handler))
<BR><BR>[Stack]<UL><LI>Max Depth = 8<LI>Call Chain = IRQ023_Handler
</UL>
<BR>[Address Reference Count : 1]<UL><LI> startup_hc32f460.o(RESET)
</UL>
<P><STRONG><a name="[22]"></a>IRQ024_Handler</STRONG> (Thumb, 14 bytes, Stack size 8 bytes, hc32_ll_interrupts.o(i.IRQ024_Handler))
<BR><BR>[Stack]<UL><LI>Max Depth = 8<LI>Call Chain = IRQ024_Handler
</UL>
<BR>[Address Reference Count : 1]<UL><LI> startup_hc32f460.o(RESET)
</UL>
<P><STRONG><a name="[23]"></a>IRQ025_Handler</STRONG> (Thumb, 14 bytes, Stack size 8 bytes, hc32_ll_interrupts.o(i.IRQ025_Handler))
<BR><BR>[Stack]<UL><LI>Max Depth = 8<LI>Call Chain = IRQ025_Handler
</UL>
<BR>[Address Reference Count : 1]<UL><LI> startup_hc32f460.o(RESET)
</UL>
<P><STRONG><a name="[24]"></a>IRQ026_Handler</STRONG> (Thumb, 14 bytes, Stack size 8 bytes, hc32_ll_interrupts.o(i.IRQ026_Handler))
<BR><BR>[Stack]<UL><LI>Max Depth = 8<LI>Call Chain = IRQ026_Handler
</UL>
<BR>[Address Reference Count : 1]<UL><LI> startup_hc32f460.o(RESET)
</UL>
<P><STRONG><a name="[25]"></a>IRQ027_Handler</STRONG> (Thumb, 14 bytes, Stack size 8 bytes, hc32_ll_interrupts.o(i.IRQ027_Handler))
<BR><BR>[Stack]<UL><LI>Max Depth = 8<LI>Call Chain = IRQ027_Handler
</UL>
<BR>[Address Reference Count : 1]<UL><LI> startup_hc32f460.o(RESET)
</UL>
<P><STRONG><a name="[26]"></a>IRQ028_Handler</STRONG> (Thumb, 14 bytes, Stack size 8 bytes, hc32_ll_interrupts.o(i.IRQ028_Handler))
<BR><BR>[Stack]<UL><LI>Max Depth = 8<LI>Call Chain = IRQ028_Handler
</UL>
<BR>[Address Reference Count : 1]<UL><LI> startup_hc32f460.o(RESET)
</UL>
<P><STRONG><a name="[27]"></a>IRQ029_Handler</STRONG> (Thumb, 14 bytes, Stack size 8 bytes, hc32_ll_interrupts.o(i.IRQ029_Handler))
<BR><BR>[Stack]<UL><LI>Max Depth = 8<LI>Call Chain = IRQ029_Handler
</UL>
<BR>[Address Reference Count : 1]<UL><LI> startup_hc32f460.o(RESET)
</UL>
<P><STRONG><a name="[28]"></a>IRQ030_Handler</STRONG> (Thumb, 14 bytes, Stack size 8 bytes, hc32_ll_interrupts.o(i.IRQ030_Handler))
<BR><BR>[Stack]<UL><LI>Max Depth = 8<LI>Call Chain = IRQ030_Handler
</UL>
<BR>[Address Reference Count : 1]<UL><LI> startup_hc32f460.o(RESET)
</UL>
<P><STRONG><a name="[29]"></a>IRQ031_Handler</STRONG> (Thumb, 14 bytes, Stack size 8 bytes, hc32_ll_interrupts.o(i.IRQ031_Handler))
<BR><BR>[Stack]<UL><LI>Max Depth = 8<LI>Call Chain = IRQ031_Handler
</UL>
<BR>[Address Reference Count : 1]<UL><LI> startup_hc32f460.o(RESET)
</UL>
<P><STRONG><a name="[2a]"></a>IRQ032_Handler</STRONG> (Thumb, 16 bytes, Stack size 8 bytes, hc32_ll_interrupts.o(i.IRQ032_Handler))
<BR><BR>[Stack]<UL><LI>Max Depth = 8<LI>Call Chain = IRQ032_Handler
</UL>
<BR>[Address Reference Count : 1]<UL><LI> startup_hc32f460.o(RESET)
</UL>
<P><STRONG><a name="[2b]"></a>IRQ033_Handler</STRONG> (Thumb, 16 bytes, Stack size 8 bytes, hc32_ll_interrupts.o(i.IRQ033_Handler))
<BR><BR>[Stack]<UL><LI>Max Depth = 8<LI>Call Chain = IRQ033_Handler
</UL>
<BR>[Address Reference Count : 1]<UL><LI> startup_hc32f460.o(RESET)
</UL>
<P><STRONG><a name="[2c]"></a>IRQ034_Handler</STRONG> (Thumb, 16 bytes, Stack size 8 bytes, hc32_ll_interrupts.o(i.IRQ034_Handler))
<BR><BR>[Stack]<UL><LI>Max Depth = 8<LI>Call Chain = IRQ034_Handler
</UL>
<BR>[Address Reference Count : 1]<UL><LI> startup_hc32f460.o(RESET)
</UL>
<P><STRONG><a name="[2d]"></a>IRQ035_Handler</STRONG> (Thumb, 16 bytes, Stack size 8 bytes, hc32_ll_interrupts.o(i.IRQ035_Handler))
<BR><BR>[Stack]<UL><LI>Max Depth = 8<LI>Call Chain = IRQ035_Handler
</UL>
<BR>[Address Reference Count : 1]<UL><LI> startup_hc32f460.o(RESET)
</UL>
<P><STRONG><a name="[2e]"></a>IRQ036_Handler</STRONG> (Thumb, 16 bytes, Stack size 8 bytes, hc32_ll_interrupts.o(i.IRQ036_Handler))
<BR><BR>[Stack]<UL><LI>Max Depth = 8<LI>Call Chain = IRQ036_Handler
</UL>
<BR>[Address Reference Count : 1]<UL><LI> startup_hc32f460.o(RESET)
</UL>
<P><STRONG><a name="[2f]"></a>IRQ037_Handler</STRONG> (Thumb, 16 bytes, Stack size 8 bytes, hc32_ll_interrupts.o(i.IRQ037_Handler))
<BR><BR>[Stack]<UL><LI>Max Depth = 8<LI>Call Chain = IRQ037_Handler
</UL>
<BR>[Address Reference Count : 1]<UL><LI> startup_hc32f460.o(RESET)
</UL>
<P><STRONG><a name="[30]"></a>IRQ038_Handler</STRONG> (Thumb, 16 bytes, Stack size 8 bytes, hc32_ll_interrupts.o(i.IRQ038_Handler))
<BR><BR>[Stack]<UL><LI>Max Depth = 8<LI>Call Chain = IRQ038_Handler
</UL>
<BR>[Address Reference Count : 1]<UL><LI> startup_hc32f460.o(RESET)
</UL>
<P><STRONG><a name="[31]"></a>IRQ039_Handler</STRONG> (Thumb, 16 bytes, Stack size 8 bytes, hc32_ll_interrupts.o(i.IRQ039_Handler))
<BR><BR>[Stack]<UL><LI>Max Depth = 8<LI>Call Chain = IRQ039_Handler
</UL>
<BR>[Address Reference Count : 1]<UL><LI> startup_hc32f460.o(RESET)
</UL>
<P><STRONG><a name="[32]"></a>IRQ040_Handler</STRONG> (Thumb, 16 bytes, Stack size 8 bytes, hc32_ll_interrupts.o(i.IRQ040_Handler))
<BR><BR>[Stack]<UL><LI>Max Depth = 8<LI>Call Chain = IRQ040_Handler
</UL>
<BR>[Address Reference Count : 1]<UL><LI> startup_hc32f460.o(RESET)
</UL>
<P><STRONG><a name="[33]"></a>IRQ041_Handler</STRONG> (Thumb, 16 bytes, Stack size 8 bytes, hc32_ll_interrupts.o(i.IRQ041_Handler))
<BR><BR>[Stack]<UL><LI>Max Depth = 8<LI>Call Chain = IRQ041_Handler
</UL>
<BR>[Address Reference Count : 1]<UL><LI> startup_hc32f460.o(RESET)
</UL>
<P><STRONG><a name="[34]"></a>IRQ042_Handler</STRONG> (Thumb, 16 bytes, Stack size 8 bytes, hc32_ll_interrupts.o(i.IRQ042_Handler))
<BR><BR>[Stack]<UL><LI>Max Depth = 8<LI>Call Chain = IRQ042_Handler
</UL>
<BR>[Address Reference Count : 1]<UL><LI> startup_hc32f460.o(RESET)
</UL>
<P><STRONG><a name="[35]"></a>IRQ043_Handler</STRONG> (Thumb, 16 bytes, Stack size 8 bytes, hc32_ll_interrupts.o(i.IRQ043_Handler))
<BR><BR>[Stack]<UL><LI>Max Depth = 8<LI>Call Chain = IRQ043_Handler
</UL>
<BR>[Address Reference Count : 1]<UL><LI> startup_hc32f460.o(RESET)
</UL>
<P><STRONG><a name="[36]"></a>IRQ044_Handler</STRONG> (Thumb, 16 bytes, Stack size 8 bytes, hc32_ll_interrupts.o(i.IRQ044_Handler))
<BR><BR>[Stack]<UL><LI>Max Depth = 8<LI>Call Chain = IRQ044_Handler
</UL>
<BR>[Address Reference Count : 1]<UL><LI> startup_hc32f460.o(RESET)
</UL>
<P><STRONG><a name="[37]"></a>IRQ045_Handler</STRONG> (Thumb, 16 bytes, Stack size 8 bytes, hc32_ll_interrupts.o(i.IRQ045_Handler))
<BR><BR>[Stack]<UL><LI>Max Depth = 8<LI>Call Chain = IRQ045_Handler
</UL>
<BR>[Address Reference Count : 1]<UL><LI> startup_hc32f460.o(RESET)
</UL>
<P><STRONG><a name="[38]"></a>IRQ046_Handler</STRONG> (Thumb, 16 bytes, Stack size 8 bytes, hc32_ll_interrupts.o(i.IRQ046_Handler))
<BR><BR>[Stack]<UL><LI>Max Depth = 8<LI>Call Chain = IRQ046_Handler
</UL>
<BR>[Address Reference Count : 1]<UL><LI> startup_hc32f460.o(RESET)
</UL>
<P><STRONG><a name="[39]"></a>IRQ047_Handler</STRONG> (Thumb, 16 bytes, Stack size 8 bytes, hc32_ll_interrupts.o(i.IRQ047_Handler))
<BR><BR>[Stack]<UL><LI>Max Depth = 8<LI>Call Chain = IRQ047_Handler
</UL>
<BR>[Address Reference Count : 1]<UL><LI> startup_hc32f460.o(RESET)
</UL>
<P><STRONG><a name="[3a]"></a>IRQ048_Handler</STRONG> (Thumb, 16 bytes, Stack size 8 bytes, hc32_ll_interrupts.o(i.IRQ048_Handler))
<BR><BR>[Stack]<UL><LI>Max Depth = 8<LI>Call Chain = IRQ048_Handler
</UL>
<BR>[Address Reference Count : 1]<UL><LI> startup_hc32f460.o(RESET)
</UL>
<P><STRONG><a name="[3b]"></a>IRQ049_Handler</STRONG> (Thumb, 16 bytes, Stack size 8 bytes, hc32_ll_interrupts.o(i.IRQ049_Handler))
<BR><BR>[Stack]<UL><LI>Max Depth = 8<LI>Call Chain = IRQ049_Handler
</UL>
<BR>[Address Reference Count : 1]<UL><LI> startup_hc32f460.o(RESET)
</UL>
<P><STRONG><a name="[3c]"></a>IRQ050_Handler</STRONG> (Thumb, 16 bytes, Stack size 8 bytes, hc32_ll_interrupts.o(i.IRQ050_Handler))
<BR><BR>[Stack]<UL><LI>Max Depth = 8<LI>Call Chain = IRQ050_Handler
</UL>
<BR>[Address Reference Count : 1]<UL><LI> startup_hc32f460.o(RESET)
</UL>
<P><STRONG><a name="[3d]"></a>IRQ051_Handler</STRONG> (Thumb, 16 bytes, Stack size 8 bytes, hc32_ll_interrupts.o(i.IRQ051_Handler))
<BR><BR>[Stack]<UL><LI>Max Depth = 8<LI>Call Chain = IRQ051_Handler
</UL>
<BR>[Address Reference Count : 1]<UL><LI> startup_hc32f460.o(RESET)
</UL>
<P><STRONG><a name="[3e]"></a>IRQ052_Handler</STRONG> (Thumb, 16 bytes, Stack size 8 bytes, hc32_ll_interrupts.o(i.IRQ052_Handler))
<BR><BR>[Stack]<UL><LI>Max Depth = 8<LI>Call Chain = IRQ052_Handler
</UL>
<BR>[Address Reference Count : 1]<UL><LI> startup_hc32f460.o(RESET)
</UL>
<P><STRONG><a name="[3f]"></a>IRQ053_Handler</STRONG> (Thumb, 16 bytes, Stack size 8 bytes, hc32_ll_interrupts.o(i.IRQ053_Handler))
<BR><BR>[Stack]<UL><LI>Max Depth = 8<LI>Call Chain = IRQ053_Handler
</UL>
<BR>[Address Reference Count : 1]<UL><LI> startup_hc32f460.o(RESET)
</UL>
<P><STRONG><a name="[40]"></a>IRQ054_Handler</STRONG> (Thumb, 16 bytes, Stack size 8 bytes, hc32_ll_interrupts.o(i.IRQ054_Handler))
<BR><BR>[Stack]<UL><LI>Max Depth = 8<LI>Call Chain = IRQ054_Handler
</UL>
<BR>[Address Reference Count : 1]<UL><LI> startup_hc32f460.o(RESET)
</UL>
<P><STRONG><a name="[41]"></a>IRQ055_Handler</STRONG> (Thumb, 16 bytes, Stack size 8 bytes, hc32_ll_interrupts.o(i.IRQ055_Handler))
<BR><BR>[Stack]<UL><LI>Max Depth = 8<LI>Call Chain = IRQ055_Handler
</UL>
<BR>[Address Reference Count : 1]<UL><LI> startup_hc32f460.o(RESET)
</UL>
<P><STRONG><a name="[42]"></a>IRQ056_Handler</STRONG> (Thumb, 16 bytes, Stack size 8 bytes, hc32_ll_interrupts.o(i.IRQ056_Handler))
<BR><BR>[Stack]<UL><LI>Max Depth = 8<LI>Call Chain = IRQ056_Handler
</UL>
<BR>[Address Reference Count : 1]<UL><LI> startup_hc32f460.o(RESET)
</UL>
<P><STRONG><a name="[43]"></a>IRQ057_Handler</STRONG> (Thumb, 16 bytes, Stack size 8 bytes, hc32_ll_interrupts.o(i.IRQ057_Handler))
<BR><BR>[Stack]<UL><LI>Max Depth = 8<LI>Call Chain = IRQ057_Handler
</UL>
<BR>[Address Reference Count : 1]<UL><LI> startup_hc32f460.o(RESET)
</UL>
<P><STRONG><a name="[44]"></a>IRQ058_Handler</STRONG> (Thumb, 16 bytes, Stack size 8 bytes, hc32_ll_interrupts.o(i.IRQ058_Handler))
<BR><BR>[Stack]<UL><LI>Max Depth = 8<LI>Call Chain = IRQ058_Handler
</UL>
<BR>[Address Reference Count : 1]<UL><LI> startup_hc32f460.o(RESET)
</UL>
<P><STRONG><a name="[45]"></a>IRQ059_Handler</STRONG> (Thumb, 16 bytes, Stack size 8 bytes, hc32_ll_interrupts.o(i.IRQ059_Handler))
<BR><BR>[Stack]<UL><LI>Max Depth = 8<LI>Call Chain = IRQ059_Handler
</UL>
<BR>[Address Reference Count : 1]<UL><LI> startup_hc32f460.o(RESET)
</UL>
<P><STRONG><a name="[46]"></a>IRQ060_Handler</STRONG> (Thumb, 16 bytes, Stack size 8 bytes, hc32_ll_interrupts.o(i.IRQ060_Handler))
<BR><BR>[Stack]<UL><LI>Max Depth = 8<LI>Call Chain = IRQ060_Handler
</UL>
<BR>[Address Reference Count : 1]<UL><LI> startup_hc32f460.o(RESET)
</UL>
<P><STRONG><a name="[47]"></a>IRQ061_Handler</STRONG> (Thumb, 16 bytes, Stack size 8 bytes, hc32_ll_interrupts.o(i.IRQ061_Handler))
<BR><BR>[Stack]<UL><LI>Max Depth = 8<LI>Call Chain = IRQ061_Handler
</UL>
<BR>[Address Reference Count : 1]<UL><LI> startup_hc32f460.o(RESET)
</UL>
<P><STRONG><a name="[48]"></a>IRQ062_Handler</STRONG> (Thumb, 16 bytes, Stack size 8 bytes, hc32_ll_interrupts.o(i.IRQ062_Handler))
<BR><BR>[Stack]<UL><LI>Max Depth = 8<LI>Call Chain = IRQ062_Handler
</UL>
<BR>[Address Reference Count : 1]<UL><LI> startup_hc32f460.o(RESET)
</UL>
<P><STRONG><a name="[49]"></a>IRQ063_Handler</STRONG> (Thumb, 16 bytes, Stack size 8 bytes, hc32_ll_interrupts.o(i.IRQ063_Handler))
<BR><BR>[Stack]<UL><LI>Max Depth = 8<LI>Call Chain = IRQ063_Handler
</UL>
<BR>[Address Reference Count : 1]<UL><LI> startup_hc32f460.o(RESET)
</UL>
[...]
</UL>
<BR>[Calls]<UL><LI><a href="#[138]">&gt;&gt;</a>&nbsp;&nbsp;&nbsp;show_picture
<LI><a href="#[139]">&gt;&gt;</a>&nbsp;&nbsp;&nbsp;comm_send
<LI><a href="#[c7]">&gt;&gt;</a>&nbsp;&nbsp;&nbsp;Buzzer_Task
</UL>
<BR>[Called By]<UL><LI><a href="#[9a]">&gt;&gt;</a>&nbsp;&nbsp;&nbsp;main
</UL>

<P><STRONG><a name="[118]"></a>app_timer_1ms</STRONG> (Thumb, 42 bytes, Stack size 0 bytes, app_main.o(i.app_timer_1ms))
<BR><BR>[Calls]<UL><LI><a href="#[ab]">&gt;&gt;</a>&nbsp;&nbsp;&nbsp;__aeabi_memclr
</UL>
<BR>[Called By]<UL><LI><a href="#[9d]">&gt;&gt;</a>&nbsp;&nbsp;&nbsp;TMR0_CompareIrqCallback
</UL>

<P><STRONG><a name="[13a]"></a>build_frame</STRONG> (Thumb, 40 bytes, Stack size 16 bytes, app_main.o(i.build_frame))
<BR><BR>[Stack]<UL><LI>Max Depth = 32<LI>Call Chain = build_frame &rArr; Modbus_Crc_Compute
</UL>
<BR>[Calls]<UL><LI><a href="#[13b]">&gt;&gt;</a>&nbsp;&nbsp;&nbsp;Modbus_Crc_Compute
</UL>
<BR>[Called By]<UL><LI><a href="#[139]">&gt;&gt;</a>&nbsp;&nbsp;&nbsp;comm_send
</UL>

<P><STRONG><a name="[13c]"></a>comm_cmd_handle</STRONG> (Thumb, 82 bytes, Stack size 48 bytes, app_main.o(i.comm_cmd_handle))
<BR><BR>[Stack]<UL><LI>Max Depth = 192<LI>Call Chain = comm_cmd_handle &rArr; qs_log_print &rArr; nrf_log_backend_rtt_put &rArr; SEGGER_RTT_WriteNoLock &rArr; _WriteBlocking
</UL>
<BR>[Calls]<UL><LI><a href="#[c9]">&gt;&gt;</a>&nbsp;&nbsp;&nbsp;qs_log_print
</UL>
<BR>[Called By]<UL><LI><a href="#[12a]">&gt;&gt;</a>&nbsp;&nbsp;&nbsp;comm_rev
</UL>

<P><STRONG><a name="[12a]"></a>comm_rev</STRONG> (Thumb, 114 bytes, Stack size 16 bytes, app_main.o(i.comm_rev))
<BR><BR>[Stack]<UL><LI>Max Depth = 208<LI>Call Chain = comm_rev &rArr; comm_cmd_handle &rArr; qs_log_print &rArr; nrf_log_backend_rtt_put &rArr; SEGGER_RTT_WriteNoLock &rArr; _WriteBlocking
</UL>
<BR>[Calls]<UL><LI><a href="#[13c]">&gt;&gt;</a>&nbsp;&nbsp;&nbsp;comm_cmd_handle
<LI><a href="#[13b]">&gt;&gt;</a>&nbsp;&nbsp;&nbsp;Modbus_Crc_Compute
<LI><a href="#[ab]">&gt;&gt;</a>&nbsp;&nbsp;&nbsp;__aeabi_memclr
</UL>
<BR>[Called By]<UL><LI><a href="#[a0]">&gt;&gt;</a>&nbsp;&nbsp;&nbsp;USART_RxFull_IrqCallback
</UL>

<P><STRONG><a name="[139]"></a>comm_send</STRONG> (Thumb, 88 bytes, Stack size 24 bytes, app_main.o(i.comm_send))
<BR><BR>[Stack]<UL><LI>Max Depth = 56<LI>Call Chain = comm_send &rArr; uart_send &rArr; USART_FuncCmd
</UL>
<BR>[Calls]<UL><LI><a href="#[13d]">&gt;&gt;</a>&nbsp;&nbsp;&nbsp;uart_send
<LI><a href="#[13a]">&gt;&gt;</a>&nbsp;&nbsp;&nbsp;build_frame
</UL>
<BR>[Called By]<UL><LI><a href="#[137]">&gt;&gt;</a>&nbsp;&nbsp;&nbsp;appRun
</UL>

<P><STRONG><a name="[9a]"></a>main</STRONG> (Thumb, 74 bytes, Stack size 0 bytes, main.o(i.main))
<BR><BR>[Stack]<UL><LI>Max Depth = 264<LI>Call Chain = main &rArr; sys_uart_init &rArr; USART_UART_Init &rArr; USART_SetBaudrate &rArr; SmartCard_CalculateBrr &rArr; __aeabi_ul2d &rArr; _double_epilogue &rArr; _double_round
</UL>
<BR>[Calls]<UL><LI><a href="#[140]">&gt;&gt;</a>&nbsp;&nbsp;&nbsp;sys_uart_init
<LI><a href="#[c9]">&gt;&gt;</a>&nbsp;&nbsp;&nbsp;qs_log_print
<LI><a href="#[13f]">&gt;&gt;</a>&nbsp;&nbsp;&nbsp;qs_log_init
<LI><a href="#[137]">&gt;&gt;</a>&nbsp;&nbsp;&nbsp;appRun
<LI><a href="#[123]">&gt;&gt;</a>&nbsp;&nbsp;&nbsp;TmrA_Config
<LI><a href="#[119]">&gt;&gt;</a>&nbsp;&nbsp;&nbsp;TMR0_Config
<LI><a href="#[10e]">&gt;&gt;</a>&nbsp;&nbsp;&nbsp;SYS_Init
<LI><a href="#[fb]">&gt;&gt;</a>&nbsp;&nbsp;&nbsp;Lcd_init
<LI><a href="#[f9]">&gt;&gt;</a>&nbsp;&nbsp;&nbsp;LL_PERIPH_WP
<LI><a href="#[13e]">&gt;&gt;</a>&nbsp;&nbsp;&nbsp;LL_PERIPH_WE
<LI><a href="#[cc]">&gt;&gt;</a>&nbsp;&nbsp;&nbsp;CLK_GetBusClockFreq
<LI><a href="#[d8]">&gt;&gt;</a>&nbsp;&nbsp;&nbsp;SystemCoreClockUpdate
</UL>
<BR>[Address Reference Count : 1]<UL><LI> entry9a.o(.ARM.Collect$$$$0000000B)
</UL>
<P><STRONG><a name="[f7]"></a>mypow</STRONG> (Thumb, 16 bytes, Stack size 0 bytes, gc9a01_drv.o(i.mypow))
<BR><BR>[Called By]<UL><LI><a href="#[f6]">&gt;&gt;</a>&nbsp;&nbsp;&nbsp;LCD_ShowIntNum
</UL>

<P><STRONG><a name="[141]"></a>nrf_log_backend_rtt_init</STRONG> (Thumb, 4 bytes, Stack size 0 bytes, qs_log_backend_rtt.o(i.nrf_log_backend_rtt_init))
<BR><BR>[Calls]<UL><LI><a href="#[102]">&gt;&gt;</a>&nbsp;&nbsp;&nbsp;SEGGER_RTT_Init
</UL>
<BR>[Called By]<UL><LI><a href="#[13f]">&gt;&gt;</a>&nbsp;&nbsp;&nbsp;qs_log_init
</UL>

<P><STRONG><a name="[142]"></a>nrf_log_backend_rtt_put</STRONG> (Thumb, 70 bytes, Stack size 32 bytes, qs_log_backend_rtt.o(i.nrf_log_backend_rtt_put))
<BR><BR>[Stack]<UL><LI>Max Depth = 80<LI>Call Chain = nrf_log_backend_rtt_put &rArr; SEGGER_RTT_WriteNoLock &rArr; _WriteBlocking
</UL>
<BR>[Calls]<UL><LI><a href="#[104]">&gt;&gt;</a>&nbsp;&nbsp;&nbsp;SEGGER_RTT_WriteNoLock
</UL>
<BR>[Called By]<UL><LI><a href="#[c9]">&gt;&gt;</a>&nbsp;&nbsp;&nbsp;qs_log_print
</UL>

<P><STRONG><a name="[a5]"></a>qs_log_error_handler</STRONG> (Thumb, 42 bytes, Stack size 24 bytes, qs_log.o(i.qs_log_error_handler), UNUSED, KEPT)
<BR><BR>[Stack]<UL><LI>Max Depth = 168<LI>Call Chain = qs_log_error_handler &rArr; qs_log_print &rArr; nrf_log_backend_rtt_put &rArr; SEGGER_RTT_WriteNoLock &rArr; _WriteBlocking
</UL>
<BR>[Calls]<UL><LI><a href="#[c9]">&gt;&gt;</a>&nbsp;&nbsp;&nbsp;qs_log_print
<LI><a href="#[143]">&gt;&gt;</a>&nbsp;&nbsp;&nbsp;str_get_in_str
</UL>

<P><STRONG><a name="[13f]"></a>qs_log_init</STRONG> (Thumb, 10 bytes, Stack size 8 bytes, qs_log.o(i.qs_log_init))
<BR><BR>[Stack]<UL><LI>Max Depth = 8<LI>Call Chain = qs_log_init
</UL>
<BR>[Calls]<UL><LI><a href="#[141]">&gt;&gt;</a>&nbsp;&nbsp;&nbsp;nrf_log_backend_rtt_init
</UL>
<BR>[Called By]<UL><LI><a href="#[9a]">&gt;&gt;</a>&nbsp;&nbsp;&nbsp;main
</UL>

<P><STRONG><a name="[c9]"></a>qs_log_print</STRONG> (Thumb, 116 bytes, Stack size 64 bytes, qs_log.o(i.qs_log_print))
<BR><BR>[Stack]<UL><LI>Max Depth = 144<LI>Call Chain = qs_log_print &rArr; nrf_log_backend_rtt_put &rArr; SEGGER_RTT_WriteNoLock &rArr; _WriteBlocking
</UL>
<BR>[Calls]<UL><LI><a href="#[142]">&gt;&gt;</a>&nbsp;&nbsp;&nbsp;nrf_log_backend_rtt_put
<LI><a href="#[145]">&gt;&gt;</a>&nbsp;&nbsp;&nbsp;vsnprintf
<LI><a href="#[144]">&gt;&gt;</a>&nbsp;&nbsp;&nbsp;__2snprintf
</UL>
<BR>[Called By]<UL><LI><a href="#[13c]">&gt;&gt;</a>&nbsp;&nbsp;&nbsp;comm_cmd_handle
<LI><a href="#[c7]">&gt;&gt;</a>&nbsp;&nbsp;&nbsp;Buzzer_Task
<LI><a href="#[9a]">&gt;&gt;</a>&nbsp;&nbsp;&nbsp;main
<LI><a href="#[a5]">&gt;&gt;</a>&nbsp;&nbsp;&nbsp;qs_log_error_handler
</UL>

<P><STRONG><a name="[138]"></a>show_picture</STRONG> (Thumb, 618 bytes, Stack size 48 bytes, app_main.o(i.show_picture))
<BR><BR>[Stack]<UL><LI>Max Depth = 232<LI>Call Chain = show_picture &rArr; LCD_ShowIntNum &rArr; LCD_ShowChar &rArr; LCD_DrawPoint &rArr; LCD_Address_Set &rArr; LCD_WR_REG &rArr; SPI_SendByte &rArr; GPIO_SetPins
</UL>
<BR>[Calls]<UL><LI><a href="#[f8]">&gt;&gt;</a>&nbsp;&nbsp;&nbsp;LCD_ShowString
<LI><a href="#[f6]">&gt;&gt;</a>&nbsp;&nbsp;&nbsp;LCD_ShowIntNum
<LI><a href="#[ed]">&gt;&gt;</a>&nbsp;&nbsp;&nbsp;LCD_ShowChinese
<LI><a href="#[146]">&gt;&gt;</a>&nbsp;&nbsp;&nbsp;update_background
<LI><a href="#[c5]">&gt;&gt;</a>&nbsp;&nbsp;&nbsp;Buzzer_StartTicking
</UL>
<BR>[Called By]<UL><LI><a href="#[137]">&gt;&gt;</a>&nbsp;&nbsp;&nbsp;appRun
</UL>

<P><STRONG><a name="[140]"></a>sys_uart_init</STRONG> (Thumb, 196 bytes, Stack size 64 bytes, sys_uart.o(i.sys_uart_init))
<BR><BR>[Stack]<UL><LI>Max Depth = 264<LI>Call Chain = sys_uart_init &rArr; USART_UART_Init &rArr; USART_SetBaudrate &rArr; SmartCard_CalculateBrr &rArr; __aeabi_ul2d &rArr; _double_epilogue &rArr; _double_round
</UL>
<BR>[Calls]<UL><LI><a href="#[128]">&gt;&gt;</a>&nbsp;&nbsp;&nbsp;USART_FuncCmd
<LI><a href="#[df]">&gt;&gt;</a>&nbsp;&nbsp;&nbsp;FCG_Fcg1PeriphClockCmd
<LI><a href="#[e4]">&gt;&gt;</a>&nbsp;&nbsp;&nbsp;GPIO_SetFunc
<LI><a href="#[149]">&gt;&gt;</a>&nbsp;&nbsp;&nbsp;USART_UART_StructInit
<LI><a href="#[12d]">&gt;&gt;</a>&nbsp;&nbsp;&nbsp;USART_UART_Init
<LI><a href="#[e6]">&gt;&gt;</a>&nbsp;&nbsp;&nbsp;INTC_IrqInstalHandler
<LI><a href="#[ab]">&gt;&gt;</a>&nbsp;&nbsp;&nbsp;__aeabi_memclr
</UL>
<BR>[Called By]<UL><LI><a href="#[9a]">&gt;&gt;</a>&nbsp;&nbsp;&nbsp;main
</UL>

<P><STRONG><a name="[13d]"></a>uart_send</STRONG> (Thumb, 58 bytes, Stack size 16 bytes, app_main.o(i.uart_send))
<BR><BR>[Stack]<UL><LI>Max Depth = 32<LI>Call Chain = uart_send &rArr; USART_FuncCmd
</UL>
<BR>[Calls]<UL><LI><a href="#[128]">&gt;&gt;</a>&nbsp;&nbsp;&nbsp;USART_FuncCmd
<LI><a href="#[12e]">&gt;&gt;</a>&nbsp;&nbsp;&nbsp;__aeabi_memcpy
</UL>
<BR>[Called By]<UL><LI><a href="#[139]">&gt;&gt;</a>&nbsp;&nbsp;&nbsp;comm_send
</UL>

<P><STRONG><a name="[146]"></a>update_background</STRONG> (Thumb, 66 bytes, Stack size 16 bytes, app_main.o(i.update_background))
<BR><BR>[Stack]<UL><LI>Max Depth = 96<LI>Call Chain = update_background &rArr; TFT_full &rArr; Add_set &rArr; TFT_send_cmd &rArr; SPI_SendByte &rArr; GPIO_SetPins
</UL>
<BR>[Calls]<UL><LI><a href="#[116]">&gt;&gt;</a>&nbsp;&nbsp;&nbsp;TFT_full
<LI><a href="#[101]">&gt;&gt;</a>&nbsp;&nbsp;&nbsp;Picture_display
</UL>
<BR>[Called By]<UL><LI><a href="#[138]">&gt;&gt;</a>&nbsp;&nbsp;&nbsp;show_picture
</UL>
<P>
<H3>
Local Symbols
</H3>
<P><STRONG><a name="[fa]"></a>PWC_REG_Lock</STRONG> (Thumb, 18 bytes, Stack size 0 bytes, hc32_ll.o(i.PWC_REG_Lock))
<BR><BR>[Called By]<UL><LI><a href="#[f9]">&gt;&gt;</a>&nbsp;&nbsp;&nbsp;LL_PERIPH_WP
</UL>

<P><STRONG><a name="[cf]"></a>CLK_WaitStable</STRONG> (Thumb, 44 bytes, Stack size 24 bytes, hc32_ll_clk.o(i.CLK_WaitStable))
<BR><BR>[Stack]<UL><LI>Max Depth = 32<LI>Call Chain = CLK_WaitStable &rArr; CLK_GetStableStatus
</UL>
<BR>[Calls]<UL><LI><a href="#[cd]">&gt;&gt;</a>&nbsp;&nbsp;&nbsp;CLK_GetStableStatus
</UL>
<BR>[Called By]<UL><LI><a href="#[db]">&gt;&gt;</a>&nbsp;&nbsp;&nbsp;CLK_XtalCmd
<LI><a href="#[d4]">&gt;&gt;</a>&nbsp;&nbsp;&nbsp;CLK_PLLCmd
<LI><a href="#[ce]">&gt;&gt;</a>&nbsp;&nbsp;&nbsp;CLK_HrcCmd
</UL>

<P><STRONG><a name="[d7]"></a>SetSysClockDiv</STRONG> (Thumb, 476 bytes, Stack size 40 bytes, hc32_ll_clk.o(i.SetSysClockDiv))
<BR><BR>[Stack]<UL><LI>Max Depth = 48<LI>Call Chain = SetSysClockDiv &rArr; DDL_DelayUS
</UL>
<BR>[Calls]<UL><LI><a href="#[a3]">&gt;&gt;</a>&nbsp;&nbsp;&nbsp;DDL_AssertHandler
<LI><a href="#[d1]">&gt;&gt;</a>&nbsp;&nbsp;&nbsp;DDL_DelayUS
</UL>
<BR>[Called By]<UL><LI><a href="#[d6]">&gt;&gt;</a>&nbsp;&nbsp;&nbsp;CLK_SetClockDiv
</UL>

<P><STRONG><a name="[da]"></a>SetSysClockSrc</STRONG> (Thumb, 178 bytes, Stack size 40 bytes, hc32_ll_clk.o(i.SetSysClockSrc))
<BR><BR>[Stack]<UL><LI>Max Depth = 48<LI>Call Chain = SetSysClockSrc &rArr; DDL_DelayUS
</UL>
<BR>[Calls]<UL><LI><a href="#[a3]">&gt;&gt;</a>&nbsp;&nbsp;&nbsp;DDL_AssertHandler
<LI><a href="#[d1]">&gt;&gt;</a>&nbsp;&nbsp;&nbsp;DDL_DelayUS
</UL>
<BR>[Called By]<UL><LI><a href="#[d9]">&gt;&gt;</a>&nbsp;&nbsp;&nbsp;CLK_SetSysClockSrc
</UL>

<P><STRONG><a name="[dd]"></a>ClockSync_CalculateBrr</STRONG> (Thumb, 304 bytes, Stack size 40 bytes, hc32_ll_usart.o(i.ClockSync_CalculateBrr))
<BR><BR>[Stack]<UL><LI>Max Depth = 96<LI>Call Chain = ClockSync_CalculateBrr &rArr; __aeabi_ul2d &rArr; _double_epilogue &rArr; _double_round
</UL>
<BR>[Calls]<UL><LI><a href="#[a3]">&gt;&gt;</a>&nbsp;&nbsp;&nbsp;DDL_AssertHandler
<LI><a href="#[b0]">&gt;&gt;</a>&nbsp;&nbsp;&nbsp;__aeabi_ul2d
<LI><a href="#[ae]">&gt;&gt;</a>&nbsp;&nbsp;&nbsp;__aeabi_ui2d
<LI><a href="#[b4]">&gt;&gt;</a>&nbsp;&nbsp;&nbsp;__aeabi_fsub
<LI><a href="#[b6]">&gt;&gt;</a>&nbsp;&nbsp;&nbsp;__aeabi_ddiv
<LI><a href="#[b8]">&gt;&gt;</a>&nbsp;&nbsp;&nbsp;__aeabi_d2f
<LI><a href="#[a8]">&gt;&gt;</a>&nbsp;&nbsp;&nbsp;__aeabi_uldivmod
</UL>
<BR>[Called By]<UL><LI><a href="#[12b]">&gt;&gt;</a>&nbsp;&nbsp;&nbsp;USART_SetBaudrate
</UL>

<P><STRONG><a name="[112]"></a>SmartCard_CalculateBrr</STRONG> (Thumb, 404 bytes, Stack size 64 bytes, hc32_ll_usart.o(i.SmartCard_CalculateBrr))
<BR><BR>[Stack]<UL><LI>Max Depth = 120<LI>Call Chain = SmartCard_CalculateBrr &rArr; __aeabi_ul2d &rArr; _double_epilogue &rArr; _double_round
</UL>
<BR>[Calls]<UL><LI><a href="#[a3]">&gt;&gt;</a>&nbsp;&nbsp;&nbsp;DDL_AssertHandler
<LI><a href="#[b0]">&gt;&gt;</a>&nbsp;&nbsp;&nbsp;__aeabi_ul2d
<LI><a href="#[ae]">&gt;&gt;</a>&nbsp;&nbsp;&nbsp;__aeabi_ui2d
<LI><a href="#[b4]">&gt;&gt;</a>&nbsp;&nbsp;&nbsp;__aeabi_fsub
<LI><a href="#[b6]">&gt;&gt;</a>&nbsp;&nbsp;&nbsp;__aeabi_ddiv
<LI><a href="#[b8]">&gt;&gt;</a>&nbsp;&nbsp;&nbsp;__aeabi_d2f
<LI><a href="#[a8]">&gt;&gt;</a>&nbsp;&nbsp;&nbsp;__aeabi_uldivmod
</UL>
<BR>[Called By]<UL><LI><a href="#[12b]">&gt;&gt;</a>&nbsp;&nbsp;&nbsp;USART_SetBaudrate
</UL>

<P><STRONG><a name="[126]"></a>UART_CalculateBrr</STRONG> (Thumb, 366 bytes, Stack size 48 bytes, hc32_ll_usart.o(i.UART_CalculateBrr))
<BR><BR>[Stack]<UL><LI>Max Depth = 104<LI>Call Chain = UART_CalculateBrr &rArr; __aeabi_ul2d &rArr; _double_epilogue &rArr; _double_round
</UL>
<BR>[Calls]<UL><LI><a href="#[a3]">&gt;&gt;</a>&nbsp;&nbsp;&nbsp;DDL_AssertHandler
<LI><a href="#[b0]">&gt;&gt;</a>&nbsp;&nbsp;&nbsp;__aeabi_ul2d
<LI><a href="#[ae]">&gt;&gt;</a>&nbsp;&nbsp;&nbsp;__aeabi_ui2d
<LI><a href="#[b4]">&gt;&gt;</a>&nbsp;&nbsp;&nbsp;__aeabi_fsub
<LI><a href="#[b6]">&gt;&gt;</a>&nbsp;&nbsp;&nbsp;__aeabi_ddiv
<LI><a href="#[b8]">&gt;&gt;</a>&nbsp;&nbsp;&nbsp;__aeabi_d2f
<LI><a href="#[a8]">&gt;&gt;</a>&nbsp;&nbsp;&nbsp;__aeabi_uldivmod
</UL>
<BR>[Called By]<UL><LI><a href="#[12b]">&gt;&gt;</a>&nbsp;&nbsp;&nbsp;USART_SetBaudrate
</UL>

<P><STRONG><a name="[103]"></a>_DoInit</STRONG> (Thumb, 72 bytes, Stack size 0 bytes, segger_rtt.o(i._DoInit))
<BR><BR>[Called By]<UL><LI><a href="#[102]">&gt;&gt;</a>&nbsp;&nbsp;&nbsp;SEGGER_RTT_Init
</UL>

<P><STRONG><a name="[105]"></a>_GetAvailWriteSpace</STRONG> (Thumb, 22 bytes, Stack size 0 bytes, segger_rtt.o(i._GetAvailWriteSpace))
<BR><BR>[Called By]<UL><LI><a href="#[104]">&gt;&gt;</a>&nbsp;&nbsp;&nbsp;SEGGER_RTT_WriteNoLock
</UL>

<P><STRONG><a name="[107]"></a>_WriteBlocking</STRONG> (Thumb, 90 bytes, Stack size 32 bytes, segger_rtt.o(i._WriteBlocking))
<BR><BR>[Stack]<UL><LI>Max Depth = 32<LI>Call Chain = _WriteBlocking
</UL>
<BR>[Calls]<UL><LI><a href="#[12e]">&gt;&gt;</a>&nbsp;&nbsp;&nbsp;__aeabi_memcpy
</UL>
<BR>[Called By]<UL><LI><a href="#[104]">&gt;&gt;</a>&nbsp;&nbsp;&nbsp;SEGGER_RTT_WriteNoLock
</UL>

<P><STRONG><a name="[106]"></a>_WriteNoCheck</STRONG> (Thumb, 66 bytes, Stack size 24 bytes, segger_rtt.o(i._WriteNoCheck))
<BR><BR>[Stack]<UL><LI>Max Depth = 24<LI>Call Chain = _WriteNoCheck
</UL>
<BR>[Calls]<UL><LI><a href="#[12e]">&gt;&gt;</a>&nbsp;&nbsp;&nbsp;__aeabi_memcpy
</UL>
<BR>[Called By]<UL><LI><a href="#[104]">&gt;&gt;</a>&nbsp;&nbsp;&nbsp;SEGGER_RTT_WriteNoLock
</UL>

<P><STRONG><a name="[143]"></a>str_get_in_str</STRONG> (Thumb, 110 bytes, Stack size 32 bytes, qs_log.o(i.str_get_in_str), UNUSED, KEPT)
<BR><BR>[Stack]<UL><LI>Max Depth = 44<LI>Call Chain = str_get_in_str &rArr; strncmp
</UL>
<BR>[Calls]<UL><LI><a href="#[148]">&gt;&gt;</a>&nbsp;&nbsp;&nbsp;strncmp
<LI><a href="#[147]">&gt;&gt;</a>&nbsp;&nbsp;&nbsp;strlen
</UL>
<BR>[Called By]<UL><LI><a href="#[a5]">&gt;&gt;</a>&nbsp;&nbsp;&nbsp;qs_log_error_handler
</UL>

<P><STRONG><a name="[9d]"></a>TMR0_CompareIrqCallback</STRONG> (Thumb, 28 bytes, Stack size 8 bytes, sys_clock.o(i.TMR0_CompareIrqCallback))
<BR><BR>[Stack]<UL><LI>Max Depth = 24<LI>Call Chain = TMR0_CompareIrqCallback &rArr; TMR0_ClearStatus
</UL>
<BR>[Calls]<UL><LI><a href="#[118]">&gt;&gt;</a>&nbsp;&nbsp;&nbsp;app_timer_1ms
<LI><a href="#[117]">&gt;&gt;</a>&nbsp;&nbsp;&nbsp;TMR0_ClearStatus
</UL>
<BR>[Address Reference Count : 1]<UL><LI> sys_clock.o(i.TMR0_Config)
</UL>
<P><STRONG><a name="[e6]"></a>INTC_IrqInstalHandler</STRONG> (Thumb, 104 bytes, Stack size 16 bytes, sys_uart.o(i.INTC_IrqInstalHandler))
<BR><BR>[Stack]<UL><LI>Max Depth = 40<LI>Call Chain = INTC_IrqInstalHandler &rArr; INTC_IrqSignIn
</UL>
<BR>[Calls]<UL><LI><a href="#[e7]">&gt;&gt;</a>&nbsp;&nbsp;&nbsp;INTC_IrqSignIn
</UL>
<BR>[Called By]<UL><LI><a href="#[140]">&gt;&gt;</a>&nbsp;&nbsp;&nbsp;sys_uart_init
</UL>

<P><STRONG><a name="[9f]"></a>USART_RxError_IrqCallback</STRONG> (Thumb, 22 bytes, Stack size 8 bytes, sys_uart.o(i.USART_RxError_IrqCallback))
<BR><BR>[Stack]<UL><LI>Max Depth = 24<LI>Call Chain = USART_RxError_IrqCallback &rArr; USART_ClearStatus
</UL>
<BR>[Calls]<UL><LI><a href="#[129]">&gt;&gt;</a>&nbsp;&nbsp;&nbsp;USART_ReadData
<LI><a href="#[127]">&gt;&gt;</a>&nbsp;&nbsp;&nbsp;USART_ClearStatus
</UL>
<BR>[Address Reference Count : 1]<UL><LI> sys_uart.o(i.sys_uart_init)
</UL>
<P><STRONG><a name="[a0]"></a>USART_RxFull_IrqCallback</STRONG> (Thumb, 18 bytes, Stack size 8 bytes, sys_uart.o(i.USART_RxFull_IrqCallback))
<BR><BR>[Stack]<UL><LI>Max Depth = 216<LI>Call Chain = USART_RxFull_IrqCallback &rArr; comm_rev &rArr; comm_cmd_handle &rArr; qs_log_print &rArr; nrf_log_backend_rtt_put &rArr; SEGGER_RTT_WriteNoLock &rArr; _WriteBlocking
</UL>
<BR>[Calls]<UL><LI><a href="#[12a]">&gt;&gt;</a>&nbsp;&nbsp;&nbsp;comm_rev
<LI><a href="#[129]">&gt;&gt;</a>&nbsp;&nbsp;&nbsp;USART_ReadData
</UL>
<BR>[Address Reference Count : 1]<UL><LI> sys_uart.o(i.sys_uart_init)
</UL>
<P><STRONG><a name="[a2]"></a>USART_TxComplete_IrqCallback</STRONG> (Thumb, 16 bytes, Stack size 0 bytes, sys_uart.o(i.USART_TxComplete_IrqCallback))
<BR><BR>[Stack]<UL><LI>Max Depth = 16<LI>Call Chain = USART_TxComplete_IrqCallback &rArr; USART_FuncCmd
</UL>
<BR>[Calls]<UL><LI><a href="#[128]">&gt;&gt;</a>&nbsp;&nbsp;&nbsp;USART_FuncCmd
</UL>
<BR>[Address Reference Count : 1]<UL><LI> sys_uart.o(i.sys_uart_init)
</UL>
<P><STRONG><a name="[a1]"></a>USART_TxEmpty_IrqCallback</STRONG> (Thumb, 40 bytes, Stack size 0 bytes, sys_uart.o(i.USART_TxEmpty_IrqCallback))
<BR><BR>[Stack]<UL><LI>Max Depth = 16<LI>Call Chain = USART_TxEmpty_IrqCallback &rArr; USART_FuncCmd
</UL>
<BR>[Calls]<UL><LI><a href="#[128]">&gt;&gt;</a>&nbsp;&nbsp;&nbsp;USART_FuncCmd
<LI><a href="#[12c]">&gt;&gt;</a>&nbsp;&nbsp;&nbsp;USART_WriteData
</UL>
<BR>[Address Reference Count : 1]<UL><LI> sys_uart.o(i.sys_uart_init)
</UL>
<P><STRONG><a name="[132]"></a>_fp_digits</STRONG> (Thumb, 366 bytes, Stack size 64 bytes, printfa.o(i._fp_digits), UNUSED)
<BR><BR>[Calls]<UL><LI><a href="#[b6]">&gt;&gt;</a>&nbsp;&nbsp;&nbsp;__aeabi_ddiv
<LI><a href="#[bd]">&gt;&gt;</a>&nbsp;&nbsp;&nbsp;__aeabi_dmul
<LI><a href="#[b9]">&gt;&gt;</a>&nbsp;&nbsp;&nbsp;__aeabi_dadd
<LI><a href="#[be]">&gt;&gt;</a>&nbsp;&nbsp;&nbsp;__aeabi_d2ulz
<LI><a href="#[133]">&gt;&gt;</a>&nbsp;&nbsp;&nbsp;__aeabi_cdrcmple
<LI><a href="#[a8]">&gt;&gt;</a>&nbsp;&nbsp;&nbsp;__aeabi_uldivmod
</UL>
<BR>[Called By]<UL><LI><a href="#[130]">&gt;&gt;</a>&nbsp;&nbsp;&nbsp;_printf_core
</UL>

<P><STRONG><a name="[130]"></a>_printf_core</STRONG> (Thumb, 1744 bytes, Stack size 136 bytes, printfa.o(i._printf_core), UNUSED)
<BR><BR>[Calls]<UL><LI><a href="#[136]">&gt;&gt;</a>&nbsp;&nbsp;&nbsp;__aeabi_uidivmod
<LI><a href="#[134]">&gt;&gt;</a>&nbsp;&nbsp;&nbsp;_printf_pre_padding
<LI><a href="#[135]">&gt;&gt;</a>&nbsp;&nbsp;&nbsp;_printf_post_padding
<LI><a href="#[132]">&gt;&gt;</a>&nbsp;&nbsp;&nbsp;_fp_digits
<LI><a href="#[a8]">&gt;&gt;</a>&nbsp;&nbsp;&nbsp;__aeabi_uldivmod
</UL>
<BR>[Called By]<UL><LI><a href="#[131]">&gt;&gt;</a>&nbsp;&nbsp;&nbsp;__0vsnprintf
<LI><a href="#[12f]">&gt;&gt;</a>&nbsp;&nbsp;&nbsp;__0snprintf
</UL>

<P><STRONG><a name="[135]"></a>_printf_post_padding</STRONG> (Thumb, 36 bytes, Stack size 24 bytes, printfa.o(i._printf_post_padding), UNUSED)
<BR><BR>[Called By]<UL><LI><a href="#[130]">&gt;&gt;</a>&nbsp;&nbsp;&nbsp;_printf_core
</UL>

<P><STRONG><a name="[134]"></a>_printf_pre_padding</STRONG> (Thumb, 46 bytes, Stack size 24 bytes, printfa.o(i._printf_pre_padding), UNUSED)
<BR><BR>[Called By]<UL><LI><a href="#[130]">&gt;&gt;</a>&nbsp;&nbsp;&nbsp;_printf_core
</UL>

<P><STRONG><a name="[9e]"></a>_snputc</STRONG> (Thumb, 22 bytes, Stack size 0 bytes, printfa.o(i._snputc))
<BR>[Address Reference Count : 2]<UL><LI> printfa.o(i.__0vsnprintf)
<LI> printfa.o(i.__0snprintf)
</UL><P>
<H3>
Undefined Global Symbols
</H3><HR></body></html>
