<html>
<body>
<pre>
<h1>µVision Build Log</h1>
<h2>Tool Versions:</h2>
IDE-Version: ¦ÌVision V5.24.2.0
Copyright (C) 2017 ARM Ltd and ARM Germany GmbH. All rights reserved.
License Information: x f, f, LIC=LSNXV-P1625-Y82FK-ZV0VA-YWSZV-XJ21V
 
Tool Versions:
Toolchain:       MDK-ARM Plus  Version: 5.24.1
Toolchain Path:  D:\soft\keilMDK\ARM\ARMCC\Bin
C Compiler:      Armcc.exe V5.06 update 5 (build 528)
Assembler:       Armasm.exe V5.06 update 5 (build 528)
Linker/Locator:  ArmLink.exe V5.06 update 5 (build 528)
Library Manager: ArmAr.exe V5.06 update 5 (build 528)
Hex Converter:   FromElf.exe V5.06 update 5 (build 528)
CPU DLL:         SARMCM3.DLL V5.24.1
Dialog DLL:      DCM.DLL V1.16.0.0
Target DLL:      Segger\JL2CM3.dll V2.99.26.0
Dialog DLL:      TCM.DLL V1.32.0.0
 
<h2>Project:</h2>
D:\soft\vscode\git\HC32F460_DDL_Rev3.3.0-bclcd\projects\ev_hc32f460_lqfp100_v2\examples\usart\usart_uart_int\MDK\usart_uart_int.uvprojx
Project File Date:  06/11/2025

<h2>Output:</h2>
*** Using Compiler 'V5.06 update 5 (build 528)', folder: 'D:\soft\keilMDK\ARM\ARMCC\Bin'
Rebuild target 'usart_uart_int_Debug'
assembling startup_hc32f460.s...
compiling g.c...
compiling system_hc32f460.c...
compiling ring_buf.c...
compiling main.c...
compiling hc32_ll_aos.c...
compiling hc32_ll_fcm.c...
compiling hc32_ll_fcg.c...
compiling app_main.c...
compiling hc32_ll.c...
compiling hc32_ll_dma.c...
compiling hc32_ll_efm.c...
compiling hc32_ll_clk.c...
compiling hc32_ll_icg.c...
compiling hc32_ll_gpio.c...
compiling SEGGER_RTT_Syscalls_KEIL.c...
compiling SEGGER_RTT_printf.c...
compiling SEGGER_RTT.c...
compiling hc32_ll_keyscan.c...
compiling hc32_ll_sram.c...
compiling hc32_ll_spi.c...
compiling hc32_ll_interrupts.c...
compiling hc32_ll_utility.c...
compiling hc32_ll_tmr0.c...
compiling hc32_ll_pwc.c...
compiling ev_hc32f460_lqfp100_v2.c...
compiling hc32_ll_tmra.c...
compiling hc32_ll_usart.c...
compiling qs_log.c...
compiling qs_log_backend_rtt.c...
compiling lcd_font.c...
compiling sys_tmra.c...
compiling sys_clock.c...
compiling sys_uart.c...
compiling bsp_spi.c...
compiling lcd_pic.c...
compiling GC9a01_drv.c...
linking...
Program Size: Code=25984 RO-data=480384 RW-data=564 ZI-data=9620  
FromELF: creating hex file...
".\output\debug\usart_uart_int.axf" - 0 Error(s), 0 Warning(s).

<h2>Software Packages used:</h2>

Package Vendor: HDSC
                https://raw.githubusercontent.com/hdscmcu/pack/master/HDSC.HC32F460.1.0.11.pack
                HDSC.HC32F460.1.0.11
                HC32F460 ARM Cortex-M4 Device Family Pack

<h2>Collection of Component include folders:</h2>
  .\RTE\_usart_uart_int_Debug
  D:\soft\keilMDK\ARM\PACK\HDSC\HC32F460\1.0.11\Device\Include

<h2>Collection of Component Files used:</h2>
Build Time Elapsed:  00:00:05
</pre>
</body>
</html>
